Archive member included to satisfy reference by file (symbol)

/usr/lib/gcc/arm-none-eabi/10.3.1/thumb/v6-m/nofp/libgcc.a(_dvmd_tls.o)
                              CMakeFiles/arithmetic-logic.dir/home/geo/pico/pico-sdk/src/rp2_common/pico_divider/divider.S.obj (__aeabi_idiv0)
/usr/lib/gcc/arm-none-eabi/10.3.1/../../../arm-none-eabi/lib/thumb/v6-m/nofp/libg.a(lib_a-atexit.o)
                              /usr/lib/gcc/arm-none-eabi/10.3.1/../../../arm-none-eabi/lib/thumb/v6-m/nofp/crt0.o (atexit)
/usr/lib/gcc/arm-none-eabi/10.3.1/../../../arm-none-eabi/lib/thumb/v6-m/nofp/libg.a(lib_a-calloc.o)
                              CMakeFiles/arithmetic-logic.dir/home/geo/pico/pico-sdk/src/rp2_common/pico_malloc/pico_malloc.c.obj (calloc)
/usr/lib/gcc/arm-none-eabi/10.3.1/../../../arm-none-eabi/lib/thumb/v6-m/nofp/libg.a(lib_a-callocr.o)
                              /usr/lib/gcc/arm-none-eabi/10.3.1/../../../arm-none-eabi/lib/thumb/v6-m/nofp/libg.a(lib_a-calloc.o) (_calloc_r)
/usr/lib/gcc/arm-none-eabi/10.3.1/../../../arm-none-eabi/lib/thumb/v6-m/nofp/libg.a(lib_a-fini.o)
                              /usr/lib/gcc/arm-none-eabi/10.3.1/../../../arm-none-eabi/lib/thumb/v6-m/nofp/crt0.o (__libc_fini_array)
/usr/lib/gcc/arm-none-eabi/10.3.1/../../../arm-none-eabi/lib/thumb/v6-m/nofp/libg.a(lib_a-impure.o)
                              /usr/lib/gcc/arm-none-eabi/10.3.1/../../../arm-none-eabi/lib/thumb/v6-m/nofp/libg.a(lib_a-calloc.o) (_impure_ptr)
/usr/lib/gcc/arm-none-eabi/10.3.1/../../../arm-none-eabi/lib/thumb/v6-m/nofp/libg.a(lib_a-init.o)
                              /usr/lib/gcc/arm-none-eabi/10.3.1/../../../arm-none-eabi/lib/thumb/v6-m/nofp/crt0.o (__libc_init_array)
/usr/lib/gcc/arm-none-eabi/10.3.1/../../../arm-none-eabi/lib/thumb/v6-m/nofp/libg.a(lib_a-malloc.o)
                              CMakeFiles/arithmetic-logic.dir/home/geo/pico/pico-sdk/src/rp2_common/pico_malloc/pico_malloc.c.obj (malloc)
/usr/lib/gcc/arm-none-eabi/10.3.1/../../../arm-none-eabi/lib/thumb/v6-m/nofp/libg.a(lib_a-mallocr.o)
                              /usr/lib/gcc/arm-none-eabi/10.3.1/../../../arm-none-eabi/lib/thumb/v6-m/nofp/libg.a(lib_a-callocr.o) (_malloc_r)
/usr/lib/gcc/arm-none-eabi/10.3.1/../../../arm-none-eabi/lib/thumb/v6-m/nofp/libg.a(lib_a-mlock.o)
                              /usr/lib/gcc/arm-none-eabi/10.3.1/../../../arm-none-eabi/lib/thumb/v6-m/nofp/libg.a(lib_a-mallocr.o) (__malloc_lock)
/usr/lib/gcc/arm-none-eabi/10.3.1/../../../arm-none-eabi/lib/thumb/v6-m/nofp/libg.a(lib_a-realloc.o)
                              CMakeFiles/arithmetic-logic.dir/home/geo/pico/pico-sdk/src/rp2_common/pico_malloc/pico_malloc.c.obj (realloc)
/usr/lib/gcc/arm-none-eabi/10.3.1/../../../arm-none-eabi/lib/thumb/v6-m/nofp/libg.a(lib_a-reallocr.o)
                              /usr/lib/gcc/arm-none-eabi/10.3.1/../../../arm-none-eabi/lib/thumb/v6-m/nofp/libg.a(lib_a-realloc.o) (_realloc_r)
/usr/lib/gcc/arm-none-eabi/10.3.1/../../../arm-none-eabi/lib/thumb/v6-m/nofp/libg.a(lib_a-sbrkr.o)
                              /usr/lib/gcc/arm-none-eabi/10.3.1/../../../arm-none-eabi/lib/thumb/v6-m/nofp/libg.a(lib_a-mallocr.o) (_sbrk_r)
/usr/lib/gcc/arm-none-eabi/10.3.1/../../../arm-none-eabi/lib/thumb/v6-m/nofp/libg.a(lib_a-strlen-stub.o)
                              CMakeFiles/arithmetic-logic.dir/home/geo/pico/pico-sdk/src/rp2_common/pico_stdio/stdio.c.obj (strlen)
/usr/lib/gcc/arm-none-eabi/10.3.1/../../../arm-none-eabi/lib/thumb/v6-m/nofp/libg.a(lib_a-__atexit.o)
                              /usr/lib/gcc/arm-none-eabi/10.3.1/../../../arm-none-eabi/lib/thumb/v6-m/nofp/libg.a(lib_a-atexit.o) (__register_exitproc)
/usr/lib/gcc/arm-none-eabi/10.3.1/../../../arm-none-eabi/lib/thumb/v6-m/nofp/libg.a(lib_a-freer.o)
                              /usr/lib/gcc/arm-none-eabi/10.3.1/../../../arm-none-eabi/lib/thumb/v6-m/nofp/libg.a(lib_a-malloc.o) (_free_r)
/usr/lib/gcc/arm-none-eabi/10.3.1/../../../arm-none-eabi/lib/thumb/v6-m/nofp/libg.a(lib_a-memmove.o)
                              /usr/lib/gcc/arm-none-eabi/10.3.1/../../../arm-none-eabi/lib/thumb/v6-m/nofp/libg.a(lib_a-reallocr.o) (memmove)
/usr/lib/gcc/arm-none-eabi/10.3.1/../../../arm-none-eabi/lib/thumb/v6-m/nofp/libg.a(lib_a-reent.o)
                              /usr/lib/gcc/arm-none-eabi/10.3.1/../../../arm-none-eabi/lib/thumb/v6-m/nofp/libg.a(lib_a-sbrkr.o) (errno)

Discarded input sections

 .text          0x0000000000000000        0x0 /usr/lib/gcc/arm-none-eabi/10.3.1/thumb/v6-m/nofp/crti.o
 .data          0x0000000000000000        0x0 /usr/lib/gcc/arm-none-eabi/10.3.1/thumb/v6-m/nofp/crti.o
 .bss           0x0000000000000000        0x0 /usr/lib/gcc/arm-none-eabi/10.3.1/thumb/v6-m/nofp/crti.o
 .data          0x0000000000000000        0x4 /usr/lib/gcc/arm-none-eabi/10.3.1/thumb/v6-m/nofp/crtbegin.o
 .rodata        0x0000000000000000       0x24 /usr/lib/gcc/arm-none-eabi/10.3.1/thumb/v6-m/nofp/crtbegin.o
[...]
Memory Configuration

Name             Origin             Length             Attributes
FLASH            0x0000000010000000 0x0000000000200000 xr
RAM              0x0000000020000000 0x0000000000040000 xrw
SCRATCH_X        0x0000000020040000 0x0000000000001000 xrw
SCRATCH_Y        0x0000000020041000 0x0000000000001000 xrw
*default*        0x0000000000000000 0xffffffffffffffff

Linker script and memory map

LOAD /usr/lib/gcc/arm-none-eabi/10.3.1/thumb/v6-m/nofp/crti.o
LOAD /usr/lib/gcc/arm-none-eabi/10.3.1/thumb/v6-m/nofp/crtbegin.o
LOAD /usr/lib/gcc/arm-none-eabi/10.3.1/../../../arm-none-eabi/lib/thumb/v6-m/nofp/crt0.o

.flash_begin    0x0000000010000000        0x0
                0x0000000010000000                __flash_binary_start = .

.boot2          0x0000000010000000      0x100
                0x0000000010000000                __boot2_start__ = .
 *(.boot2)
 .boot2         0x0000000010000000      0x100 /tmp/ccGoEsuh.o
                0x0000000010000100                __boot2_end__ = .
                0x0000000000000001                ASSERT (((__boot2_end__ - __boot2_start__) == 0x100), ERROR: Pico second stage bootloader must be 256 bytes in size)

.text           0x0000000010000100     0x67f8
                0x0000000010000100                __logical_binary_start = .
 *(.vectors)
 .vectors       0x0000000010000100       0xd4 CMakeFiles/arithmetic-logic.dir/home/geo/pico/pico-sdk/src/rp2_common/pico_standard_link/crt0.S.obj
                0x0000000010000100                __vectors
                0x0000000010000100                __VECTOR_TABLE
                0x00000000100001c0                isr_invalid
                0x00000000100001c0                __default_isrs_start
                0x00000000100001c2                isr_nmi
                0x00000000100001c4                isr_hardfault
                0x00000000100001c6                isr_svcall
                0x00000000100001c8                isr_pendsv
                0x00000000100001ca                isr_systick
                0x00000000100001cc                isr_irq30
                0x00000000100001cc                __unhandled_user_irq
                0x00000000100001cc                isr_irq13
                0x00000000100001cc                isr_irq27
                0x00000000100001cc                isr_irq31
                0x00000000100001cc                isr_irq5
                0x00000000100001cc                isr_irq11
                0x00000000100001cc                isr_irq23
                0x00000000100001cc                isr_irq18
                0x00000000100001cc                isr_irq28
                0x00000000100001cc                isr_irq19
                0x00000000100001cc                isr_irq0
                0x00000000100001cc                isr_irq6
                0x00000000100001cc                isr_irq22
                0x00000000100001cc                isr_irq17
                0x00000000100001cc                isr_irq14
                0x00000000100001cc                isr_irq2
                0x00000000100001cc                isr_irq10
                0x00000000100001cc                isr_irq8
                0x00000000100001cc                isr_irq24
                0x00000000100001cc                isr_irq1
                0x00000000100001cc                isr_irq7
                0x00000000100001cc                isr_irq21
                0x00000000100001cc                isr_irq20
                0x00000000100001cc                isr_irq15
                0x00000000100001cc                isr_irq25
                0x00000000100001cc                isr_irq4
                0x00000000100001cc                isr_irq16
                0x00000000100001cc                isr_irq29
                0x00000000100001cc                isr_irq26
                0x00000000100001cc                __default_isrs_end
                0x00000000100001cc                isr_irq3
                0x00000000100001cc                isr_irq12
                0x00000000100001cc                isr_irq9
                0x00000000100001d2                unhandled_user_irq_num_in_r0
 *(.binary_info_header)
 .binary_info_header
                0x00000000100001d4       0x14 CMakeFiles/arithmetic-logic.dir/home/geo/pico/pico-sdk/src/rp2_common/pico_standard_link/crt0.S.obj
                0x00000000100001e8                __binary_info_header_end = .
 *(.reset)
 .reset         0x00000000100001e8       0xa0 CMakeFiles/arithmetic-logic.dir/home/geo/pico/pico-sdk/src/rp2_common/pico_standard_link/crt0.S.obj
                0x00000000100001e8                _entry_point
 .reset         0x0000000010000288       0x30 CMakeFiles/arithmetic-logic.dir/home/geo/pico/pico-sdk/src/rp2_common/pico_standard_link/binary_info.c.obj
 *(.init)
 .init          0x00000000100002b8        0x4 /usr/lib/gcc/arm-none-eabi/10.3.1/thumb/v6-m/nofp/crti.o
                0x00000000100002b8                _init
 *(EXCLUDE_FILE(*libm.a: *libc.a:*lib_a-mem*.o *libgcc.a:) .text*)
 .text          0x00000000100002bc       0x98 /usr/lib/gcc/arm-none-eabi/10.3.1/thumb/v6-m/nofp/crtbegin.o
 *fill*         0x0000000010000354        0xc 
 .text          0x0000000010000360       0xf0 CMakeFiles/arithmetic-logic.dir/arithmetic-logic.S.obj
                0x0000000010000360                main
 .text.gpio_set_direction
                0x0000000010000450       0x18 CMakeFiles/arithmetic-logic.dir/__/common/sdk_inlines.c.obj
                0x0000000010000450                gpio_set_direction
 .text.gpio_set_state
                0x0000000010000468       0x18 CMakeFiles/arithmetic-logic.dir/__/common/sdk_inlines.c.obj
                0x0000000010000468                gpio_set_state
 .text.gpio_set_function
                0x0000000010000480       0x30 CMakeFiles/arithmetic-logic.dir/home/geo/pico/pico-sdk/src/rp2_common/hardware_gpio/gpio.c.obj
                0x0000000010000480                gpio_set_function
 .text.gpio_init
                0x00000000100004b0       0x16 CMakeFiles/arithmetic-logic.dir/home/geo/pico/pico-sdk/src/rp2_common/hardware_gpio/gpio.c.obj
                0x00000000100004b0                gpio_init
 *fill*         0x00000000100004c6        0x2 
 .text.running_on_fpga
                0x00000000100004c8       0x14 CMakeFiles/arithmetic-logic.dir/home/geo/pico/pico-sdk/src/rp2_common/pico_platform/platform.c.obj
                0x00000000100004c8                running_on_fpga
 .text.hw_claim_lock
                0x00000000100004dc       0x18 CMakeFiles/arithmetic-logic.dir/home/geo/pico/pico-sdk/src/rp2_common/hardware_claim/claim.c.obj
                0x00000000100004dc                hw_claim_lock
 .text.hw_claim_unlock
                0x00000000100004f4       0x14 CMakeFiles/arithmetic-logic.dir/home/geo/pico/pico-sdk/src/rp2_common/hardware_claim/claim.c.obj
                0x00000000100004f4                hw_claim_unlock
 .text.hw_claim_or_assert
                0x0000000010000508       0x32 CMakeFiles/arithmetic-logic.dir/home/geo/pico/pico-sdk/src/rp2_common/hardware_claim/claim.c.obj
                0x0000000010000508                hw_claim_or_assert
 .text.hw_claim_unused_from_range
                0x000000001000053a       0x50 CMakeFiles/arithmetic-logic.dir/home/geo/pico/pico-sdk/src/rp2_common/hardware_claim/claim.c.obj
                0x000000001000053a                hw_claim_unused_from_range
 *fill*         0x000000001000058a        0x2 
 .text.spin_locks_reset
                0x000000001000058c       0x20 CMakeFiles/arithmetic-logic.dir/home/geo/pico/pico-sdk/src/rp2_common/hardware_sync/sync.c.obj
                0x000000001000058c                spin_locks_reset
 .text.next_striped_spin_lock_num
                0x00000000100005ac       0x1c CMakeFiles/arithmetic-logic.dir/home/geo/pico/pico-sdk/src/rp2_common/hardware_sync/sync.c.obj
                0x00000000100005ac                next_striped_spin_lock_num
 .text.spin_lock_claim_unused
                0x00000000100005c8       0x20 CMakeFiles/arithmetic-logic.dir/home/geo/pico/pico-sdk/src/rp2_common/hardware_sync/sync.c.obj
                0x00000000100005c8                spin_lock_claim_unused
 .text.set_raw_irq_handler_and_unlock
                0x00000000100005e8       0x28 CMakeFiles/arithmetic-logic.dir/home/geo/pico/pico-sdk/src/rp2_common/hardware_irq/irq.c.obj
 .text.make_branch
                0x0000000010000610       0x48 CMakeFiles/arithmetic-logic.dir/home/geo/pico/pico-sdk/src/rp2_common/hardware_irq/irq.c.obj
 .text.insert_branch_and_link
                0x0000000010000658       0x40 CMakeFiles/arithmetic-logic.dir/home/geo/pico/pico-sdk/src/rp2_common/hardware_irq/irq.c.obj
 .text.irq_is_enabled
                0x0000000010000698       0x18 CMakeFiles/arithmetic-logic.dir/home/geo/pico/pico-sdk/src/rp2_common/hardware_irq/irq.c.obj
                0x0000000010000698                irq_is_enabled
 .text.irq_set_mask_enabled
                0x00000000100006b0       0x20 CMakeFiles/arithmetic-logic.dir/home/geo/pico/pico-sdk/src/rp2_common/hardware_irq/irq.c.obj
                0x00000000100006b0                irq_set_mask_enabled
 .text.irq_set_enabled
                0x00000000100006d0        0xe CMakeFiles/arithmetic-logic.dir/home/geo/pico/pico-sdk/src/rp2_common/hardware_irq/irq.c.obj
                0x00000000100006d0                irq_set_enabled
 *fill*         0x00000000100006de        0x2 
 .text.irq_set_pending
                0x00000000100006e0       0x10 CMakeFiles/arithmetic-logic.dir/home/geo/pico/pico-sdk/src/rp2_common/hardware_irq/irq.c.obj
                0x00000000100006e0                irq_set_pending
 .text.irq_get_vtable_handler
                0x00000000100006f0       0x10 CMakeFiles/arithmetic-logic.dir/home/geo/pico/pico-sdk/src/rp2_common/hardware_irq/irq.c.obj
                0x00000000100006f0                irq_get_vtable_handler
 .text.irq_has_shared_handler
                0x0000000010000700       0x24 CMakeFiles/arithmetic-logic.dir/home/geo/pico/pico-sdk/src/rp2_common/hardware_irq/irq.c.obj
                0x0000000010000700                irq_has_shared_handler
 .text.irq_set_exclusive_handler
                0x0000000010000724       0x54 CMakeFiles/arithmetic-logic.dir/home/geo/pico/pico-sdk/src/rp2_common/hardware_irq/irq.c.obj
                0x0000000010000724                irq_set_exclusive_handler
 .text.irq_add_shared_handler
                0x0000000010000778      0x234 CMakeFiles/arithmetic-logic.dir/home/geo/pico/pico-sdk/src/rp2_common/hardware_irq/irq.c.obj
                0x0000000010000778                irq_add_shared_handler
 .text.irq_remove_handler
                0x00000000100009ac      0x1ac CMakeFiles/arithmetic-logic.dir/home/geo/pico/pico-sdk/src/rp2_common/hardware_irq/irq.c.obj
                0x00000000100009ac                irq_remove_handler
 .text.irq_add_tail_to_free_list
                0x0000000010000b58       0xf0 CMakeFiles/arithmetic-logic.dir/home/geo/pico/pico-sdk/src/rp2_common/hardware_irq/irq.c.obj
                0x0000000010000b58                irq_add_tail_to_free_list
 .text.irq_init_priorities
                0x0000000010000c48       0x1c CMakeFiles/arithmetic-logic.dir/home/geo/pico/pico-sdk/src/rp2_common/hardware_irq/irq.c.obj
                0x0000000010000c48                irq_init_priorities
 .text.user_irq_claim_unused
                0x0000000010000c64       0x28 CMakeFiles/arithmetic-logic.dir/home/geo/pico/pico-sdk/src/rp2_common/hardware_irq/irq.c.obj
                0x0000000010000c64                user_irq_claim_unused
 .text.lock_init
                0x0000000010000c8c       0x10 CMakeFiles/arithmetic-logic.dir/home/geo/pico/pico-sdk/src/common/pico_sync/lock_core.c.obj
                0x0000000010000c8c                lock_init
 .text.mutex_init
                0x0000000010000c9c       0x1a CMakeFiles/arithmetic-logic.dir/home/geo/pico/pico-sdk/src/common/pico_sync/mutex.c.obj
                0x0000000010000c9c                mutex_init
 .text.recursive_mutex_init
                0x0000000010000cb6       0x1e CMakeFiles/arithmetic-logic.dir/home/geo/pico/pico-sdk/src/common/pico_sync/mutex.c.obj
                0x0000000010000cb6                recursive_mutex_init
 .text.critical_section_init_with_lock_num
                0x0000000010000cd4       0x14 CMakeFiles/arithmetic-logic.dir/home/geo/pico/pico-sdk/src/common/pico_sync/critical_section.c.obj
                0x0000000010000cd4                critical_section_init_with_lock_num
 .text.critical_section_init
                0x0000000010000ce8       0x14 CMakeFiles/arithmetic-logic.dir/home/geo/pico/pico-sdk/src/common/pico_sync/critical_section.c.obj
                0x0000000010000ce8                critical_section_init
 .text.alarm_pool_post_alloc_init
                0x0000000010000cfc       0x40 CMakeFiles/arithmetic-logic.dir/home/geo/pico/pico-sdk/src/common/pico_time/time.c.obj
 .text.sleep_until_callback
                0x0000000010000d3c       0x30 CMakeFiles/arithmetic-logic.dir/home/geo/pico/pico-sdk/src/common/pico_time/time.c.obj
 .text.timer_pool_entry_comparator
                0x0000000010000d6c       0x7c CMakeFiles/arithmetic-logic.dir/home/geo/pico/pico-sdk/src/common/pico_time/time.c.obj
                0x0000000010000d6c                timer_pool_entry_comparator
 .text.ph_add_child_node
                0x0000000010000de8       0xa4 CMakeFiles/arithmetic-logic.dir/home/geo/pico/pico-sdk/src/common/pico_time/time.c.obj
 .text.ph_merge_nodes
                0x0000000010000e8c       0x3e CMakeFiles/arithmetic-logic.dir/home/geo/pico/pico-sdk/src/common/pico_time/time.c.obj
 *fill*         0x0000000010000eca        0x2 
 .text.add_alarm_under_lock
                0x0000000010000ecc      0x174 CMakeFiles/arithmetic-logic.dir/home/geo/pico/pico-sdk/src/common/pico_time/time.c.obj
 .text.alarm_pool_alarm_callback
                0x0000000010001040      0x33c CMakeFiles/arithmetic-logic.dir/home/geo/pico/pico-sdk/src/common/pico_time/time.c.obj
 .text.alarm_pool_init_default
                0x000000001000137c       0x40 CMakeFiles/arithmetic-logic.dir/home/geo/pico/pico-sdk/src/common/pico_time/time.c.obj
                0x000000001000137c                alarm_pool_init_default
 .text.alarm_pool_get_default
                0x00000000100013bc       0x2c CMakeFiles/arithmetic-logic.dir/home/geo/pico/pico-sdk/src/common/pico_time/time.c.obj
                0x00000000100013bc                alarm_pool_get_default
 .text.alarm_pool_add_alarm_at
                0x00000000100013e8      0x168 CMakeFiles/arithmetic-logic.dir/home/geo/pico/pico-sdk/src/common/pico_time/time.c.obj
                0x00000000100013e8                alarm_pool_add_alarm_at
 .text.alarm_pool_cancel_alarm
                0x0000000010001550       0xf8 CMakeFiles/arithmetic-logic.dir/home/geo/pico/pico-sdk/src/common/pico_time/time.c.obj
                0x0000000010001550                alarm_pool_cancel_alarm
 .text.alarm_pool_core_num
                0x0000000010001648        0x4 CMakeFiles/arithmetic-logic.dir/home/geo/pico/pico-sdk/src/common/pico_time/time.c.obj
                0x0000000010001648                alarm_pool_core_num
 .text.sleep_until
                0x000000001000164c       0xfc CMakeFiles/arithmetic-logic.dir/home/geo/pico/pico-sdk/src/common/pico_time/time.c.obj
                0x000000001000164c                sleep_until
 .text.sleep_us
                0x0000000010001748       0x58 CMakeFiles/arithmetic-logic.dir/home/geo/pico/pico-sdk/src/common/pico_time/time.c.obj
                0x0000000010001748                sleep_us
 .text.sleep_ms
                0x00000000100017a0       0x14 CMakeFiles/arithmetic-logic.dir/home/geo/pico/pico-sdk/src/common/pico_time/time.c.obj
                0x00000000100017a0                sleep_ms
 .text.best_effort_wfe_or_timeout
                0x00000000100017b4       0xac CMakeFiles/arithmetic-logic.dir/home/geo/pico/pico-sdk/src/common/pico_time/time.c.obj
                0x00000000100017b4                best_effort_wfe_or_timeout
 .text.hardware_alarm_irq_handler
                0x0000000010001860       0x90 CMakeFiles/arithmetic-logic.dir/home/geo/pico/pico-sdk/src/rp2_common/hardware_timer/timer.c.obj
 .text.hardware_alarm_claim
                0x00000000100018f0       0x18 CMakeFiles/arithmetic-logic.dir/home/geo/pico/pico-sdk/src/rp2_common/hardware_timer/timer.c.obj
                0x00000000100018f0                hardware_alarm_claim
 .text.time_us_64
                0x0000000010001908       0x18 CMakeFiles/arithmetic-logic.dir/home/geo/pico/pico-sdk/src/rp2_common/hardware_timer/timer.c.obj
                0x0000000010001908                time_us_64
 .text.busy_wait_until
                0x0000000010001920       0x28 CMakeFiles/arithmetic-logic.dir/home/geo/pico/pico-sdk/src/rp2_common/hardware_timer/timer.c.obj
                0x0000000010001920                busy_wait_until
 .text.hardware_alarm_set_callback
                0x0000000010001948       0x90 CMakeFiles/arithmetic-logic.dir/home/geo/pico/pico-sdk/src/rp2_common/hardware_timer/timer.c.obj
                0x0000000010001948                hardware_alarm_set_callback
 .text.hardware_alarm_set_target
                0x00000000100019d8       0xe8 CMakeFiles/arithmetic-logic.dir/home/geo/pico/pico-sdk/src/rp2_common/hardware_timer/timer.c.obj
                0x00000000100019d8                hardware_alarm_set_target
 .text.hardware_alarm_cancel
                0x0000000010001ac0       0x40 CMakeFiles/arithmetic-logic.dir/home/geo/pico/pico-sdk/src/rp2_common/hardware_timer/timer.c.obj
                0x0000000010001ac0                hardware_alarm_cancel
 .text.ph_add_child_node
                0x0000000010001b00       0xa4 CMakeFiles/arithmetic-logic.dir/home/geo/pico/pico-sdk/src/common/pico_util/pheap.c.obj
 .text.ph_merge_nodes
                0x0000000010001ba4       0x3e CMakeFiles/arithmetic-logic.dir/home/geo/pico/pico-sdk/src/common/pico_util/pheap.c.obj
 *fill*         0x0000000010001be2        0x2 
 .text.ph_clear
                0x0000000010001be4       0x70 CMakeFiles/arithmetic-logic.dir/home/geo/pico/pico-sdk/src/common/pico_util/pheap.c.obj
                0x0000000010001be4                ph_clear
 .text.ph_post_alloc_init
                0x0000000010001c54        0xe CMakeFiles/arithmetic-logic.dir/home/geo/pico/pico-sdk/src/common/pico_util/pheap.c.obj
                0x0000000010001c54                ph_post_alloc_init
 *fill*         0x0000000010001c62        0x2 
 .text.ph_merge_two_pass
                0x0000000010001c64       0xa8 CMakeFiles/arithmetic-logic.dir/home/geo/pico/pico-sdk/src/common/pico_util/pheap.c.obj
                0x0000000010001c64                ph_merge_two_pass
 .text.ph_remove_any_head
                0x0000000010001d0c      0x128 CMakeFiles/arithmetic-logic.dir/home/geo/pico/pico-sdk/src/common/pico_util/pheap.c.obj
 .text.ph_remove_head
                0x0000000010001e34       0x14 CMakeFiles/arithmetic-logic.dir/home/geo/pico/pico-sdk/src/common/pico_util/pheap.c.obj
                0x0000000010001e34                ph_remove_head
 .text.ph_remove_and_free_node
                0x0000000010001e48       0xf8 CMakeFiles/arithmetic-logic.dir/home/geo/pico/pico-sdk/src/common/pico_util/pheap.c.obj
                0x0000000010001e48                ph_remove_and_free_node
 .text.clock_configure
                0x0000000010001f40      0x108 CMakeFiles/arithmetic-logic.dir/home/geo/pico/pico-sdk/src/rp2_common/hardware_clocks/clocks.c.obj
                0x0000000010001f40                clock_configure
 .text.clocks_init
                0x0000000010002048      0x100 CMakeFiles/arithmetic-logic.dir/home/geo/pico/pico-sdk/src/rp2_common/hardware_clocks/clocks.c.obj
                0x0000000010002048                clocks_init
 .text.pll_init
                0x0000000010002148      0x120 CMakeFiles/arithmetic-logic.dir/home/geo/pico/pico-sdk/src/rp2_common/hardware_pll/pll.c.obj
                0x0000000010002148                pll_init
 .text.watchdog_start_tick
                0x0000000010002268       0x10 CMakeFiles/arithmetic-logic.dir/home/geo/pico/pico-sdk/src/rp2_common/hardware_watchdog/watchdog.c.obj
                0x0000000010002268                watchdog_start_tick
 .text.watchdog_update
                0x0000000010002278       0x14 CMakeFiles/arithmetic-logic.dir/home/geo/pico/pico-sdk/src/rp2_common/hardware_watchdog/watchdog.c.obj
                0x0000000010002278                watchdog_update
 .text._watchdog_enable
                0x000000001000228c       0x78 CMakeFiles/arithmetic-logic.dir/home/geo/pico/pico-sdk/src/rp2_common/hardware_watchdog/watchdog.c.obj
                0x000000001000228c                _watchdog_enable
 .text.watchdog_reboot
                0x0000000010002304       0x48 CMakeFiles/arithmetic-logic.dir/home/geo/pico/pico-sdk/src/rp2_common/hardware_watchdog/watchdog.c.obj
                0x0000000010002304                watchdog_reboot
 .text.xosc_init
                0x000000001000234c       0x28 CMakeFiles/arithmetic-logic.dir/home/geo/pico/pico-sdk/src/rp2_common/hardware_xosc/xosc.c.obj
                0x000000001000234c                xosc_init
 .text._exit    0x0000000010002374        0x4 CMakeFiles/arithmetic-logic.dir/home/geo/pico/pico-sdk/src/rp2_common/pico_runtime/runtime.c.obj
                0x0000000010002374                _exit
 .text.exit     0x0000000010002378        0x6 CMakeFiles/arithmetic-logic.dir/home/geo/pico/pico-sdk/src/rp2_common/pico_runtime/runtime.c.obj
                0x0000000010002378                exit
 *fill*         0x000000001000237e        0x2 
 .text.__assert_func
                0x0000000010002380       0x3c CMakeFiles/arithmetic-logic.dir/home/geo/pico/pico-sdk/src/rp2_common/pico_runtime/runtime.c.obj
                0x0000000010002380                __assert_func
 .text.runtime_init
                0x00000000100023bc       0xf8 CMakeFiles/arithmetic-logic.dir/home/geo/pico/pico-sdk/src/rp2_common/pico_runtime/runtime.c.obj
                0x00000000100023bc                runtime_init
 .text.panic    0x00000000100024b4       0x30 CMakeFiles/arithmetic-logic.dir/home/geo/pico/pico-sdk/src/rp2_common/pico_runtime/runtime.c.obj
                0x00000000100024b4                panic
 .text._out_null
                0x00000000100024e4        0x2 CMakeFiles/arithmetic-logic.dir/home/geo/pico/pico-sdk/src/rp2_common/pico_printf/printf.c.obj
 .text._out_fct
                0x00000000100024e6        0xe CMakeFiles/arithmetic-logic.dir/home/geo/pico/pico-sdk/src/rp2_common/pico_printf/printf.c.obj
 .text._atoi    0x00000000100024f4       0x24 CMakeFiles/arithmetic-logic.dir/home/geo/pico/pico-sdk/src/rp2_common/pico_printf/printf.c.obj
 .text._out_rev
                0x0000000010002518       0xae CMakeFiles/arithmetic-logic.dir/home/geo/pico/pico-sdk/src/rp2_common/pico_printf/printf.c.obj
 .text._ntoa_format
                0x00000000100025c6      0x112 CMakeFiles/arithmetic-logic.dir/home/geo/pico/pico-sdk/src/rp2_common/pico_printf/printf.c.obj
 .text._ntoa_long
                0x00000000100026d8       0xbc CMakeFiles/arithmetic-logic.dir/home/geo/pico/pico-sdk/src/rp2_common/pico_printf/printf.c.obj
 .text._ntoa_long_long
                0x0000000010002794       0xe2 CMakeFiles/arithmetic-logic.dir/home/geo/pico/pico-sdk/src/rp2_common/pico_printf/printf.c.obj
 *fill*         0x0000000010002876        0x2 
 .text._etoa    0x0000000010002878      0x414 CMakeFiles/arithmetic-logic.dir/home/geo/pico/pico-sdk/src/rp2_common/pico_printf/printf.c.obj
 .text._ftoa    0x0000000010002c8c      0x354 CMakeFiles/arithmetic-logic.dir/home/geo/pico/pico-sdk/src/rp2_common/pico_printf/printf.c.obj
 .text._vsnprintf
                0x0000000010002fe0      0x624 CMakeFiles/arithmetic-logic.dir/home/geo/pico/pico-sdk/src/rp2_common/pico_printf/printf.c.obj
 .text.vfctprintf
                0x0000000010003604       0x20 CMakeFiles/arithmetic-logic.dir/home/geo/pico/pico-sdk/src/rp2_common/pico_printf/printf.c.obj
                0x0000000010003604                vfctprintf
 .text          0x0000000010003624       0x10 CMakeFiles/arithmetic-logic.dir/home/geo/pico/pico-sdk/src/rp2_common/pico_bit_ops/bit_ops_aeabi.S.obj
 .text.rom_func_lookup
                0x0000000010003634       0x10 CMakeFiles/arithmetic-logic.dir/home/geo/pico/pico-sdk/src/rp2_common/pico_bootrom/bootrom.c.obj
                0x0000000010003634                rom_func_lookup
 .text.rom_data_lookup
                0x0000000010003644       0x10 CMakeFiles/arithmetic-logic.dir/home/geo/pico/pico-sdk/src/rp2_common/pico_bootrom/bootrom.c.obj
                0x0000000010003644                rom_data_lookup
 .text.rom_funcs_lookup
                0x0000000010003654       0x36 CMakeFiles/arithmetic-logic.dir/home/geo/pico/pico-sdk/src/rp2_common/pico_bootrom/bootrom.c.obj
                0x0000000010003654                rom_funcs_lookup
 *fill*         0x000000001000368a        0x2 
 .text.__wrap___aeabi_idiv
                0x000000001000368c       0x50 CMakeFiles/arithmetic-logic.dir/home/geo/pico/pico-sdk/src/rp2_common/pico_divider/divider.S.obj
                0x000000001000368c                __wrap___aeabi_idivmod
                0x000000001000368c                divmod_s32s32
                0x000000001000368c                div_s32s32
                0x000000001000368c                __wrap___aeabi_idiv
                0x0000000010003694                divmod_s32s32_unsafe
                0x00000000100036c0                divmod_s32s32_savestate
 .text.__wrap___aeabi_uidiv
                0x00000000100036dc       0x4c CMakeFiles/arithmetic-logic.dir/home/geo/pico/pico-sdk/src/rp2_common/pico_divider/divider.S.obj
                0x00000000100036dc                __wrap___aeabi_uidiv
                0x00000000100036dc                __wrap___aeabi_uidivmod
                0x00000000100036dc                div_u32u32
                0x00000000100036dc                divmod_u32u32
                0x00000000100036e4                divmod_u32u32_unsafe
                0x000000001000370c                divmod_u32u32_savestate
 .text.__wrap___aeabi_ldiv
                0x0000000010003728      0x424 CMakeFiles/arithmetic-logic.dir/home/geo/pico/pico-sdk/src/rp2_common/pico_divider/divider.S.obj
                0x0000000010003728                div_s64s64
                0x0000000010003728                divmod_s64s64
                0x0000000010003728                __wrap___aeabi_ldivmod
                0x0000000010003758                div_u64u64
                0x0000000010003758                divmod_u64u64
                0x0000000010003758                __wrap___aeabi_uldivmod
                0x0000000010003768                divmod_u64u64_savestate
                0x0000000010003788                divmod_s64s64_unsafe
                0x0000000010003810                divmod_u64u64_unsafe
 .text.__wrap___aeabi_darithmetic
                0x0000000010003b4c       0x60 CMakeFiles/arithmetic-logic.dir/home/geo/pico/pico-sdk/src/rp2_common/pico_double/double_aeabi.S.obj
                0x0000000010003b4c                __wrap___aeabi_drsub
                0x0000000010003b52                __wrap___aeabi_dsub
                0x0000000010003b5c                __wrap___aeabi_dadd
                0x0000000010003b66                __wrap___aeabi_ddiv
                0x0000000010003b9a                __wrap___aeabi_dmul
 .text.__wrap___aeabi_cdcmple
                0x0000000010003bac       0x6c CMakeFiles/arithmetic-logic.dir/home/geo/pico/pico-sdk/src/rp2_common/pico_double/double_aeabi.S.obj
                0x0000000010003bac                __wrap___aeabi_cdrcmple
                0x0000000010003bbc                __wrap___aeabi_cdcmple
                0x0000000010003bbc                __wrap___aeabi_cdcmpeq
 .text.__wrap___aeabi_dcmplt
                0x0000000010003c18        0xc CMakeFiles/arithmetic-logic.dir/home/geo/pico/pico-sdk/src/rp2_common/pico_double/double_aeabi.S.obj
                0x0000000010003c18                __wrap___aeabi_dcmplt
 .text.__wrap___aeabi_dcmple
                0x0000000010003c24       0x10 CMakeFiles/arithmetic-logic.dir/home/geo/pico/pico-sdk/src/rp2_common/pico_double/double_aeabi.S.obj
                0x0000000010003c24                __wrap___aeabi_dcmple
 .text.__wrap___aeabi_dcmpge
                0x0000000010003c34       0x10 CMakeFiles/arithmetic-logic.dir/home/geo/pico/pico-sdk/src/rp2_common/pico_double/double_aeabi.S.obj
                0x0000000010003c34                __wrap___aeabi_dcmpge
 .text.__wrap___aeabi_dcmpgt
                0x0000000010003c44        0xa CMakeFiles/arithmetic-logic.dir/home/geo/pico/pico-sdk/src/rp2_common/pico_double/double_aeabi.S.obj
                0x0000000010003c44                __wrap___aeabi_dcmpgt
 .text.__wrap___aeabi_dcmpun
                0x0000000010003c4e       0x1c CMakeFiles/arithmetic-logic.dir/home/geo/pico/pico-sdk/src/rp2_common/pico_double/double_aeabi.S.obj
                0x0000000010003c4e                __wrap___aeabi_dcmpun
 *fill*         0x0000000010003c6a        0x2 
 .text.__wrap___aeabi_i2d
                0x0000000010003c6c       0x38 CMakeFiles/arithmetic-logic.dir/home/geo/pico/pico-sdk/src/rp2_common/pico_double/double_aeabi.S.obj
                0x0000000010003c6c                __wrap___aeabi_ui2d
                0x0000000010003c74                __wrap___aeabi_i2d
 .text.__wrap___aeabi_d2iz
                0x0000000010003ca4       0x48 CMakeFiles/arithmetic-logic.dir/home/geo/pico/pico-sdk/src/rp2_common/pico_double/double_aeabi.S.obj
                0x0000000010003ca4                __wrap___aeabi_d2iz
                0x0000000010003ca4                double2int_z
 .text.__wrap___aeabi_d2uiz
                0x0000000010003cec       0x10 CMakeFiles/arithmetic-logic.dir/home/geo/pico/pico-sdk/src/rp2_common/pico_double/double_aeabi.S.obj
                0x0000000010003cec                double2uint
                0x0000000010003cec                __wrap___aeabi_d2uiz
 .text.missing_double_func_shim
                0x0000000010003cfc        0xc CMakeFiles/arithmetic-logic.dir/home/geo/pico/pico-sdk/src/rp2_common/pico_double/double_init_rom.c.obj
 .text.__aeabi_double_init
                0x0000000010003d08       0xcc CMakeFiles/arithmetic-logic.dir/home/geo/pico/pico-sdk/src/rp2_common/pico_double/double_init_rom.c.obj
                0x0000000010003d08                __aeabi_double_init
 .text.double_table_shim_on_use_helper
                0x0000000010003dd4       0x34 CMakeFiles/arithmetic-logic.dir/home/geo/pico/pico-sdk/src/rp2_common/pico_double/double_v1_rom_shim.S.obj
                0x0000000010003dd4                double_table_shim_on_use_helper
 .text.__aeabi_lmul
                0x0000000010003e08       0x32 CMakeFiles/arithmetic-logic.dir/home/geo/pico/pico-sdk/src/rp2_common/pico_int64_ops/pico_int64_ops_aeabi.S.obj
                0x0000000010003e08                __wrap___aeabi_lmul
 *fill*         0x0000000010003e3a        0x2 
 .text.missing_float_func_shim
                0x0000000010003e3c        0xc CMakeFiles/arithmetic-logic.dir/home/geo/pico/pico-sdk/src/rp2_common/pico_float/float_init_rom.c.obj
 .text.__aeabi_float_init
                0x0000000010003e48       0x88 CMakeFiles/arithmetic-logic.dir/home/geo/pico/pico-sdk/src/rp2_common/pico_float/float_init_rom.c.obj
                0x0000000010003e48                __aeabi_float_init
 .text          0x0000000010003ed0       0x10 CMakeFiles/arithmetic-logic.dir/home/geo/pico/pico-sdk/src/rp2_common/pico_mem_ops/mem_ops_aeabi.S.obj
                0x0000000010003ed0                __aeabi_mem_init
 .text.memset   0x0000000010003ee0        0xc CMakeFiles/arithmetic-logic.dir/home/geo/pico/pico-sdk/src/rp2_common/pico_mem_ops/mem_ops_aeabi.S.obj
                0x0000000010003ee0                __wrap_memset
 .text.memcpy   0x0000000010003eec        0xc CMakeFiles/arithmetic-logic.dir/home/geo/pico/pico-sdk/src/rp2_common/pico_mem_ops/mem_ops_aeabi.S.obj
                0x0000000010003eec                __wrap___aeabi_memcpy
                0x0000000010003eec                __wrap_memcpy
 .text.stdio_out_chars_no_crlf
                0x0000000010003ef8        0xe CMakeFiles/arithmetic-logic.dir/home/geo/pico/pico-sdk/src/rp2_common/pico_stdio/stdio.c.obj
 *fill*         0x0000000010003f06        0x2 
 .text.stdio_out_chars_crlf
                0x0000000010003f08       0x80 CMakeFiles/arithmetic-logic.dir/home/geo/pico/pico-sdk/src/rp2_common/pico_stdio/stdio.c.obj
 .text.stdio_stack_buffer_flush
                0x0000000010003f88       0x44 CMakeFiles/arithmetic-logic.dir/home/geo/pico/pico-sdk/src/rp2_common/pico_stdio/stdio.c.obj
 .text.stdio_buffered_printer
                0x0000000010003fcc       0x20 CMakeFiles/arithmetic-logic.dir/home/geo/pico/pico-sdk/src/rp2_common/pico_stdio/stdio.c.obj
 .text.stdout_serialize_begin
                0x0000000010003fec       0x5c CMakeFiles/arithmetic-logic.dir/home/geo/pico/pico-sdk/src/rp2_common/pico_stdio/stdio.c.obj
                0x0000000010003fec                stdout_serialize_begin
 .text.stdout_serialize_end
                0x0000000010004048       0x10 CMakeFiles/arithmetic-logic.dir/home/geo/pico/pico-sdk/src/rp2_common/pico_stdio/stdio.c.obj
                0x0000000010004048                stdout_serialize_end
 .text.stdio_put_string
                0x0000000010004058       0x98 CMakeFiles/arithmetic-logic.dir/home/geo/pico/pico-sdk/src/rp2_common/pico_stdio/stdio.c.obj
 .text.stdio_set_driver_enabled
                0x00000000100040f0       0x2c CMakeFiles/arithmetic-logic.dir/home/geo/pico/pico-sdk/src/rp2_common/pico_stdio/stdio.c.obj
                0x00000000100040f0                stdio_set_driver_enabled
 .text.stdio_flush
                0x000000001000411c       0x20 CMakeFiles/arithmetic-logic.dir/home/geo/pico/pico-sdk/src/rp2_common/pico_stdio/stdio.c.obj
                0x000000001000411c                stdio_flush
 .text.__wrap_puts
                0x000000001000413c       0x1e CMakeFiles/arithmetic-logic.dir/home/geo/pico/pico-sdk/src/rp2_common/pico_stdio/stdio.c.obj
                0x000000001000413c                __wrap_puts
 *fill*         0x000000001000415a        0x2 
 .text.__wrap_vprintf
                0x000000001000415c       0x40 CMakeFiles/arithmetic-logic.dir/home/geo/pico/pico-sdk/src/rp2_common/pico_stdio/stdio.c.obj
                0x000000001000415c                __wrap_vprintf
 .text.__wrap_printf
                0x000000001000419c       0x18 CMakeFiles/arithmetic-logic.dir/home/geo/pico/pico-sdk/src/rp2_common/pico_stdio/stdio.c.obj
                0x000000001000419c                __wrap_printf
 .text.stdio_init_all
                0x00000000100041b4        0x8 CMakeFiles/arithmetic-logic.dir/home/geo/pico/pico-sdk/src/rp2_common/pico_stdio/stdio.c.obj
                0x00000000100041b4                stdio_init_all
 .text.resetd_init
                0x00000000100041bc        0x2 CMakeFiles/arithmetic-logic.dir/home/geo/pico/pico-sdk/src/rp2_common/pico_stdio_usb/reset_interface.c.obj
 *fill*         0x00000000100041be        0x2 
 .text.resetd_reset
                0x00000000100041c0        0xc CMakeFiles/arithmetic-logic.dir/home/geo/pico/pico-sdk/src/rp2_common/pico_stdio_usb/reset_interface.c.obj
 .text.resetd_open
                0x00000000100041cc       0x34 CMakeFiles/arithmetic-logic.dir/home/geo/pico/pico-sdk/src/rp2_common/pico_stdio_usb/reset_interface.c.obj
 .text.resetd_xfer_cb
                0x0000000010004200        0x4 CMakeFiles/arithmetic-logic.dir/home/geo/pico/pico-sdk/src/rp2_common/pico_stdio_usb/reset_interface.c.obj
 .text.reset_usb_boot
                0x0000000010004204       0x18 CMakeFiles/arithmetic-logic.dir/home/geo/pico/pico-sdk/src/rp2_common/pico_stdio_usb/reset_interface.c.obj
 .text.resetd_control_xfer_cb
                0x000000001000421c       0x5c CMakeFiles/arithmetic-logic.dir/home/geo/pico/pico-sdk/src/rp2_common/pico_stdio_usb/reset_interface.c.obj
 .text.usbd_app_driver_get_cb
                0x0000000010004278        0xc CMakeFiles/arithmetic-logic.dir/home/geo/pico/pico-sdk/src/rp2_common/pico_stdio_usb/reset_interface.c.obj
                0x0000000010004278                usbd_app_driver_get_cb
 .text.tud_cdc_line_coding_cb
                0x0000000010004284       0x28 CMakeFiles/arithmetic-logic.dir/home/geo/pico/pico-sdk/src/rp2_common/pico_stdio_usb/reset_interface.c.obj
                0x0000000010004284                tud_cdc_line_coding_cb
 .text.stdio_usb_set_chars_available_callback
                0x00000000100042ac       0x14 CMakeFiles/arithmetic-logic.dir/home/geo/pico/pico-sdk/src/rp2_common/pico_stdio_usb/stdio_usb.c.obj
                0x00000000100042ac                stdio_usb_set_chars_available_callback
 .text.usb_irq  0x00000000100042c0       0x10 CMakeFiles/arithmetic-logic.dir/home/geo/pico/pico-sdk/src/rp2_common/pico_stdio_usb/stdio_usb.c.obj
 .text.timer_task
                0x00000000100042d0       0x5c CMakeFiles/arithmetic-logic.dir/home/geo/pico/pico-sdk/src/rp2_common/pico_stdio_usb/stdio_usb.c.obj
 .text.low_priority_worker_irq
                0x000000001000432c       0xdc CMakeFiles/arithmetic-logic.dir/home/geo/pico/pico-sdk/src/rp2_common/pico_stdio_usb/stdio_usb.c.obj
 .text.tud_cdc_rx_cb
                0x0000000010004408       0x20 CMakeFiles/arithmetic-logic.dir/home/geo/pico/pico-sdk/src/rp2_common/pico_stdio_usb/stdio_usb.c.obj
                0x0000000010004408                tud_cdc_rx_cb
 .text.stdio_usb_init
                0x0000000010004428      0x11c CMakeFiles/arithmetic-logic.dir/home/geo/pico/pico-sdk/src/rp2_common/pico_stdio_usb/stdio_usb.c.obj
                0x0000000010004428                stdio_usb_init
 .text.stdio_usb_connected
                0x0000000010004544        0xa CMakeFiles/arithmetic-logic.dir/home/geo/pico/pico-sdk/src/rp2_common/pico_stdio_usb/stdio_usb.c.obj
                0x0000000010004544                stdio_usb_connected
 *fill*         0x000000001000454e        0x2 
 .text.stdio_usb_in_chars
                0x0000000010004550       0xc4 CMakeFiles/arithmetic-logic.dir/home/geo/pico/pico-sdk/src/rp2_common/pico_stdio_usb/stdio_usb.c.obj
                0x0000000010004550                stdio_usb_in_chars
 .text.stdio_usb_out_chars
                0x0000000010004614      0x114 CMakeFiles/arithmetic-logic.dir/home/geo/pico/pico-sdk/src/rp2_common/pico_stdio_usb/stdio_usb.c.obj
 .text.tud_descriptor_device_cb
                0x0000000010004728        0x8 CMakeFiles/arithmetic-logic.dir/home/geo/pico/pico-sdk/src/rp2_common/pico_stdio_usb/stdio_usb_descriptors.c.obj
                0x0000000010004728                tud_descriptor_device_cb
 .text.tud_descriptor_configuration_cb
                0x0000000010004730        0x8 CMakeFiles/arithmetic-logic.dir/home/geo/pico/pico-sdk/src/rp2_common/pico_stdio_usb/stdio_usb_descriptors.c.obj
                0x0000000010004730                tud_descriptor_configuration_cb
 .text.tud_descriptor_string_cb
                0x0000000010004738       0x6c CMakeFiles/arithmetic-logic.dir/home/geo/pico/pico-sdk/src/rp2_common/pico_stdio_usb/stdio_usb_descriptors.c.obj
                0x0000000010004738                tud_descriptor_string_cb
 .text._retrieve_unique_id_on_boot
                0x00000000100047a4       0x10 CMakeFiles/arithmetic-logic.dir/home/geo/pico/pico-sdk/src/rp2_common/pico_unique_id/unique_id.c.obj
 .text.pico_get_unique_board_id_string
                0x00000000100047b4       0x60 CMakeFiles/arithmetic-logic.dir/home/geo/pico/pico-sdk/src/rp2_common/pico_unique_id/unique_id.c.obj
                0x00000000100047b4                pico_get_unique_board_id_string
 .text.flash_get_unique_id
                0x0000000010004814       0x46 CMakeFiles/arithmetic-logic.dir/home/geo/pico/pico-sdk/src/rp2_common/hardware_flash/flash.c.obj
                0x0000000010004814                flash_get_unique_id
 *fill*         0x000000001000485a        0x2 
 .text.hw_endpoint_get_by_addr
                0x000000001000485c       0x18 CMakeFiles/arithmetic-logic.dir/home/geo/pico/pico-sdk/lib/tinyusb/src/portable/raspberrypi/rp2040/dcd_rp2040.c.obj
 .text._hw_endpoint_alloc
                0x0000000010004874       0x70 CMakeFiles/arithmetic-logic.dir/home/geo/pico/pico-sdk/lib/tinyusb/src/portable/raspberrypi/rp2040/dcd_rp2040.c.obj
 .text.hw_endpoint_init
                0x00000000100048e4       0x88 CMakeFiles/arithmetic-logic.dir/home/geo/pico/pico-sdk/lib/tinyusb/src/portable/raspberrypi/rp2040/dcd_rp2040.c.obj
 .text.hw_endpoint_xfer
                0x000000001000496c       0x14 CMakeFiles/arithmetic-logic.dir/home/geo/pico/pico-sdk/lib/tinyusb/src/portable/raspberrypi/rp2040/dcd_rp2040.c.obj
 .text.dcd_int_enable
                0x0000000010004980       0x2c CMakeFiles/arithmetic-logic.dir/home/geo/pico/pico-sdk/lib/tinyusb/src/portable/raspberrypi/rp2040/dcd_rp2040.c.obj
                0x0000000010004980                dcd_int_enable
 .text.dcd_set_address
                0x00000000100049ac       0x2c CMakeFiles/arithmetic-logic.dir/home/geo/pico/pico-sdk/lib/tinyusb/src/portable/raspberrypi/rp2040/dcd_rp2040.c.obj
                0x00000000100049ac                dcd_set_address
 .text.dcd_connect
                0x00000000100049d8       0x10 CMakeFiles/arithmetic-logic.dir/home/geo/pico/pico-sdk/lib/tinyusb/src/portable/raspberrypi/rp2040/dcd_rp2040.c.obj
                0x00000000100049d8                dcd_connect
 .text.dcd_init
                0x00000000100049e8       0x80 CMakeFiles/arithmetic-logic.dir/home/geo/pico/pico-sdk/lib/tinyusb/src/portable/raspberrypi/rp2040/dcd_rp2040.c.obj
                0x00000000100049e8                dcd_init
 .text.dcd_edpt0_status_complete
                0x0000000010004a68       0x1c CMakeFiles/arithmetic-logic.dir/home/geo/pico/pico-sdk/lib/tinyusb/src/portable/raspberrypi/rp2040/dcd_rp2040.c.obj
                0x0000000010004a68                dcd_edpt0_status_complete
 .text.dcd_edpt_open
                0x0000000010004a84       0x40 CMakeFiles/arithmetic-logic.dir/home/geo/pico/pico-sdk/lib/tinyusb/src/portable/raspberrypi/rp2040/dcd_rp2040.c.obj
                0x0000000010004a84                dcd_edpt_open
 .text.dcd_edpt_close_all
                0x0000000010004ac4        0x8 CMakeFiles/arithmetic-logic.dir/home/geo/pico/pico-sdk/lib/tinyusb/src/portable/raspberrypi/rp2040/dcd_rp2040.c.obj
                0x0000000010004ac4                dcd_edpt_close_all
 .text.dcd_edpt_xfer
                0x0000000010004acc       0x34 CMakeFiles/arithmetic-logic.dir/home/geo/pico/pico-sdk/lib/tinyusb/src/portable/raspberrypi/rp2040/dcd_rp2040.c.obj
                0x0000000010004acc                dcd_edpt_xfer
 .text.dcd_edpt_stall
                0x0000000010004b00       0x2c CMakeFiles/arithmetic-logic.dir/home/geo/pico/pico-sdk/lib/tinyusb/src/portable/raspberrypi/rp2040/dcd_rp2040.c.obj
                0x0000000010004b00                dcd_edpt_stall
 .text.dcd_edpt_clear_stall
                0x0000000010004b2c       0x20 CMakeFiles/arithmetic-logic.dir/home/geo/pico/pico-sdk/lib/tinyusb/src/portable/raspberrypi/rp2040/dcd_rp2040.c.obj
                0x0000000010004b2c                dcd_edpt_clear_stall
 .text.rp2040_usb_init
                0x0000000010004b4c       0x4c CMakeFiles/arithmetic-logic.dir/home/geo/pico/pico-sdk/lib/tinyusb/src/portable/raspberrypi/rp2040/rp2040_usb.c.obj
                0x0000000010004b4c                rp2040_usb_init
 .text.hw_endpoint_xfer_start
                0x0000000010004b98       0x50 CMakeFiles/arithmetic-logic.dir/home/geo/pico/pico-sdk/lib/tinyusb/src/portable/raspberrypi/rp2040/rp2040_usb.c.obj
                0x0000000010004b98                hw_endpoint_xfer_start
 .text.configuration_reset
                0x0000000010004be8       0x84 CMakeFiles/arithmetic-logic.dir/home/geo/pico/pico-sdk/lib/tinyusb/src/device/usbd.c.obj
 .text.usbd_reset
                0x0000000010004c6c        0xc CMakeFiles/arithmetic-logic.dir/home/geo/pico/pico-sdk/lib/tinyusb/src/device/usbd.c.obj
 .text.invoke_class_control
                0x0000000010004c78       0x1a CMakeFiles/arithmetic-logic.dir/home/geo/pico/pico-sdk/lib/tinyusb/src/device/usbd.c.obj
 *fill*         0x0000000010004c92        0x2 
 .text.process_set_config
                0x0000000010004c94      0x178 CMakeFiles/arithmetic-logic.dir/home/geo/pico/pico-sdk/lib/tinyusb/src/device/usbd.c.obj
 .text.process_get_descriptor
                0x0000000010004e0c       0xdc CMakeFiles/arithmetic-logic.dir/home/geo/pico/pico-sdk/lib/tinyusb/src/device/usbd.c.obj
 .text.tud_mounted
                0x0000000010004ee8       0x10 CMakeFiles/arithmetic-logic.dir/home/geo/pico/pico-sdk/lib/tinyusb/src/device/usbd.c.obj
                0x0000000010004ee8                tud_mounted
 .text.tud_suspended
                0x0000000010004ef8       0x10 CMakeFiles/arithmetic-logic.dir/home/geo/pico/pico-sdk/lib/tinyusb/src/device/usbd.c.obj
                0x0000000010004ef8                tud_suspended
 .text.tud_inited
                0x0000000010004f08       0x14 CMakeFiles/arithmetic-logic.dir/home/geo/pico/pico-sdk/lib/tinyusb/src/device/usbd.c.obj
                0x0000000010004f08                tud_inited
 .text.tud_init
                0x0000000010004f1c       0xcc CMakeFiles/arithmetic-logic.dir/home/geo/pico/pico-sdk/lib/tinyusb/src/device/usbd.c.obj
                0x0000000010004f1c                tud_init
 .text.usbd_defer_func
                0x0000000010004fe8       0x2a CMakeFiles/arithmetic-logic.dir/home/geo/pico/pico-sdk/lib/tinyusb/src/device/usbd.c.obj
                0x0000000010004fe8                usbd_defer_func
 *fill*         0x0000000010005012        0x2 
 .text.usbd_edpt_open
                0x0000000010005014       0x34 CMakeFiles/arithmetic-logic.dir/home/geo/pico/pico-sdk/lib/tinyusb/src/device/usbd.c.obj
                0x0000000010005014                usbd_edpt_open
 .text.usbd_open_edpt_pair
                0x0000000010005048       0x62 CMakeFiles/arithmetic-logic.dir/home/geo/pico/pico-sdk/lib/tinyusb/src/device/usbd.c.obj
                0x0000000010005048                usbd_open_edpt_pair
 *fill*         0x00000000100050aa        0x2 
 .text.usbd_edpt_claim
                0x00000000100050ac       0x28 CMakeFiles/arithmetic-logic.dir/home/geo/pico/pico-sdk/lib/tinyusb/src/device/usbd.c.obj
                0x00000000100050ac                usbd_edpt_claim
 .text.usbd_edpt_release
                0x00000000100050d4       0x28 CMakeFiles/arithmetic-logic.dir/home/geo/pico/pico-sdk/lib/tinyusb/src/device/usbd.c.obj
                0x00000000100050d4                usbd_edpt_release
 .text.usbd_edpt_xfer
                0x00000000100050fc       0x78 CMakeFiles/arithmetic-logic.dir/home/geo/pico/pico-sdk/lib/tinyusb/src/device/usbd.c.obj
                0x00000000100050fc                usbd_edpt_xfer
 .text.usbd_edpt_stall
                0x0000000010005174       0x48 CMakeFiles/arithmetic-logic.dir/home/geo/pico/pico-sdk/lib/tinyusb/src/device/usbd.c.obj
                0x0000000010005174                usbd_edpt_stall
 .text.usbd_edpt_clear_stall
                0x00000000100051bc       0x48 CMakeFiles/arithmetic-logic.dir/home/geo/pico/pico-sdk/lib/tinyusb/src/device/usbd.c.obj
                0x00000000100051bc                usbd_edpt_clear_stall
 .text.usbd_edpt_stalled
                0x0000000010005204       0x1c CMakeFiles/arithmetic-logic.dir/home/geo/pico/pico-sdk/lib/tinyusb/src/device/usbd.c.obj
                0x0000000010005204                usbd_edpt_stalled
 .text.process_control_request
                0x0000000010005220      0x37c CMakeFiles/arithmetic-logic.dir/home/geo/pico/pico-sdk/lib/tinyusb/src/device/usbd.c.obj
 .text.tud_task_ext
                0x000000001000559c      0x1b8 CMakeFiles/arithmetic-logic.dir/home/geo/pico/pico-sdk/lib/tinyusb/src/device/usbd.c.obj
                0x000000001000559c                tud_task_ext
 .text._data_stage_xact
                0x0000000010005754       0x58 CMakeFiles/arithmetic-logic.dir/home/geo/pico/pico-sdk/lib/tinyusb/src/device/usbd_control.c.obj
 .text.tud_control_status
                0x00000000100057ac       0x38 CMakeFiles/arithmetic-logic.dir/home/geo/pico/pico-sdk/lib/tinyusb/src/device/usbd_control.c.obj
                0x00000000100057ac                tud_control_status
 .text.tud_control_xfer
                0x00000000100057e4       0x74 CMakeFiles/arithmetic-logic.dir/home/geo/pico/pico-sdk/lib/tinyusb/src/device/usbd_control.c.obj
                0x00000000100057e4                tud_control_xfer
 .text.usbd_control_reset
                0x0000000010005858       0x14 CMakeFiles/arithmetic-logic.dir/home/geo/pico/pico-sdk/lib/tinyusb/src/device/usbd_control.c.obj
                0x0000000010005858                usbd_control_reset
 .text.usbd_control_set_complete_callback
                0x000000001000586c        0xc CMakeFiles/arithmetic-logic.dir/home/geo/pico/pico-sdk/lib/tinyusb/src/device/usbd_control.c.obj
                0x000000001000586c                usbd_control_set_complete_callback
 .text.usbd_control_set_request
                0x0000000010005878       0x1c CMakeFiles/arithmetic-logic.dir/home/geo/pico/pico-sdk/lib/tinyusb/src/device/usbd_control.c.obj
                0x0000000010005878                usbd_control_set_request
 .text.usbd_control_xfer_cb
                0x0000000010005894       0xcc CMakeFiles/arithmetic-logic.dir/home/geo/pico/pico-sdk/lib/tinyusb/src/device/usbd_control.c.obj
                0x0000000010005894                usbd_control_xfer_cb
 .text._prep_out_transaction
                0x0000000010005960       0x4a CMakeFiles/arithmetic-logic.dir/home/geo/pico/pico-sdk/lib/tinyusb/src/class/cdc/cdc_device.c.obj
 *fill*         0x00000000100059aa        0x2 
 .text.tud_cdc_n_connected
                0x00000000100059ac       0x44 CMakeFiles/arithmetic-logic.dir/home/geo/pico/pico-sdk/lib/tinyusb/src/class/cdc/cdc_device.c.obj
                0x00000000100059ac                tud_cdc_n_connected
 .text.tud_cdc_n_available
                0x00000000100059f0       0x18 CMakeFiles/arithmetic-logic.dir/home/geo/pico/pico-sdk/lib/tinyusb/src/class/cdc/cdc_device.c.obj
                0x00000000100059f0                tud_cdc_n_available
 .text.tud_cdc_n_read
                0x0000000010005a08       0x28 CMakeFiles/arithmetic-logic.dir/home/geo/pico/pico-sdk/lib/tinyusb/src/class/cdc/cdc_device.c.obj
                0x0000000010005a08                tud_cdc_n_read
 .text.tud_cdc_n_write_flush
                0x0000000010005a30       0xb8 CMakeFiles/arithmetic-logic.dir/home/geo/pico/pico-sdk/lib/tinyusb/src/class/cdc/cdc_device.c.obj
                0x0000000010005a30                tud_cdc_n_write_flush
 .text.tud_cdc_n_write
                0x0000000010005ae8       0x38 CMakeFiles/arithmetic-logic.dir/home/geo/pico/pico-sdk/lib/tinyusb/src/class/cdc/cdc_device.c.obj
                0x0000000010005ae8                tud_cdc_n_write
 .text.tud_cdc_n_write_available
                0x0000000010005b20       0x1c CMakeFiles/arithmetic-logic.dir/home/geo/pico/pico-sdk/lib/tinyusb/src/class/cdc/cdc_device.c.obj
                0x0000000010005b20                tud_cdc_n_write_available
 .text.cdcd_init
                0x0000000010005b3c       0xbc CMakeFiles/arithmetic-logic.dir/home/geo/pico/pico-sdk/lib/tinyusb/src/class/cdc/cdc_device.c.obj
                0x0000000010005b3c                cdcd_init
 .text.cdcd_reset
                0x0000000010005bf8       0x44 CMakeFiles/arithmetic-logic.dir/home/geo/pico/pico-sdk/lib/tinyusb/src/class/cdc/cdc_device.c.obj
                0x0000000010005bf8                cdcd_reset
 .text.cdcd_open
                0x0000000010005c3c       0xcc CMakeFiles/arithmetic-logic.dir/home/geo/pico/pico-sdk/lib/tinyusb/src/class/cdc/cdc_device.c.obj
                0x0000000010005c3c                cdcd_open
 .text.cdcd_control_xfer_cb
                0x0000000010005d08      0x134 CMakeFiles/arithmetic-logic.dir/home/geo/pico/pico-sdk/lib/tinyusb/src/class/cdc/cdc_device.c.obj
                0x0000000010005d08                cdcd_control_xfer_cb
 .text.cdcd_xfer_cb
                0x0000000010005e3c      0x130 CMakeFiles/arithmetic-logic.dir/home/geo/pico/pico-sdk/lib/tinyusb/src/class/cdc/cdc_device.c.obj
                0x0000000010005e3c                cdcd_xfer_cb
 .text.tusb_init
                0x0000000010005f6c        0xa CMakeFiles/arithmetic-logic.dir/home/geo/pico/pico-sdk/lib/tinyusb/src/tusb.c.obj
                0x0000000010005f6c                tusb_init
 .text.tusb_inited
                0x0000000010005f76        0xe CMakeFiles/arithmetic-logic.dir/home/geo/pico/pico-sdk/lib/tinyusb/src/tusb.c.obj
                0x0000000010005f76                tusb_inited
 .text.tu_edpt_claim
                0x0000000010005f84       0x50 CMakeFiles/arithmetic-logic.dir/home/geo/pico/pico-sdk/lib/tinyusb/src/tusb.c.obj
                0x0000000010005f84                tu_edpt_claim
 .text.tu_edpt_release
                0x0000000010005fd4       0x3c CMakeFiles/arithmetic-logic.dir/home/geo/pico/pico-sdk/lib/tinyusb/src/tusb.c.obj
                0x0000000010005fd4                tu_edpt_release
 .text.tu_edpt_validate
                0x0000000010006010       0x78 CMakeFiles/arithmetic-logic.dir/home/geo/pico/pico-sdk/lib/tinyusb/src/tusb.c.obj
                0x0000000010006010                tu_edpt_validate
 .text.tu_edpt_bind_driver
                0x0000000010006088       0x26 CMakeFiles/arithmetic-logic.dir/home/geo/pico/pico-sdk/lib/tinyusb/src/tusb.c.obj
                0x0000000010006088                tu_edpt_bind_driver
 .text.advance_index
                0x00000000100060ae       0x1a CMakeFiles/arithmetic-logic.dir/home/geo/pico/pico-sdk/lib/tinyusb/src/common/tusb_fifo.c.obj
 .text._tu_fifo_peek
                0x00000000100060c8       0x56 CMakeFiles/arithmetic-logic.dir/home/geo/pico/pico-sdk/lib/tinyusb/src/common/tusb_fifo.c.obj
 .text._ff_pull_const_addr
                0x000000001000611e       0x4c CMakeFiles/arithmetic-logic.dir/home/geo/pico/pico-sdk/lib/tinyusb/src/common/tusb_fifo.c.obj
 .text._ff_pull_n
                0x000000001000616a      0x110 CMakeFiles/arithmetic-logic.dir/home/geo/pico/pico-sdk/lib/tinyusb/src/common/tusb_fifo.c.obj
 .text._tu_fifo_peek_n
                0x000000001000627a       0x6a CMakeFiles/arithmetic-logic.dir/home/geo/pico/pico-sdk/lib/tinyusb/src/common/tusb_fifo.c.obj
 .text._tu_fifo_read_n
                0x00000000100062e4       0x4e CMakeFiles/arithmetic-logic.dir/home/geo/pico/pico-sdk/lib/tinyusb/src/common/tusb_fifo.c.obj
 .text._ff_push_const_addr
                0x0000000010006332       0x40 CMakeFiles/arithmetic-logic.dir/home/geo/pico/pico-sdk/lib/tinyusb/src/common/tusb_fifo.c.obj
 .text._ff_push_n
                0x0000000010006372      0x10c CMakeFiles/arithmetic-logic.dir/home/geo/pico/pico-sdk/lib/tinyusb/src/common/tusb_fifo.c.obj
 .text._tu_fifo_write_n
                0x000000001000647e       0xf0 CMakeFiles/arithmetic-logic.dir/home/geo/pico/pico-sdk/lib/tinyusb/src/common/tusb_fifo.c.obj
 .text.tu_fifo_config
                0x000000001000656e       0x7c CMakeFiles/arithmetic-logic.dir/home/geo/pico/pico-sdk/lib/tinyusb/src/common/tusb_fifo.c.obj
                0x000000001000656e                tu_fifo_config
 .text.tu_fifo_count
                0x00000000100065ea       0x2a CMakeFiles/arithmetic-logic.dir/home/geo/pico/pico-sdk/lib/tinyusb/src/common/tusb_fifo.c.obj
                0x00000000100065ea                tu_fifo_count
 .text.tu_fifo_empty
                0x0000000010006614       0x10 CMakeFiles/arithmetic-logic.dir/home/geo/pico/pico-sdk/lib/tinyusb/src/common/tusb_fifo.c.obj
                0x0000000010006614                tu_fifo_empty
 .text.tu_fifo_full
                0x0000000010006624       0x28 CMakeFiles/arithmetic-logic.dir/home/geo/pico/pico-sdk/lib/tinyusb/src/common/tusb_fifo.c.obj
                0x0000000010006624                tu_fifo_full
 .text.tu_fifo_remaining
                0x000000001000664c       0x2c CMakeFiles/arithmetic-logic.dir/home/geo/pico/pico-sdk/lib/tinyusb/src/common/tusb_fifo.c.obj
                0x000000001000664c                tu_fifo_remaining
 .text.tu_fifo_read
                0x0000000010006678       0x42 CMakeFiles/arithmetic-logic.dir/home/geo/pico/pico-sdk/lib/tinyusb/src/common/tusb_fifo.c.obj
                0x0000000010006678                tu_fifo_read
 .text.tu_fifo_read_n
                0x00000000100066ba        0xa CMakeFiles/arithmetic-logic.dir/home/geo/pico/pico-sdk/lib/tinyusb/src/common/tusb_fifo.c.obj
                0x00000000100066ba                tu_fifo_read_n
 .text.tu_fifo_write
                0x00000000100066c4       0x64 CMakeFiles/arithmetic-logic.dir/home/geo/pico/pico-sdk/lib/tinyusb/src/common/tusb_fifo.c.obj
                0x00000000100066c4                tu_fifo_write
 .text.tu_fifo_write_n
                0x0000000010006728        0xa CMakeFiles/arithmetic-logic.dir/home/geo/pico/pico-sdk/lib/tinyusb/src/common/tusb_fifo.c.obj
                0x0000000010006728                tu_fifo_write_n
 .text.tu_fifo_clear
                0x0000000010006732       0x3e CMakeFiles/arithmetic-logic.dir/home/geo/pico/pico-sdk/lib/tinyusb/src/common/tusb_fifo.c.obj
                0x0000000010006732                tu_fifo_clear
 .text.tu_fifo_set_overwritable
                0x0000000010006770       0x46 CMakeFiles/arithmetic-logic.dir/home/geo/pico/pico-sdk/lib/tinyusb/src/common/tusb_fifo.c.obj
                0x0000000010006770                tu_fifo_set_overwritable
 *fill*         0x00000000100067b6        0x2 
 .text          0x00000000100067b8       0x5c /usr/lib/gcc/arm-none-eabi/10.3.1/../../../arm-none-eabi/lib/thumb/v6-m/nofp/libg.a(lib_a-strlen-stub.o)
                0x00000000100067b8                strlen
 *(.fini)
 .fini          0x0000000010006814        0x4 /usr/lib/gcc/arm-none-eabi/10.3.1/thumb/v6-m/nofp/crti.o
                0x0000000010006814                _fini
 .fini.__stub   0x0000000010006818       0xe0 linker stubs
 *crtbegin.o(.ctors)
 *crtbegin?.o(.ctors)
 *(EXCLUDE_FILE(*crtend.o *crtend?.o) .ctors)
 *(SORT_BY_NAME(.ctors.*))
 *(.ctors)
 *crtbegin.o(.dtors)
 *crtbegin?.o(.dtors)
 *(EXCLUDE_FILE(*crtend.o *crtend?.o) .dtors)
 *(SORT_BY_NAME(.dtors.*))
 *(.dtors)
 *(.eh_frame*)
 .eh_frame      0x00000000100068f8        0x0 /usr/lib/gcc/arm-none-eabi/10.3.1/thumb/v6-m/nofp/crtbegin.o
                0x00000000100068f8                . = ALIGN (0x4)

.glue_7         0x00000000100068f8        0x0
 .glue_7        0x00000000100068f8        0x0 linker stubs

.glue_7t        0x00000000100068f8        0x0
 .glue_7t       0x00000000100068f8        0x0 linker stubs

.vfp11_veneer   0x00000000100068f8        0x0
 .vfp11_veneer  0x00000000100068f8        0x0 linker stubs

.v4_bx          0x00000000100068f8        0x0
 .v4_bx         0x00000000100068f8        0x0 linker stubs

.iplt           0x00000000100068f8        0x0
 .iplt          0x00000000100068f8        0x0 /usr/lib/gcc/arm-none-eabi/10.3.1/thumb/v6-m/nofp/crtbegin.o

.rodata         0x00000000100068f8     0x1544
 *(EXCLUDE_FILE(*libm.a: *libc.a:*lib_a-mem*.o *libgcc.a:) .rodata*)
 .rodata.spin_lock_claim_unused.str1.4
                0x00000000100068f8       0x1b CMakeFiles/arithmetic-logic.dir/home/geo/pico/pico-sdk/src/rp2_common/hardware_sync/sync.c.obj
 *fill*         0x0000000010006913        0x1 
 .rodata.make_branch.str1.4
                0x0000000010006914       0x6a CMakeFiles/arithmetic-logic.dir/home/geo/pico/pico-sdk/src/rp2_common/hardware_irq/irq.c.obj
 *fill*         0x000000001000697e        0x2 
 .rodata.insert_branch_and_link.str1.4
                0x0000000010006980       0x10 CMakeFiles/arithmetic-logic.dir/home/geo/pico/pico-sdk/src/rp2_common/hardware_irq/irq.c.obj
 .rodata.irq_set_exclusive_handler.str1.4
                0x0000000010006990       0x36 CMakeFiles/arithmetic-logic.dir/home/geo/pico/pico-sdk/src/rp2_common/hardware_irq/irq.c.obj
 *fill*         0x00000000100069c6        0x2 
 .rodata.irq_add_shared_handler.str1.4
                0x00000000100069c8       0xd9 CMakeFiles/arithmetic-logic.dir/home/geo/pico/pico-sdk/src/rp2_common/hardware_irq/irq.c.obj
 *fill*         0x0000000010006aa1        0x3 
 .rodata.irq_remove_handler.str1.4
                0x0000000010006aa4       0x3a CMakeFiles/arithmetic-logic.dir/home/geo/pico/pico-sdk/src/rp2_common/hardware_irq/irq.c.obj
 *fill*         0x0000000010006ade        0x2 
 .rodata.irq_add_tail_to_free_list.str1.4
                0x0000000010006ae0       0x3a CMakeFiles/arithmetic-logic.dir/home/geo/pico/pico-sdk/src/rp2_common/hardware_irq/irq.c.obj
 *fill*         0x0000000010006b1a        0x2 
 .rodata.user_irq_claim_unused.str1.4
                0x0000000010006b1c       0x1b CMakeFiles/arithmetic-logic.dir/home/geo/pico/pico-sdk/src/rp2_common/hardware_irq/irq.c.obj
 *fill*         0x0000000010006b37        0x1 
 .rodata.__func__.0
                0x0000000010006b38       0x1a CMakeFiles/arithmetic-logic.dir/home/geo/pico/pico-sdk/src/rp2_common/hardware_irq/irq.c.obj
 *fill*         0x0000000010006b52        0x2 
 .rodata.__func__.1
                0x0000000010006b54       0x17 CMakeFiles/arithmetic-logic.dir/home/geo/pico/pico-sdk/src/rp2_common/hardware_irq/irq.c.obj
 *fill*         0x0000000010006b6b        0x1 
 .rodata.__func__.2
                0x0000000010006b6c       0x13 CMakeFiles/arithmetic-logic.dir/home/geo/pico/pico-sdk/src/rp2_common/hardware_irq/irq.c.obj
 *fill*         0x0000000010006b7f        0x1 
 .rodata.__func__.3
                0x0000000010006b80        0xc CMakeFiles/arithmetic-logic.dir/home/geo/pico/pico-sdk/src/rp2_common/hardware_irq/irq.c.obj
 .rodata.__func__.4
                0x0000000010006b8c        0xf CMakeFiles/arithmetic-logic.dir/home/geo/pico/pico-sdk/src/rp2_common/hardware_irq/irq.c.obj
 *fill*         0x0000000010006b9b        0x1 
 .rodata.__func__.5
                0x0000000010006b9c       0x17 CMakeFiles/arithmetic-logic.dir/home/geo/pico/pico-sdk/src/rp2_common/hardware_irq/irq.c.obj
 *fill*         0x0000000010006bb3        0x1 
 .rodata.__func__.6
                0x0000000010006bb4       0x1a CMakeFiles/arithmetic-logic.dir/home/geo/pico/pico-sdk/src/rp2_common/hardware_irq/irq.c.obj
 *fill*         0x0000000010006bce        0x2 
 .rodata.str1.4
                0x0000000010006bd0       0xe9 CMakeFiles/arithmetic-logic.dir/home/geo/pico/pico-sdk/src/common/pico_sync/mutex.c.obj
 *fill*         0x0000000010006cb9        0x3 
 .rodata.__func__.1
                0x0000000010006cbc        0xb CMakeFiles/arithmetic-logic.dir/home/geo/pico/pico-sdk/src/common/pico_sync/mutex.c.obj
 *fill*         0x0000000010006cc7        0x1 
 .rodata.__func__.3
                0x0000000010006cc8       0x18 CMakeFiles/arithmetic-logic.dir/home/geo/pico/pico-sdk/src/common/pico_sync/mutex.c.obj
 .rodata.__func__.4
                0x0000000010006ce0       0x15 CMakeFiles/arithmetic-logic.dir/home/geo/pico/pico-sdk/src/common/pico_sync/mutex.c.obj
 *fill*         0x0000000010006cf5        0x3 
 .rodata.repeating_timer_callback.str1.4
                0x0000000010006cf8       0x48 CMakeFiles/arithmetic-logic.dir/home/geo/pico/pico-sdk/src/common/pico_time/time.c.obj
 .rodata.timer_pool_entry_comparator.str1.4
                0x0000000010006d40       0x22 CMakeFiles/arithmetic-logic.dir/home/geo/pico/pico-sdk/src/common/pico_time/time.c.obj
 *fill*         0x0000000010006d62        0x2 
 .rodata.ph_add_child_node.str1.4
                0x0000000010006d64       0x92 CMakeFiles/arithmetic-logic.dir/home/geo/pico/pico-sdk/src/common/pico_time/time.c.obj
 *fill*         0x0000000010006df6        0x2 
 .rodata.add_alarm_under_lock.str1.4
                0x0000000010006df8       0x28 CMakeFiles/arithmetic-logic.dir/home/geo/pico/pico-sdk/src/common/pico_time/time.c.obj
                                         0x2b (size before relaxing)
 .rodata.alarm_pool_alarm_callback.str1.4
                0x0000000010006e20       0x98 CMakeFiles/arithmetic-logic.dir/home/geo/pico/pico-sdk/src/common/pico_time/time.c.obj
                                         0xf8 (size before relaxing)
 .rodata.alarm_pool_get_default.str1.4
                0x0000000010006eb8       0x21 CMakeFiles/arithmetic-logic.dir/home/geo/pico/pico-sdk/src/common/pico_time/time.c.obj
 *fill*         0x0000000010006ed9        0x3 
 .rodata.alarm_pool_cancel_alarm.str1.4
                0x0000000010006edc       0x27 CMakeFiles/arithmetic-logic.dir/home/geo/pico/pico-sdk/src/common/pico_time/time.c.obj
 *fill*         0x0000000010006f03        0x1 
 .rodata.sleep_until.str1.4
                0x0000000010006f04       0x4d CMakeFiles/arithmetic-logic.dir/home/geo/pico/pico-sdk/src/common/pico_time/time.c.obj
 *fill*         0x0000000010006f51        0x3 
 .rodata.__func__.1
                0x0000000010006f54       0x18 CMakeFiles/arithmetic-logic.dir/home/geo/pico/pico-sdk/src/common/pico_time/time.c.obj
 .rodata.__func__.10
                0x0000000010006f6c       0x15 CMakeFiles/arithmetic-logic.dir/home/geo/pico/pico-sdk/src/common/pico_time/time.c.obj
 *fill*         0x0000000010006f81        0x3 
 .rodata.__func__.11
                0x0000000010006f84       0x1a CMakeFiles/arithmetic-logic.dir/home/geo/pico/pico-sdk/src/common/pico_time/time.c.obj
 *fill*         0x0000000010006f9e        0x2 
 .rodata.__func__.12
                0x0000000010006fa0        0xa CMakeFiles/arithmetic-logic.dir/home/geo/pico/pico-sdk/src/common/pico_time/time.c.obj
 *fill*         0x0000000010006faa        0x2 
 .rodata.__func__.3
                0x0000000010006fac       0x17 CMakeFiles/arithmetic-logic.dir/home/geo/pico/pico-sdk/src/common/pico_time/time.c.obj
 *fill*         0x0000000010006fc3        0x1 
 .rodata.__func__.4
                0x0000000010006fc4       0x12 CMakeFiles/arithmetic-logic.dir/home/geo/pico/pico-sdk/src/common/pico_time/time.c.obj
 *fill*         0x0000000010006fd6        0x2 
 .rodata.__func__.5
                0x0000000010006fd8        0xd CMakeFiles/arithmetic-logic.dir/home/geo/pico/pico-sdk/src/common/pico_time/time.c.obj
 *fill*         0x0000000010006fe5        0x3 
 .rodata.__func__.6
                0x0000000010006fe8       0x12 CMakeFiles/arithmetic-logic.dir/home/geo/pico/pico-sdk/src/common/pico_time/time.c.obj
 *fill*         0x0000000010006ffa        0x2 
 .rodata.__func__.7
                0x0000000010006ffc        0xf CMakeFiles/arithmetic-logic.dir/home/geo/pico/pico-sdk/src/common/pico_time/time.c.obj
 *fill*         0x000000001000700b        0x1 
 .rodata.__func__.8
                0x000000001000700c        0xc CMakeFiles/arithmetic-logic.dir/home/geo/pico/pico-sdk/src/common/pico_time/time.c.obj
 .rodata.__func__.9
                0x0000000010007018       0x15 CMakeFiles/arithmetic-logic.dir/home/geo/pico/pico-sdk/src/common/pico_time/time.c.obj
 *fill*         0x000000001000702d        0x3 
 .rodata.hardware_alarm_claim.str1.4
                0x0000000010007030       0x22 CMakeFiles/arithmetic-logic.dir/home/geo/pico/pico-sdk/src/rp2_common/hardware_timer/timer.c.obj
 *fill*         0x0000000010007052        0x2 
 .rodata.hardware_alarm_set_target.str1.4
                0x0000000010007054       0x62 CMakeFiles/arithmetic-logic.dir/home/geo/pico/pico-sdk/src/rp2_common/hardware_timer/timer.c.obj
 *fill*         0x00000000100070b6        0x2 
 .rodata.__func__.0
                0x00000000100070b8       0x1a CMakeFiles/arithmetic-logic.dir/home/geo/pico/pico-sdk/src/rp2_common/hardware_timer/timer.c.obj
 .rodata.ph_add_child_node.str1.4
                0x00000000100070d2       0x92 CMakeFiles/arithmetic-logic.dir/home/geo/pico/pico-sdk/src/common/pico_util/pheap.c.obj
 *fill*         0x00000000100070d2        0x2 
 .rodata.ph_remove_any_head.str1.4
                0x00000000100070d4       0x8c CMakeFiles/arithmetic-logic.dir/home/geo/pico/pico-sdk/src/common/pico_util/pheap.c.obj
                                         0xa0 (size before relaxing)
 .rodata.ph_remove_and_free_node.str1.4
                0x0000000010007160       0x1e CMakeFiles/arithmetic-logic.dir/home/geo/pico/pico-sdk/src/common/pico_util/pheap.c.obj
                                         0x26 (size before relaxing)
 *fill*         0x000000001000717e        0x2 
 .rodata.__func__.0
                0x0000000010007180       0x18 CMakeFiles/arithmetic-logic.dir/home/geo/pico/pico-sdk/src/common/pico_util/pheap.c.obj
 .rodata.__func__.1
                0x0000000010007198       0x13 CMakeFiles/arithmetic-logic.dir/home/geo/pico/pico-sdk/src/common/pico_util/pheap.c.obj
 *fill*         0x00000000100071ab        0x1 
 .rodata.__func__.2
                0x00000000100071ac       0x12 CMakeFiles/arithmetic-logic.dir/home/geo/pico/pico-sdk/src/common/pico_util/pheap.c.obj
 *fill*         0x00000000100071be        0x2 
 .rodata.__func__.3
                0x00000000100071c0        0xc CMakeFiles/arithmetic-logic.dir/home/geo/pico/pico-sdk/src/common/pico_util/pheap.c.obj
 .rodata.clock_configure.str1.4
                0x00000000100071cc       0x54 CMakeFiles/arithmetic-logic.dir/home/geo/pico/pico-sdk/src/rp2_common/hardware_clocks/clocks.c.obj
 .rodata.__func__.1
                0x0000000010007220       0x10 CMakeFiles/arithmetic-logic.dir/home/geo/pico/pico-sdk/src/rp2_common/hardware_clocks/clocks.c.obj
 .rodata.pll_init.str1.4
                0x0000000010007230      0x120 CMakeFiles/arithmetic-logic.dir/home/geo/pico/pico-sdk/src/rp2_common/hardware_pll/pll.c.obj
 .rodata.__func__.0
                0x0000000010007350        0x9 CMakeFiles/arithmetic-logic.dir/home/geo/pico/pico-sdk/src/rp2_common/hardware_pll/pll.c.obj
 *fill*         0x0000000010007359        0x3 
 .rodata.__assert_func.str1.4
                0x000000001000735c       0x3f CMakeFiles/arithmetic-logic.dir/home/geo/pico/pico-sdk/src/rp2_common/pico_runtime/runtime.c.obj
                                         0x43 (size before relaxing)
 *fill*         0x000000001000739b        0x1 
 .rodata.runtime_init.str1.4
                0x000000001000739c       0x5e CMakeFiles/arithmetic-logic.dir/home/geo/pico/pico-sdk/src/rp2_common/pico_runtime/runtime.c.obj
 *fill*         0x00000000100073fa        0x2 
 .rodata.panic.str1.4
                0x00000000100073fc       0x12 CMakeFiles/arithmetic-logic.dir/home/geo/pico/pico-sdk/src/rp2_common/pico_runtime/runtime.c.obj
 *fill*         0x000000001000740e        0x2 
 .rodata.__func__.2
                0x0000000010007410        0xd CMakeFiles/arithmetic-logic.dir/home/geo/pico/pico-sdk/src/rp2_common/pico_runtime/runtime.c.obj
 *fill*         0x000000001000741d        0x3 
 .rodata._ftoa.str1.4
                0x0000000010007420       0x15 CMakeFiles/arithmetic-logic.dir/home/geo/pico/pico-sdk/src/rp2_common/pico_printf/printf.c.obj
 *fill*         0x0000000010007435        0x3 
 .rodata._vsnprintf
                0x0000000010007438      0x1e0 CMakeFiles/arithmetic-logic.dir/home/geo/pico/pico-sdk/src/rp2_common/pico_printf/printf.c.obj
 .rodata.pow10.0
                0x0000000010007618       0x50 CMakeFiles/arithmetic-logic.dir/home/geo/pico/pico-sdk/src/rp2_common/pico_printf/printf.c.obj
 .rodata.missing_double_func_shim.str1.4
                0x0000000010007668       0x18 CMakeFiles/arithmetic-logic.dir/home/geo/pico/pico-sdk/src/rp2_common/pico_double/double_init_rom.c.obj
 .rodata.__aeabi_double_init.str1.4
                0x0000000010007680       0x99 CMakeFiles/arithmetic-logic.dir/home/geo/pico/pico-sdk/src/rp2_common/pico_double/double_init_rom.c.obj
 *fill*         0x0000000010007719        0x3 
 .rodata.__func__.0
                0x000000001000771c       0x14 CMakeFiles/arithmetic-logic.dir/home/geo/pico/pico-sdk/src/rp2_common/pico_double/double_init_rom.c.obj
 .rodata.missing_float_func_shim.str1.4
                0x0000000010007730        0x1 CMakeFiles/arithmetic-logic.dir/home/geo/pico/pico-sdk/src/rp2_common/pico_float/float_init_rom.c.obj
 .rodata.__aeabi_float_init.str1.4
                0x0000000010007730       0x77 CMakeFiles/arithmetic-logic.dir/home/geo/pico/pico-sdk/src/rp2_common/pico_float/float_init_rom.c.obj
 *fill*         0x00000000100077a7        0x1 
 .rodata.__func__.0
                0x00000000100077a8       0x13 CMakeFiles/arithmetic-logic.dir/home/geo/pico/pico-sdk/src/rp2_common/pico_float/float_init_rom.c.obj
 *fill*         0x00000000100077bb        0x1 
 .rodata.str1.4
                0x00000000100077bc       0x48 CMakeFiles/arithmetic-logic.dir/home/geo/pico/pico-sdk/src/rp2_common/pico_standard_link/binary_info.c.obj
 .rodata.__bi_44
                0x0000000010007804        0xc CMakeFiles/arithmetic-logic.dir/home/geo/pico/pico-sdk/src/rp2_common/pico_standard_link/binary_info.c.obj
 .rodata.__bi_75
                0x0000000010007810        0xc CMakeFiles/arithmetic-logic.dir/home/geo/pico/pico-sdk/src/rp2_common/pico_standard_link/binary_info.c.obj
 .rodata.__bi_81
                0x000000001000781c        0xc CMakeFiles/arithmetic-logic.dir/home/geo/pico/pico-sdk/src/rp2_common/pico_standard_link/binary_info.c.obj
 .rodata.stdout_serialize_begin.str1.4
                0x0000000010007828       0x5e CMakeFiles/arithmetic-logic.dir/home/geo/pico/pico-sdk/src/rp2_common/pico_stdio/stdio.c.obj
 .rodata.__func__.3
                0x0000000010007828       0x15 CMakeFiles/arithmetic-logic.dir/home/geo/pico/pico-sdk/src/rp2_common/pico_stdio/stdio.c.obj
 *fill*         0x000000001000783d        0x3 
 .rodata.crlf_str.2
                0x0000000010007840        0x2 CMakeFiles/arithmetic-logic.dir/home/geo/pico/pico-sdk/src/rp2_common/pico_stdio/stdio.c.obj
 *fill*         0x0000000010007842        0x2 
 .rodata._resetd_driver
                0x0000000010007844       0x18 CMakeFiles/arithmetic-logic.dir/home/geo/pico/pico-sdk/src/rp2_common/pico_stdio_usb/reset_interface.c.obj
 .rodata.low_priority_worker_irq.str1.4
                0x000000001000785c       0x5e CMakeFiles/arithmetic-logic.dir/home/geo/pico/pico-sdk/src/rp2_common/pico_stdio_usb/stdio_usb.c.obj
 .rodata.stdio_usb_init.str1.4
                0x000000001000785c       0x42 CMakeFiles/arithmetic-logic.dir/home/geo/pico/pico-sdk/src/rp2_common/pico_stdio_usb/stdio_usb.c.obj
                                         0x4a (size before relaxing)
 *fill*         0x000000001000789e        0x2 
 .rodata.str1.4
                0x00000000100078a0       0x13 CMakeFiles/arithmetic-logic.dir/home/geo/pico/pico-sdk/src/rp2_common/pico_stdio_usb/stdio_usb.c.obj
 *fill*         0x00000000100078b3        0x1 
 .rodata.__bi_182.0
                0x00000000100078b4        0xc CMakeFiles/arithmetic-logic.dir/home/geo/pico/pico-sdk/src/rp2_common/pico_stdio_usb/stdio_usb.c.obj
 .rodata.__func__.1
                0x00000000100078c0        0xf CMakeFiles/arithmetic-logic.dir/home/geo/pico/pico-sdk/src/rp2_common/pico_stdio_usb/stdio_usb.c.obj
 *fill*         0x00000000100078cf        0x1 
 .rodata.__func__.3
                0x00000000100078d0       0x15 CMakeFiles/arithmetic-logic.dir/home/geo/pico/pico-sdk/src/rp2_common/pico_stdio_usb/stdio_usb.c.obj
 *fill*         0x00000000100078e5        0x3 
 .rodata.str1.4
                0x00000000100078e8       0x2a CMakeFiles/arithmetic-logic.dir/home/geo/pico/pico-sdk/src/rp2_common/pico_stdio_usb/stdio_usb_descriptors.c.obj
 *fill*         0x0000000010007912        0x2 
 .rodata.usbd_desc_cfg
                0x0000000010007914       0x54 CMakeFiles/arithmetic-logic.dir/home/geo/pico/pico-sdk/src/rp2_common/pico_stdio_usb/stdio_usb_descriptors.c.obj
 .rodata.usbd_desc_device
                0x0000000010007968       0x12 CMakeFiles/arithmetic-logic.dir/home/geo/pico/pico-sdk/src/rp2_common/pico_stdio_usb/stdio_usb_descriptors.c.obj
 *fill*         0x000000001000797a        0x2 
 .rodata.usbd_desc_str
                0x000000001000797c       0x18 CMakeFiles/arithmetic-logic.dir/home/geo/pico/pico-sdk/src/rp2_common/pico_stdio_usb/stdio_usb_descriptors.c.obj
 .rodata.pico_get_unique_board_id_string.str1.4
                0x0000000010007994       0x4a CMakeFiles/arithmetic-logic.dir/home/geo/pico/pico-sdk/src/rp2_common/pico_unique_id/unique_id.c.obj
 *fill*         0x00000000100079de        0x2 
 .rodata.__func__.0
                0x00000000100079e0       0x20 CMakeFiles/arithmetic-logic.dir/home/geo/pico/pico-sdk/src/rp2_common/pico_unique_id/unique_id.c.obj
 .rodata.str1.4
                0x0000000010007a00      0x156 CMakeFiles/arithmetic-logic.dir/home/geo/pico/pico-sdk/src/rp2_common/hardware_flash/flash.c.obj
 *fill*         0x0000000010007b56        0x2 
 .rodata.__func__.0
                0x0000000010007b58        0xd CMakeFiles/arithmetic-logic.dir/home/geo/pico/pico-sdk/src/rp2_common/hardware_flash/flash.c.obj
 *fill*         0x0000000010007b65        0x3 
 .rodata._hw_endpoint_alloc.str1.4
                0x0000000010007b68       0xb5 CMakeFiles/arithmetic-logic.dir/home/geo/pico/pico-sdk/lib/tinyusb/src/portable/raspberrypi/rp2040/dcd_rp2040.c.obj
 *fill*         0x0000000010007c1d        0x3 
 .rodata.str1.4
                0x0000000010007c20       0x14 CMakeFiles/arithmetic-logic.dir/home/geo/pico/pico-sdk/lib/tinyusb/src/portable/raspberrypi/rp2040/dcd_rp2040.c.obj
 .rodata.dcd_int_enable.str1.4
                0x0000000010007c34        0xc CMakeFiles/arithmetic-logic.dir/home/geo/pico/pico-sdk/lib/tinyusb/src/portable/raspberrypi/rp2040/dcd_rp2040.c.obj
 .rodata.__func__.0
                0x0000000010007c40        0xe CMakeFiles/arithmetic-logic.dir/home/geo/pico/pico-sdk/lib/tinyusb/src/portable/raspberrypi/rp2040/dcd_rp2040.c.obj
 *fill*         0x0000000010007c4e        0x2 
 .rodata.__func__.1
                0x0000000010007c50        0xe CMakeFiles/arithmetic-logic.dir/home/geo/pico/pico-sdk/lib/tinyusb/src/portable/raspberrypi/rp2040/dcd_rp2040.c.obj
 *fill*         0x0000000010007c5e        0x2 
 .rodata.__func__.3
                0x0000000010007c60       0x10 CMakeFiles/arithmetic-logic.dir/home/geo/pico/pico-sdk/lib/tinyusb/src/portable/raspberrypi/rp2040/dcd_rp2040.c.obj
 .rodata.__func__.5
                0x0000000010007c70        0xf CMakeFiles/arithmetic-logic.dir/home/geo/pico/pico-sdk/lib/tinyusb/src/portable/raspberrypi/rp2040/dcd_rp2040.c.obj
 *fill*         0x0000000010007c7f        0x1 
 .rodata.__func__.6
                0x0000000010007c80       0x13 CMakeFiles/arithmetic-logic.dir/home/geo/pico/pico-sdk/lib/tinyusb/src/portable/raspberrypi/rp2040/dcd_rp2040.c.obj
 *fill*         0x0000000010007c93        0x1 
 .rodata.__func__.7
                0x0000000010007c94        0x9 CMakeFiles/arithmetic-logic.dir/home/geo/pico/pico-sdk/lib/tinyusb/src/portable/raspberrypi/rp2040/dcd_rp2040.c.obj
 *fill*         0x0000000010007c9d        0x3 
 .rodata.str1.4
                0x0000000010007ca0       0xe7 CMakeFiles/arithmetic-logic.dir/home/geo/pico/pico-sdk/lib/tinyusb/src/portable/raspberrypi/rp2040/rp2040_usb.c.obj
 *fill*         0x0000000010007d87        0x1 
 .rodata.__func__.0
                0x0000000010007d88        0xf CMakeFiles/arithmetic-logic.dir/home/geo/pico/pico-sdk/lib/tinyusb/src/portable/raspberrypi/rp2040/rp2040_usb.c.obj
 *fill*         0x0000000010007d97        0x1 
 .rodata.process_get_descriptor
                0x0000000010007d98       0x40 CMakeFiles/arithmetic-logic.dir/home/geo/pico/pico-sdk/lib/tinyusb/src/device/usbd.c.obj
 .rodata.process_control_request
                0x0000000010007dd8       0x28 CMakeFiles/arithmetic-logic.dir/home/geo/pico/pico-sdk/lib/tinyusb/src/device/usbd.c.obj
 .rodata.tud_task_ext
                0x0000000010007e00       0x24 CMakeFiles/arithmetic-logic.dir/home/geo/pico/pico-sdk/lib/tinyusb/src/device/usbd.c.obj
 .rodata._usbd_driver
                0x0000000010007e24       0x18 CMakeFiles/arithmetic-logic.dir/home/geo/pico/pico-sdk/lib/tinyusb/src/device/usbd.c.obj
                0x0000000010007e3c                . = ALIGN (0x4)
 *(SORT_BY_ALIGNMENT(SORT_BY_NAME(.flashdata*)))
                0x0000000010007e3c                . = ALIGN (0x4)

.ARM.extab
 *(.ARM.extab* .gnu.linkonce.armextab.*)
                0x0000000010007e3c                __exidx_start = .

.ARM.exidx
 *(.ARM.exidx* .gnu.linkonce.armexidx.*)
                0x0000000010007e3c                __exidx_end = .
                0x0000000010007e3c                . = ALIGN (0x4)
                0x0000000010007e3c                __binary_info_start = .

.binary_info    0x0000000010007e3c       0x20
 *(.binary_info.keep.*)
 .binary_info.keep.__bi_ptr22
                0x0000000010007e3c        0x4 CMakeFiles/arithmetic-logic.dir/home/geo/pico/pico-sdk/src/rp2_common/pico_standard_link/binary_info.c.obj
 .binary_info.keep.__bi_ptr30
                0x0000000010007e40        0x4 CMakeFiles/arithmetic-logic.dir/home/geo/pico/pico-sdk/src/rp2_common/pico_standard_link/binary_info.c.obj
 .binary_info.keep.__bi_ptr38
                0x0000000010007e44        0x4 CMakeFiles/arithmetic-logic.dir/home/geo/pico/pico-sdk/src/rp2_common/pico_standard_link/binary_info.c.obj
 .binary_info.keep.__bi_ptr44
                0x0000000010007e48        0x4 CMakeFiles/arithmetic-logic.dir/home/geo/pico/pico-sdk/src/rp2_common/pico_standard_link/binary_info.c.obj
 .binary_info.keep.__bi_ptr50
                0x0000000010007e4c        0x4 CMakeFiles/arithmetic-logic.dir/home/geo/pico/pico-sdk/src/rp2_common/pico_standard_link/binary_info.c.obj
 .binary_info.keep.__bi_ptr75
                0x0000000010007e50        0x4 CMakeFiles/arithmetic-logic.dir/home/geo/pico/pico-sdk/src/rp2_common/pico_standard_link/binary_info.c.obj
 .binary_info.keep.__bi_ptr81
                0x0000000010007e54        0x4 CMakeFiles/arithmetic-logic.dir/home/geo/pico/pico-sdk/src/rp2_common/pico_standard_link/binary_info.c.obj
 *(.binary_info.*)
 .binary_info.__bi_ptr182
                0x0000000010007e58        0x4 CMakeFiles/arithmetic-logic.dir/home/geo/pico/pico-sdk/src/rp2_common/pico_stdio_usb/stdio_usb.c.obj
                0x0000000010007e5c                __binary_info_end = .

.rel.dyn        0x0000000010007e5c        0x0
 .rel.iplt      0x0000000010007e5c        0x0 /usr/lib/gcc/arm-none-eabi/10.3.1/thumb/v6-m/nofp/crtbegin.o
                0x0000000010007e5c                . = ALIGN (0x4)

.ram_vector_table
                0x0000000020000000       0xc0
 *(.ram_vector_table)
 .ram_vector_table
                0x0000000020000000       0xc0 CMakeFiles/arithmetic-logic.dir/home/geo/pico/pico-sdk/src/rp2_common/pico_runtime/runtime.c.obj
                0x0000000020000000                ram_vector_table

.data           0x00000000200000c0      0xbf0 load address 0x0000000010007e5c
                0x00000000200000c0                __data_start__ = .
 *(vtable)
 *(.time_critical*)
 .time_critical.mutex_try_enter
                0x00000000200000c0       0x46 CMakeFiles/arithmetic-logic.dir/home/geo/pico/pico-sdk/src/common/pico_sync/mutex.c.obj
                0x00000000200000c0                mutex_try_enter
 *fill*         0x0000000020000106        0x2 
 .time_critical.mutex_enter_block_until
                0x0000000020000108       0x8c CMakeFiles/arithmetic-logic.dir/home/geo/pico/pico-sdk/src/common/pico_sync/mutex.c.obj
                0x0000000020000108                mutex_enter_block_until
 .time_critical.mutex_try_enter_block_until
                0x0000000020000194       0x34 CMakeFiles/arithmetic-logic.dir/home/geo/pico/pico-sdk/src/common/pico_sync/mutex.c.obj
                0x0000000020000194                mutex_try_enter_block_until
 .time_critical.mutex_enter_timeout_ms
                0x00000000200001c8       0x68 CMakeFiles/arithmetic-logic.dir/home/geo/pico/pico-sdk/src/common/pico_sync/mutex.c.obj
                0x00000000200001c8                mutex_enter_timeout_ms
 .time_critical.mutex_exit
                0x0000000020000230       0x4c CMakeFiles/arithmetic-logic.dir/home/geo/pico/pico-sdk/src/common/pico_sync/mutex.c.obj
                0x0000000020000230                mutex_exit
 .time_critical.flash_init_boot2_copyout
                0x000000002000027c       0x30 CMakeFiles/arithmetic-logic.dir/home/geo/pico/pico-sdk/src/rp2_common/hardware_flash/flash.c.obj
 .time_critical.flash_enable_xip_via_boot2
                0x00000000200002ac       0x10 CMakeFiles/arithmetic-logic.dir/home/geo/pico/pico-sdk/src/rp2_common/hardware_flash/flash.c.obj
 .time_critical.flash_cs_force
                0x00000000200002bc       0x28 CMakeFiles/arithmetic-logic.dir/home/geo/pico/pico-sdk/src/rp2_common/hardware_flash/flash.c.obj
 .time_critical.flash_do_cmd
                0x00000000200002e4       0xd8 CMakeFiles/arithmetic-logic.dir/home/geo/pico/pico-sdk/src/rp2_common/hardware_flash/flash.c.obj
                0x00000000200002e4                flash_do_cmd
 .time_critical.reset_non_control_endpoints
                0x00000000200003bc       0x40 CMakeFiles/arithmetic-logic.dir/home/geo/pico/pico-sdk/lib/tinyusb/src/portable/raspberrypi/rp2040/dcd_rp2040.c.obj
 .time_critical.hw_handle_buff_status
                0x00000000200003fc       0xa4 CMakeFiles/arithmetic-logic.dir/home/geo/pico/pico-sdk/lib/tinyusb/src/portable/raspberrypi/rp2040/dcd_rp2040.c.obj
 .time_critical.dcd_rp2040_irq
                0x00000000200004a0      0x1cc CMakeFiles/arithmetic-logic.dir/home/geo/pico/pico-sdk/lib/tinyusb/src/portable/raspberrypi/rp2040/dcd_rp2040.c.obj
 .time_critical.e15_is_bulkin_ep
                0x000000002000066c       0x2c CMakeFiles/arithmetic-logic.dir/home/geo/pico/pico-sdk/lib/tinyusb/src/portable/raspberrypi/rp2040/rp2040_usb.c.obj
 .time_critical.e15_is_critical_frame_period
                0x0000000020000698       0x30 CMakeFiles/arithmetic-logic.dir/home/geo/pico/pico-sdk/lib/tinyusb/src/portable/raspberrypi/rp2040/rp2040_usb.c.obj
 .time_critical.prepare_ep_buffer
                0x00000000200006c8       0x70 CMakeFiles/arithmetic-logic.dir/home/geo/pico/pico-sdk/lib/tinyusb/src/portable/raspberrypi/rp2040/rp2040_usb.c.obj
 .time_critical.sync_ep_buffer
                0x0000000020000738       0x80 CMakeFiles/arithmetic-logic.dir/home/geo/pico/pico-sdk/lib/tinyusb/src/portable/raspberrypi/rp2040/rp2040_usb.c.obj
 .time_critical._hw_endpoint_xfer_sync
                0x00000000200007b8       0x28 CMakeFiles/arithmetic-logic.dir/home/geo/pico/pico-sdk/lib/tinyusb/src/portable/raspberrypi/rp2040/rp2040_usb.c.obj
 .time_critical.hw_endpoint_reset_transfer
                0x00000000200007e0        0xc CMakeFiles/arithmetic-logic.dir/home/geo/pico/pico-sdk/lib/tinyusb/src/portable/raspberrypi/rp2040/rp2040_usb.c.obj
                0x00000000200007e0                hw_endpoint_reset_transfer
 .time_critical._hw_endpoint_buffer_control_update32
                0x00000000200007ec       0x58 CMakeFiles/arithmetic-logic.dir/home/geo/pico/pico-sdk/lib/tinyusb/src/portable/raspberrypi/rp2040/rp2040_usb.c.obj
                0x00000000200007ec                _hw_endpoint_buffer_control_update32
 .time_critical.hw_endpoint_start_next_buffer
                0x0000000020000844       0x88 CMakeFiles/arithmetic-logic.dir/home/geo/pico/pico-sdk/lib/tinyusb/src/portable/raspberrypi/rp2040/rp2040_usb.c.obj
                0x0000000020000844                hw_endpoint_start_next_buffer
 .time_critical.hw_endpoint_xfer_continue
                0x00000000200008cc       0x50 CMakeFiles/arithmetic-logic.dir/home/geo/pico/pico-sdk/lib/tinyusb/src/portable/raspberrypi/rp2040/rp2040_usb.c.obj
                0x00000000200008cc                hw_endpoint_xfer_continue
 .time_critical.tinyusb
                0x000000002000091c      0x200 CMakeFiles/arithmetic-logic.dir/home/geo/pico/pico-sdk/lib/tinyusb/src/device/usbd.c.obj
                0x000000002000091c                dcd_event_handler
 *(.text*)
 .text          0x0000000020000b1c        0x4 /usr/lib/gcc/arm-none-eabi/10.3.1/thumb/v6-m/nofp/libgcc.a(_dvmd_tls.o)
                0x0000000020000b1c                __aeabi_ldiv0
                0x0000000020000b1c                __aeabi_idiv0
 .text.__stub   0x0000000020000b20       0x90 linker stubs
                0x0000000020000bb0                . = ALIGN (0x4)
 *(.rodata*)
                0x0000000020000bb0                . = ALIGN (0x4)
 *(.data*)
 .data.striped_spin_lock_num
                0x0000000020000bb0        0x1 CMakeFiles/arithmetic-logic.dir/home/geo/pico/pico-sdk/src/rp2_common/hardware_sync/sync.c.obj
 *fill*         0x0000000020000bb1        0x3 
 .data          0x0000000020000bb4       0x48 CMakeFiles/arithmetic-logic.dir/home/geo/pico/pico-sdk/src/rp2_common/hardware_irq/irq_handler_chain.S.obj
                0x0000000020000bb4                irq_handler_chain_slots
                0x0000000020000be4                irq_handler_chain_first_slot
                0x0000000020000bee                irq_handler_chain_remove_tail
 .data.default_alarm_pool
                0x0000000020000bfc       0x18 CMakeFiles/arithmetic-logic.dir/home/geo/pico/pico-sdk/src/common/pico_time/time.c.obj
 .data.default_alarm_pool_heap
                0x0000000020000c14       0x10 CMakeFiles/arithmetic-logic.dir/home/geo/pico/pico-sdk/src/common/pico_time/time.c.obj
 *fill*         0x0000000020000c24        0xc 
 .data.aeabi_bits_funcs
                0x0000000020000c30       0x10 CMakeFiles/arithmetic-logic.dir/home/geo/pico/pico-sdk/src/rp2_common/pico_bit_ops/bit_ops_aeabi.S.obj
                0x0000000020000c30                aeabi_bits_funcs
                0x0000000020000c40                aeabi_bits_funcs_end
 .data.aeabi_mem_funcs
                0x0000000020000c40       0x10 CMakeFiles/arithmetic-logic.dir/home/geo/pico/pico-sdk/src/rp2_common/pico_mem_ops/mem_ops_aeabi.S.obj
                0x0000000020000c40                aeabi_mem_funcs
                0x0000000020000c50                aeabi_mem_funcs_end
 .data.stdio_usb
                0x0000000020000c50       0x18 CMakeFiles/arithmetic-logic.dir/home/geo/pico/pico-sdk/src/rp2_common/pico_stdio_usb/stdio_usb.c.obj
                0x0000000020000c50                stdio_usb
 .data.ep_dir_string
                0x0000000020000c68        0x8 CMakeFiles/arithmetic-logic.dir/home/geo/pico/pico-sdk/lib/tinyusb/src/portable/raspberrypi/rp2040/rp2040_usb.c.obj
                0x0000000020000c68                ep_dir_string
 .data._usbd_qdef
                0x0000000020000c70       0x1c CMakeFiles/arithmetic-logic.dir/home/geo/pico/pico-sdk/lib/tinyusb/src/device/usbd.c.obj
                0x0000000020000c70                _usbd_qdef
 .data._usbd_rhport
                0x0000000020000c8c        0x1 CMakeFiles/arithmetic-logic.dir/home/geo/pico/pico-sdk/lib/tinyusb/src/device/usbd.c.obj
                0x0000000020000c90                . = ALIGN (0x4)
 *fill*         0x0000000020000c8d        0x3 
 *(.after_data.*)
                0x0000000020000c90                . = ALIGN (0x4)
                0x0000000020000c90                PROVIDE (__mutex_array_start = .)
 *(SORT_BY_NAME(.mutex_array.*))
 *(.mutex_array)
 .mutex_array   0x0000000020000c90        0x8 CMakeFiles/arithmetic-logic.dir/home/geo/pico/pico-sdk/src/rp2_common/pico_stdio/stdio.c.obj
                0x0000000020000c98                PROVIDE (__mutex_array_end = .)
                0x0000000020000c98                . = ALIGN (0x4)
                0x0000000020000c98                PROVIDE (__preinit_array_start = .)
 *(SORT_BY_NAME(.preinit_array.*))
 .preinit_array.00001
                0x0000000020000c98        0x4 CMakeFiles/arithmetic-logic.dir/home/geo/pico/pico-sdk/src/rp2_common/pico_mem_ops/mem_ops_aeabi.S.obj
 .preinit_array.00010
                0x0000000020000c9c        0x4 CMakeFiles/arithmetic-logic.dir/home/geo/pico/pico-sdk/src/rp2_common/pico_bit_ops/bit_ops_aeabi.S.obj
 .preinit_array.00020
                0x0000000020000ca0        0x4 CMakeFiles/arithmetic-logic.dir/home/geo/pico/pico-sdk/src/rp2_common/pico_double/double_aeabi.S.obj
 .preinit_array.00020
                0x0000000020000ca4        0x4 CMakeFiles/arithmetic-logic.dir/home/geo/pico/pico-sdk/src/rp2_common/pico_float/float_aeabi.S.obj
 *(.preinit_array)
                0x0000000020000ca8                PROVIDE (__preinit_array_end = .)
                0x0000000020000ca8                . = ALIGN (0x4)
                0x0000000020000ca8                PROVIDE (__init_array_start = .)
 *(SORT_BY_NAME(.init_array.*))
 *(.init_array)
 .init_array    0x0000000020000ca8        0x4 /usr/lib/gcc/arm-none-eabi/10.3.1/thumb/v6-m/nofp/crtbegin.o
 .init_array    0x0000000020000cac        0x4 CMakeFiles/arithmetic-logic.dir/home/geo/pico/pico-sdk/src/rp2_common/pico_unique_id/unique_id.c.obj
                0x0000000020000cb0                PROVIDE (__init_array_end = .)
                0x0000000020000cb0                . = ALIGN (0x4)
                0x0000000020000cb0                PROVIDE (__fini_array_start = .)
 *(SORT_BY_NAME(.fini_array.*))
 *(.fini_array)
                0x0000000020000cb0                PROVIDE (__fini_array_end = .)
 *(.jcr)
                0x0000000020000cb0                . = ALIGN (0x4)
                0x0000000020000cb0                __data_end__ = .
                0x0000000010007e5c                __etext = LOADADDR (.data)

.tm_clone_table
                0x0000000020000cb0        0x0 load address 0x0000000010008a4c
 .tm_clone_table
                0x0000000020000cb0        0x0 /usr/lib/gcc/arm-none-eabi/10.3.1/thumb/v6-m/nofp/crtbegin.o
 .tm_clone_table
                0x0000000020000cb0        0x0 /usr/lib/gcc/arm-none-eabi/10.3.1/thumb/v6-m/nofp/crtend.o

.igot.plt       0x0000000020000cb0        0x0 load address 0x0000000010008a4c
 .igot.plt      0x0000000020000cb0        0x0 /usr/lib/gcc/arm-none-eabi/10.3.1/thumb/v6-m/nofp/crtbegin.o

.uninitialized_data
                0x0000000020000cb0        0x0 load address 0x0000000010008a4c
                0x0000000020000cb0                . = ALIGN (0x4)
 *(.uninitialized_data*)

.scratch_x      0x0000000020040000        0x0 load address 0x0000000010008a4c
                0x0000000020040000                __scratch_x_start__ = .
 *(.scratch_x.*)
                0x0000000020040000                . = ALIGN (0x4)
                0x0000000020040000                __scratch_x_end__ = .
                0x0000000010008a4c                __scratch_x_source__ = LOADADDR (.scratch_x)

.scratch_y      0x0000000020041000        0x0 load address 0x0000000010008a4c
                0x0000000020041000                __scratch_y_start__ = .
 *(.scratch_y.*)
                0x0000000020041000                . = ALIGN (0x4)
                0x0000000020041000                __scratch_y_end__ = .
                0x0000000010008a4c                __scratch_y_source__ = LOADADDR (.scratch_y)
