Archive member included to satisfy reference by file (symbol)

/usr/lib/gcc/arm-none-eabi/10.3.1/thumb/v6-m/nofp/libgcc.a(_dvmd_tls.o)
                              CMakeFiles/arithmetic-logic.dir/home/geo/pico/pico-sdk/src/rp2_common/pico_divider/divider.S.obj (__aeabi_idiv0)
/usr/lib/gcc/arm-none-eabi/10.3.1/../../../arm-none-eabi/lib/thumb/v6-m/nofp/libg.a(lib_a-atexit.o)
                              /usr/lib/gcc/arm-none-eabi/10.3.1/../../../arm-none-eabi/lib/thumb/v6-m/nofp/crt0.o (atexit)
/usr/lib/gcc/arm-none-eabi/10.3.1/../../../arm-none-eabi/lib/thumb/v6-m/nofp/libg.a(lib_a-calloc.o)
                              CMakeFiles/arithmetic-logic.dir/home/geo/pico/pico-sdk/src/rp2_common/pico_malloc/pico_malloc.c.obj (calloc)
/usr/lib/gcc/arm-none-eabi/10.3.1/../../../arm-none-eabi/lib/thumb/v6-m/nofp/libg.a(lib_a-callocr.o)
                              /usr/lib/gcc/arm-none-eabi/10.3.1/../../../arm-none-eabi/lib/thumb/v6-m/nofp/libg.a(lib_a-calloc.o) (_calloc_r)
/usr/lib/gcc/arm-none-eabi/10.3.1/../../../arm-none-eabi/lib/thumb/v6-m/nofp/libg.a(lib_a-fini.o)
                              /usr/lib/gcc/arm-none-eabi/10.3.1/../../../arm-none-eabi/lib/thumb/v6-m/nofp/crt0.o (__libc_fini_array)
/usr/lib/gcc/arm-none-eabi/10.3.1/../../../arm-none-eabi/lib/thumb/v6-m/nofp/libg.a(lib_a-impure.o)
                              /usr/lib/gcc/arm-none-eabi/10.3.1/../../../arm-none-eabi/lib/thumb/v6-m/nofp/libg.a(lib_a-calloc.o) (_impure_ptr)
/usr/lib/gcc/arm-none-eabi/10.3.1/../../../arm-none-eabi/lib/thumb/v6-m/nofp/libg.a(lib_a-init.o)
                              /usr/lib/gcc/arm-none-eabi/10.3.1/../../../arm-none-eabi/lib/thumb/v6-m/nofp/crt0.o (__libc_init_array)
/usr/lib/gcc/arm-none-eabi/10.3.1/../../../arm-none-eabi/lib/thumb/v6-m/nofp/libg.a(lib_a-malloc.o)
                              CMakeFiles/arithmetic-logic.dir/home/geo/pico/pico-sdk/src/rp2_common/pico_malloc/pico_malloc.c.obj (malloc)
/usr/lib/gcc/arm-none-eabi/10.3.1/../../../arm-none-eabi/lib/thumb/v6-m/nofp/libg.a(lib_a-mallocr.o)
                              /usr/lib/gcc/arm-none-eabi/10.3.1/../../../arm-none-eabi/lib/thumb/v6-m/nofp/libg.a(lib_a-callocr.o) (_malloc_r)
/usr/lib/gcc/arm-none-eabi/10.3.1/../../../arm-none-eabi/lib/thumb/v6-m/nofp/libg.a(lib_a-mlock.o)
                              /usr/lib/gcc/arm-none-eabi/10.3.1/../../../arm-none-eabi/lib/thumb/v6-m/nofp/libg.a(lib_a-mallocr.o) (__malloc_lock)
/usr/lib/gcc/arm-none-eabi/10.3.1/../../../arm-none-eabi/lib/thumb/v6-m/nofp/libg.a(lib_a-realloc.o)
                              CMakeFiles/arithmetic-logic.dir/home/geo/pico/pico-sdk/src/rp2_common/pico_malloc/pico_malloc.c.obj (realloc)
/usr/lib/gcc/arm-none-eabi/10.3.1/../../../arm-none-eabi/lib/thumb/v6-m/nofp/libg.a(lib_a-reallocr.o)
                              /usr/lib/gcc/arm-none-eabi/10.3.1/../../../arm-none-eabi/lib/thumb/v6-m/nofp/libg.a(lib_a-realloc.o) (_realloc_r)
/usr/lib/gcc/arm-none-eabi/10.3.1/../../../arm-none-eabi/lib/thumb/v6-m/nofp/libg.a(lib_a-sbrkr.o)
                              /usr/lib/gcc/arm-none-eabi/10.3.1/../../../arm-none-eabi/lib/thumb/v6-m/nofp/libg.a(lib_a-mallocr.o) (_sbrk_r)
/usr/lib/gcc/arm-none-eabi/10.3.1/../../../arm-none-eabi/lib/thumb/v6-m/nofp/libg.a(lib_a-strlen-stub.o)
                              CMakeFiles/arithmetic-logic.dir/home/geo/pico/pico-sdk/src/rp2_common/pico_stdio/stdio.c.obj (strlen)
/usr/lib/gcc/arm-none-eabi/10.3.1/../../../arm-none-eabi/lib/thumb/v6-m/nofp/libg.a(lib_a-__atexit.o)
                              /usr/lib/gcc/arm-none-eabi/10.3.1/../../../arm-none-eabi/lib/thumb/v6-m/nofp/libg.a(lib_a-atexit.o) (__register_exitproc)
/usr/lib/gcc/arm-none-eabi/10.3.1/../../../arm-none-eabi/lib/thumb/v6-m/nofp/libg.a(lib_a-freer.o)
                              /usr/lib/gcc/arm-none-eabi/10.3.1/../../../arm-none-eabi/lib/thumb/v6-m/nofp/libg.a(lib_a-malloc.o) (_free_r)
/usr/lib/gcc/arm-none-eabi/10.3.1/../../../arm-none-eabi/lib/thumb/v6-m/nofp/libg.a(lib_a-memmove.o)
                              /usr/lib/gcc/arm-none-eabi/10.3.1/../../../arm-none-eabi/lib/thumb/v6-m/nofp/libg.a(lib_a-reallocr.o) (memmove)
/usr/lib/gcc/arm-none-eabi/10.3.1/../../../arm-none-eabi/lib/thumb/v6-m/nofp/libg.a(lib_a-reent.o)
                              /usr/lib/gcc/arm-none-eabi/10.3.1/../../../arm-none-eabi/lib/thumb/v6-m/nofp/libg.a(lib_a-sbrkr.o) (errno)

Discarded input sections

 .text          0x0000000000000000        0x0 /usr/lib/gcc/arm-none-eabi/10.3.1/thumb/v6-m/nofp/crti.o
 .data          0x0000000000000000        0x0 /usr/lib/gcc/arm-none-eabi/10.3.1/thumb/v6-m/nofp/crti.o
 .bss           0x0000000000000000        0x0 /usr/lib/gcc/arm-none-eabi/10.3.1/thumb/v6-m/nofp/crti.o
 .data          0x0000000000000000        0x4 /usr/lib/gcc/arm-none-eabi/10.3.1/thumb/v6-m/nofp/crtbegin.o
 .rodata        0x0000000000000000       0x24 /usr/lib/gcc/arm-none-eabi/10.3.1/thumb/v6-m/nofp/crtbegin.o
[...]
Memory Configuration

Name             Origin             Length             Attributes
FLASH            0x0000000010000000 0x0000000000200000 xr
RAM              0x0000000020000000 0x0000000000040000 xrw
SCRATCH_X        0x0000000020040000 0x0000000000001000 xrw
SCRATCH_Y        0x0000000020041000 0x0000000000001000 xrw
*default*        0x0000000000000000 0xffffffffffffffff

Linker script and memory map

LOAD /usr/lib/gcc/arm-none-eabi/10.3.1/thumb/v6-m/nofp/crti.o
LOAD /usr/lib/gcc/arm-none-eabi/10.3.1/thumb/v6-m/nofp/crtbegin.o
LOAD /usr/lib/gcc/arm-none-eabi/10.3.1/../../../arm-none-eabi/lib/thumb/v6-m/nofp/crt0.o

.flash_begin    0x0000000010000000        0x0
                0x0000000010000000                __flash_binary_start = .

.boot2          0x0000000010000000      0x100
                0x0000000010000000                __boot2_start__ = .
 *(.boot2)
 .boot2         0x0000000010000000      0x100 /tmp/ccVsAJ6k.o
                0x0000000010000100                __boot2_end__ = .
                0x0000000000000001                ASSERT (((__boot2_end__ - __boot2_start__) == 0x100), ERROR: Pico second stage bootloader must be 256 bytes in size)

.text           0x0000000010000100     0x66f8
                0x0000000010000100                __logical_binary_start = .
 *(.vectors)
 .vectors       0x0000000010000100       0xd4 CMakeFiles/arithmetic-logic.dir/home/geo/pico/pico-sdk/src/rp2_common/pico_standard_link/crt0.S.obj
                0x0000000010000100                __vectors
                0x0000000010000100                __VECTOR_TABLE
                0x00000000100001c0                isr_invalid
                0x00000000100001c0                __default_isrs_start
                0x00000000100001c2                isr_nmi
                0x00000000100001c4                isr_hardfault
                0x00000000100001c6                isr_svcall
                0x00000000100001c8                isr_pendsv
                0x00000000100001ca                isr_systick
                0x00000000100001cc                isr_irq30
                0x00000000100001cc                __unhandled_user_irq
                0x00000000100001cc                isr_irq13
                0x00000000100001cc                isr_irq27
                0x00000000100001cc                isr_irq31
                0x00000000100001cc                isr_irq5
                0x00000000100001cc                isr_irq11
                0x00000000100001cc                isr_irq23
                0x00000000100001cc                isr_irq18
                0x00000000100001cc                isr_irq28
                0x00000000100001cc                isr_irq19
                0x00000000100001cc                isr_irq0
                0x00000000100001cc                isr_irq6
                0x00000000100001cc                isr_irq22
                0x00000000100001cc                isr_irq17
                0x00000000100001cc                isr_irq14
                0x00000000100001cc                isr_irq2
                0x00000000100001cc                isr_irq10
                0x00000000100001cc                isr_irq8
                0x00000000100001cc                isr_irq24
                0x00000000100001cc                isr_irq1
                0x00000000100001cc                isr_irq7
                0x00000000100001cc                isr_irq21
                0x00000000100001cc                isr_irq20
                0x00000000100001cc                isr_irq15
                0x00000000100001cc                isr_irq25
                0x00000000100001cc                isr_irq4
                0x00000000100001cc                isr_irq16
                0x00000000100001cc                isr_irq29
                0x00000000100001cc                isr_irq26
                0x00000000100001cc                __default_isrs_end
                0x00000000100001cc                isr_irq3
                0x00000000100001cc                isr_irq12
                0x00000000100001cc                isr_irq9
                0x00000000100001d2                unhandled_user_irq_num_in_r0
 *(.binary_info_header)
 .binary_info_header
                0x00000000100001d4       0x14 CMakeFiles/arithmetic-logic.dir/home/geo/pico/pico-sdk/src/rp2_common/pico_standard_link/crt0.S.obj
                0x00000000100001e8                __binary_info_header_end = .
 *(.reset)
 .reset         0x00000000100001e8       0xa0 CMakeFiles/arithmetic-logic.dir/home/geo/pico/pico-sdk/src/rp2_common/pico_standard_link/crt0.S.obj
                0x00000000100001e8                _entry_point
 .reset         0x0000000010000288       0x30 CMakeFiles/arithmetic-logic.dir/home/geo/pico/pico-sdk/src/rp2_common/pico_standard_link/binary_info.c.obj
 *(.init)
 .init          0x00000000100002b8        0x4 /usr/lib/gcc/arm-none-eabi/10.3.1/thumb/v6-m/nofp/crti.o
                0x00000000100002b8                _init
 *(EXCLUDE_FILE(*libm.a: *libc.a:*lib_a-mem*.o *libgcc.a:) .text*)
 .text          0x00000000100002bc       0x98 /usr/lib/gcc/arm-none-eabi/10.3.1/thumb/v6-m/nofp/crtbegin.o
 *fill*         0x0000000010000354        0xc 
 .text          0x0000000010000360       0x64 CMakeFiles/arithmetic-logic.dir/arithmetic-logic.S.obj
                0x0000000010000360                main
 .text.running_on_fpga
                0x00000000100003c4       0x14 CMakeFiles/arithmetic-logic.dir/home/geo/pico/pico-sdk/src/rp2_common/pico_platform/platform.c.obj
                0x00000000100003c4                running_on_fpga
 .text.hw_claim_lock
                0x00000000100003d8       0x18 CMakeFiles/arithmetic-logic.dir/home/geo/pico/pico-sdk/src/rp2_common/hardware_claim/claim.c.obj
                0x00000000100003d8                hw_claim_lock
 .text.hw_claim_unlock
                0x00000000100003f0       0x14 CMakeFiles/arithmetic-logic.dir/home/geo/pico/pico-sdk/src/rp2_common/hardware_claim/claim.c.obj
                0x00000000100003f0                hw_claim_unlock
 .text.hw_claim_or_assert
                0x0000000010000404       0x32 CMakeFiles/arithmetic-logic.dir/home/geo/pico/pico-sdk/src/rp2_common/hardware_claim/claim.c.obj
                0x0000000010000404                hw_claim_or_assert
 .text.hw_claim_unused_from_range
                0x0000000010000436       0x50 CMakeFiles/arithmetic-logic.dir/home/geo/pico/pico-sdk/src/rp2_common/hardware_claim/claim.c.obj
                0x0000000010000436                hw_claim_unused_from_range
 *fill*         0x0000000010000486        0x2 
 .text.spin_locks_reset
                0x0000000010000488       0x20 CMakeFiles/arithmetic-logic.dir/home/geo/pico/pico-sdk/src/rp2_common/hardware_sync/sync.c.obj
                0x0000000010000488                spin_locks_reset
 .text.next_striped_spin_lock_num
                0x00000000100004a8       0x1c CMakeFiles/arithmetic-logic.dir/home/geo/pico/pico-sdk/src/rp2_common/hardware_sync/sync.c.obj
                0x00000000100004a8                next_striped_spin_lock_num
 .text.spin_lock_claim_unused
                0x00000000100004c4       0x20 CMakeFiles/arithmetic-logic.dir/home/geo/pico/pico-sdk/src/rp2_common/hardware_sync/sync.c.obj
                0x00000000100004c4                spin_lock_claim_unused
 .text.set_raw_irq_handler_and_unlock
                0x00000000100004e4       0x28 CMakeFiles/arithmetic-logic.dir/home/geo/pico/pico-sdk/src/rp2_common/hardware_irq/irq.c.obj
 .text.make_branch
                0x000000001000050c       0x48 CMakeFiles/arithmetic-logic.dir/home/geo/pico/pico-sdk/src/rp2_common/hardware_irq/irq.c.obj
 .text.insert_branch_and_link
                0x0000000010000554       0x40 CMakeFiles/arithmetic-logic.dir/home/geo/pico/pico-sdk/src/rp2_common/hardware_irq/irq.c.obj
 .text.irq_is_enabled
                0x0000000010000594       0x18 CMakeFiles/arithmetic-logic.dir/home/geo/pico/pico-sdk/src/rp2_common/hardware_irq/irq.c.obj
                0x0000000010000594                irq_is_enabled
 .text.irq_set_mask_enabled
                0x00000000100005ac       0x20 CMakeFiles/arithmetic-logic.dir/home/geo/pico/pico-sdk/src/rp2_common/hardware_irq/irq.c.obj
                0x00000000100005ac                irq_set_mask_enabled
 .text.irq_set_enabled
                0x00000000100005cc        0xe CMakeFiles/arithmetic-logic.dir/home/geo/pico/pico-sdk/src/rp2_common/hardware_irq/irq.c.obj
                0x00000000100005cc                irq_set_enabled
 *fill*         0x00000000100005da        0x2 
 .text.irq_set_pending
                0x00000000100005dc       0x10 CMakeFiles/arithmetic-logic.dir/home/geo/pico/pico-sdk/src/rp2_common/hardware_irq/irq.c.obj
                0x00000000100005dc                irq_set_pending
 .text.irq_get_vtable_handler
                0x00000000100005ec       0x10 CMakeFiles/arithmetic-logic.dir/home/geo/pico/pico-sdk/src/rp2_common/hardware_irq/irq.c.obj
                0x00000000100005ec                irq_get_vtable_handler
 .text.irq_has_shared_handler
                0x00000000100005fc       0x24 CMakeFiles/arithmetic-logic.dir/home/geo/pico/pico-sdk/src/rp2_common/hardware_irq/irq.c.obj
                0x00000000100005fc                irq_has_shared_handler
 .text.irq_set_exclusive_handler
                0x0000000010000620       0x54 CMakeFiles/arithmetic-logic.dir/home/geo/pico/pico-sdk/src/rp2_common/hardware_irq/irq.c.obj
                0x0000000010000620                irq_set_exclusive_handler
 .text.irq_add_shared_handler
                0x0000000010000674      0x234 CMakeFiles/arithmetic-logic.dir/home/geo/pico/pico-sdk/src/rp2_common/hardware_irq/irq.c.obj
                0x0000000010000674                irq_add_shared_handler
 .text.irq_remove_handler
                0x00000000100008a8      0x1ac CMakeFiles/arithmetic-logic.dir/home/geo/pico/pico-sdk/src/rp2_common/hardware_irq/irq.c.obj
                0x00000000100008a8                irq_remove_handler
 .text.irq_add_tail_to_free_list
                0x0000000010000a54       0xf0 CMakeFiles/arithmetic-logic.dir/home/geo/pico/pico-sdk/src/rp2_common/hardware_irq/irq.c.obj
                0x0000000010000a54                irq_add_tail_to_free_list
 .text.irq_init_priorities
                0x0000000010000b44       0x1c CMakeFiles/arithmetic-logic.dir/home/geo/pico/pico-sdk/src/rp2_common/hardware_irq/irq.c.obj
                0x0000000010000b44                irq_init_priorities
 .text.user_irq_claim_unused
                0x0000000010000b60       0x28 CMakeFiles/arithmetic-logic.dir/home/geo/pico/pico-sdk/src/rp2_common/hardware_irq/irq.c.obj
                0x0000000010000b60                user_irq_claim_unused
 .text.lock_init
                0x0000000010000b88       0x10 CMakeFiles/arithmetic-logic.dir/home/geo/pico/pico-sdk/src/common/pico_sync/lock_core.c.obj
                0x0000000010000b88                lock_init
 .text.mutex_init
                0x0000000010000b98       0x1a CMakeFiles/arithmetic-logic.dir/home/geo/pico/pico-sdk/src/common/pico_sync/mutex.c.obj
                0x0000000010000b98                mutex_init
 .text.recursive_mutex_init
                0x0000000010000bb2       0x1e CMakeFiles/arithmetic-logic.dir/home/geo/pico/pico-sdk/src/common/pico_sync/mutex.c.obj
                0x0000000010000bb2                recursive_mutex_init
 .text.critical_section_init_with_lock_num
                0x0000000010000bd0       0x14 CMakeFiles/arithmetic-logic.dir/home/geo/pico/pico-sdk/src/common/pico_sync/critical_section.c.obj
                0x0000000010000bd0                critical_section_init_with_lock_num
 .text.critical_section_init
                0x0000000010000be4       0x14 CMakeFiles/arithmetic-logic.dir/home/geo/pico/pico-sdk/src/common/pico_sync/critical_section.c.obj
                0x0000000010000be4                critical_section_init
 .text.alarm_pool_post_alloc_init
                0x0000000010000bf8       0x40 CMakeFiles/arithmetic-logic.dir/home/geo/pico/pico-sdk/src/common/pico_time/time.c.obj
 .text.sleep_until_callback
                0x0000000010000c38       0x30 CMakeFiles/arithmetic-logic.dir/home/geo/pico/pico-sdk/src/common/pico_time/time.c.obj
 .text.timer_pool_entry_comparator
                0x0000000010000c68       0x7c CMakeFiles/arithmetic-logic.dir/home/geo/pico/pico-sdk/src/common/pico_time/time.c.obj
                0x0000000010000c68                timer_pool_entry_comparator
 .text.ph_add_child_node
                0x0000000010000ce4       0xa4 CMakeFiles/arithmetic-logic.dir/home/geo/pico/pico-sdk/src/common/pico_time/time.c.obj
 .text.ph_merge_nodes
                0x0000000010000d88       0x3e CMakeFiles/arithmetic-logic.dir/home/geo/pico/pico-sdk/src/common/pico_time/time.c.obj
 *fill*         0x0000000010000dc6        0x2 
 .text.add_alarm_under_lock
                0x0000000010000dc8      0x174 CMakeFiles/arithmetic-logic.dir/home/geo/pico/pico-sdk/src/common/pico_time/time.c.obj
 .text.alarm_pool_alarm_callback
                0x0000000010000f3c      0x33c CMakeFiles/arithmetic-logic.dir/home/geo/pico/pico-sdk/src/common/pico_time/time.c.obj
 .text.alarm_pool_init_default
                0x0000000010001278       0x40 CMakeFiles/arithmetic-logic.dir/home/geo/pico/pico-sdk/src/common/pico_time/time.c.obj
                0x0000000010001278                alarm_pool_init_default
 .text.alarm_pool_get_default
                0x00000000100012b8       0x2c CMakeFiles/arithmetic-logic.dir/home/geo/pico/pico-sdk/src/common/pico_time/time.c.obj
                0x00000000100012b8                alarm_pool_get_default
 .text.alarm_pool_add_alarm_at
                0x00000000100012e4      0x168 CMakeFiles/arithmetic-logic.dir/home/geo/pico/pico-sdk/src/common/pico_time/time.c.obj
                0x00000000100012e4                alarm_pool_add_alarm_at
 .text.alarm_pool_cancel_alarm
                0x000000001000144c       0xf8 CMakeFiles/arithmetic-logic.dir/home/geo/pico/pico-sdk/src/common/pico_time/time.c.obj
                0x000000001000144c                alarm_pool_cancel_alarm
 .text.alarm_pool_core_num
                0x0000000010001544        0x4 CMakeFiles/arithmetic-logic.dir/home/geo/pico/pico-sdk/src/common/pico_time/time.c.obj
                0x0000000010001544                alarm_pool_core_num
 .text.sleep_until
                0x0000000010001548       0xfc CMakeFiles/arithmetic-logic.dir/home/geo/pico/pico-sdk/src/common/pico_time/time.c.obj
                0x0000000010001548                sleep_until
 .text.sleep_us
                0x0000000010001644       0x58 CMakeFiles/arithmetic-logic.dir/home/geo/pico/pico-sdk/src/common/pico_time/time.c.obj
                0x0000000010001644                sleep_us
 .text.sleep_ms
                0x000000001000169c       0x14 CMakeFiles/arithmetic-logic.dir/home/geo/pico/pico-sdk/src/common/pico_time/time.c.obj
                0x000000001000169c                sleep_ms
 .text.best_effort_wfe_or_timeout
                0x00000000100016b0       0xac CMakeFiles/arithmetic-logic.dir/home/geo/pico/pico-sdk/src/common/pico_time/time.c.obj
                0x00000000100016b0                best_effort_wfe_or_timeout
 .text.hardware_alarm_irq_handler
                0x000000001000175c       0x90 CMakeFiles/arithmetic-logic.dir/home/geo/pico/pico-sdk/src/rp2_common/hardware_timer/timer.c.obj
 .text.hardware_alarm_claim
                0x00000000100017ec       0x18 CMakeFiles/arithmetic-logic.dir/home/geo/pico/pico-sdk/src/rp2_common/hardware_timer/timer.c.obj
                0x00000000100017ec                hardware_alarm_claim
 .text.time_us_64
                0x0000000010001804       0x18 CMakeFiles/arithmetic-logic.dir/home/geo/pico/pico-sdk/src/rp2_common/hardware_timer/timer.c.obj
                0x0000000010001804                time_us_64
 .text.busy_wait_until
                0x000000001000181c       0x28 CMakeFiles/arithmetic-logic.dir/home/geo/pico/pico-sdk/src/rp2_common/hardware_timer/timer.c.obj
                0x000000001000181c                busy_wait_until
 .text.hardware_alarm_set_callback
                0x0000000010001844       0x90 CMakeFiles/arithmetic-logic.dir/home/geo/pico/pico-sdk/src/rp2_common/hardware_timer/timer.c.obj
                0x0000000010001844                hardware_alarm_set_callback
 .text.hardware_alarm_set_target
                0x00000000100018d4       0xe8 CMakeFiles/arithmetic-logic.dir/home/geo/pico/pico-sdk/src/rp2_common/hardware_timer/timer.c.obj
                0x00000000100018d4                hardware_alarm_set_target
 .text.hardware_alarm_cancel
                0x00000000100019bc       0x40 CMakeFiles/arithmetic-logic.dir/home/geo/pico/pico-sdk/src/rp2_common/hardware_timer/timer.c.obj
                0x00000000100019bc                hardware_alarm_cancel
 .text.ph_add_child_node
                0x00000000100019fc       0xa4 CMakeFiles/arithmetic-logic.dir/home/geo/pico/pico-sdk/src/common/pico_util/pheap.c.obj
 .text.ph_merge_nodes
                0x0000000010001aa0       0x3e CMakeFiles/arithmetic-logic.dir/home/geo/pico/pico-sdk/src/common/pico_util/pheap.c.obj
 *fill*         0x0000000010001ade        0x2 
 .text.ph_clear
                0x0000000010001ae0       0x70 CMakeFiles/arithmetic-logic.dir/home/geo/pico/pico-sdk/src/common/pico_util/pheap.c.obj
                0x0000000010001ae0                ph_clear
 .text.ph_post_alloc_init
                0x0000000010001b50        0xe CMakeFiles/arithmetic-logic.dir/home/geo/pico/pico-sdk/src/common/pico_util/pheap.c.obj
                0x0000000010001b50                ph_post_alloc_init
 *fill*         0x0000000010001b5e        0x2 
 .text.ph_merge_two_pass
                0x0000000010001b60       0xa8 CMakeFiles/arithmetic-logic.dir/home/geo/pico/pico-sdk/src/common/pico_util/pheap.c.obj
                0x0000000010001b60                ph_merge_two_pass
 .text.ph_remove_any_head
                0x0000000010001c08      0x128 CMakeFiles/arithmetic-logic.dir/home/geo/pico/pico-sdk/src/common/pico_util/pheap.c.obj
 .text.ph_remove_head
                0x0000000010001d30       0x14 CMakeFiles/arithmetic-logic.dir/home/geo/pico/pico-sdk/src/common/pico_util/pheap.c.obj
                0x0000000010001d30                ph_remove_head
 .text.ph_remove_and_free_node
                0x0000000010001d44       0xf8 CMakeFiles/arithmetic-logic.dir/home/geo/pico/pico-sdk/src/common/pico_util/pheap.c.obj
                0x0000000010001d44                ph_remove_and_free_node
 .text.clock_configure
                0x0000000010001e3c      0x108 CMakeFiles/arithmetic-logic.dir/home/geo/pico/pico-sdk/src/rp2_common/hardware_clocks/clocks.c.obj
                0x0000000010001e3c                clock_configure
 .text.clocks_init
                0x0000000010001f44      0x100 CMakeFiles/arithmetic-logic.dir/home/geo/pico/pico-sdk/src/rp2_common/hardware_clocks/clocks.c.obj
                0x0000000010001f44                clocks_init
 .text.pll_init
                0x0000000010002044      0x120 CMakeFiles/arithmetic-logic.dir/home/geo/pico/pico-sdk/src/rp2_common/hardware_pll/pll.c.obj
                0x0000000010002044                pll_init
 .text.watchdog_start_tick
                0x0000000010002164       0x10 CMakeFiles/arithmetic-logic.dir/home/geo/pico/pico-sdk/src/rp2_common/hardware_watchdog/watchdog.c.obj
                0x0000000010002164                watchdog_start_tick
 .text.watchdog_update
                0x0000000010002174       0x14 CMakeFiles/arithmetic-logic.dir/home/geo/pico/pico-sdk/src/rp2_common/hardware_watchdog/watchdog.c.obj
                0x0000000010002174                watchdog_update
 .text._watchdog_enable
                0x0000000010002188       0x78 CMakeFiles/arithmetic-logic.dir/home/geo/pico/pico-sdk/src/rp2_common/hardware_watchdog/watchdog.c.obj
                0x0000000010002188                _watchdog_enable
 .text.watchdog_reboot
                0x0000000010002200       0x48 CMakeFiles/arithmetic-logic.dir/home/geo/pico/pico-sdk/src/rp2_common/hardware_watchdog/watchdog.c.obj
                0x0000000010002200                watchdog_reboot
 .text.xosc_init
                0x0000000010002248       0x28 CMakeFiles/arithmetic-logic.dir/home/geo/pico/pico-sdk/src/rp2_common/hardware_xosc/xosc.c.obj
                0x0000000010002248                xosc_init
 .text._exit    0x0000000010002270        0x4 CMakeFiles/arithmetic-logic.dir/home/geo/pico/pico-sdk/src/rp2_common/pico_runtime/runtime.c.obj
                0x0000000010002270                _exit
 .text.exit     0x0000000010002274        0x6 CMakeFiles/arithmetic-logic.dir/home/geo/pico/pico-sdk/src/rp2_common/pico_runtime/runtime.c.obj
                0x0000000010002274                exit
 *fill*         0x000000001000227a        0x2 
 .text.__assert_func
                0x000000001000227c       0x3c CMakeFiles/arithmetic-logic.dir/home/geo/pico/pico-sdk/src/rp2_common/pico_runtime/runtime.c.obj
                0x000000001000227c                __assert_func
 .text.runtime_init
                0x00000000100022b8       0xf8 CMakeFiles/arithmetic-logic.dir/home/geo/pico/pico-sdk/src/rp2_common/pico_runtime/runtime.c.obj
                0x00000000100022b8                runtime_init
 .text.panic    0x00000000100023b0       0x30 CMakeFiles/arithmetic-logic.dir/home/geo/pico/pico-sdk/src/rp2_common/pico_runtime/runtime.c.obj
                0x00000000100023b0                panic
 .text._out_null
                0x00000000100023e0        0x2 CMakeFiles/arithmetic-logic.dir/home/geo/pico/pico-sdk/src/rp2_common/pico_printf/printf.c.obj
 .text._out_fct
                0x00000000100023e2        0xe CMakeFiles/arithmetic-logic.dir/home/geo/pico/pico-sdk/src/rp2_common/pico_printf/printf.c.obj
 .text._atoi    0x00000000100023f0       0x24 CMakeFiles/arithmetic-logic.dir/home/geo/pico/pico-sdk/src/rp2_common/pico_printf/printf.c.obj
 .text._out_rev
                0x0000000010002414       0xae CMakeFiles/arithmetic-logic.dir/home/geo/pico/pico-sdk/src/rp2_common/pico_printf/printf.c.obj
 .text._ntoa_format
                0x00000000100024c2      0x112 CMakeFiles/arithmetic-logic.dir/home/geo/pico/pico-sdk/src/rp2_common/pico_printf/printf.c.obj
 .text._ntoa_long
                0x00000000100025d4       0xbc CMakeFiles/arithmetic-logic.dir/home/geo/pico/pico-sdk/src/rp2_common/pico_printf/printf.c.obj
 .text._ntoa_long_long
                0x0000000010002690       0xe2 CMakeFiles/arithmetic-logic.dir/home/geo/pico/pico-sdk/src/rp2_common/pico_printf/printf.c.obj
 *fill*         0x0000000010002772        0x2 
 .text._etoa    0x0000000010002774      0x414 CMakeFiles/arithmetic-logic.dir/home/geo/pico/pico-sdk/src/rp2_common/pico_printf/printf.c.obj
 .text._ftoa    0x0000000010002b88      0x354 CMakeFiles/arithmetic-logic.dir/home/geo/pico/pico-sdk/src/rp2_common/pico_printf/printf.c.obj
 .text._vsnprintf
                0x0000000010002edc      0x624 CMakeFiles/arithmetic-logic.dir/home/geo/pico/pico-sdk/src/rp2_common/pico_printf/printf.c.obj
 .text.vfctprintf
                0x0000000010003500       0x20 CMakeFiles/arithmetic-logic.dir/home/geo/pico/pico-sdk/src/rp2_common/pico_printf/printf.c.obj
                0x0000000010003500                vfctprintf
 .text          0x0000000010003520       0x10 CMakeFiles/arithmetic-logic.dir/home/geo/pico/pico-sdk/src/rp2_common/pico_bit_ops/bit_ops_aeabi.S.obj
 .text.rom_func_lookup
                0x0000000010003530       0x10 CMakeFiles/arithmetic-logic.dir/home/geo/pico/pico-sdk/src/rp2_common/pico_bootrom/bootrom.c.obj
                0x0000000010003530                rom_func_lookup
 .text.rom_data_lookup
                0x0000000010003540       0x10 CMakeFiles/arithmetic-logic.dir/home/geo/pico/pico-sdk/src/rp2_common/pico_bootrom/bootrom.c.obj
                0x0000000010003540                rom_data_lookup
 .text.rom_funcs_lookup
                0x0000000010003550       0x36 CMakeFiles/arithmetic-logic.dir/home/geo/pico/pico-sdk/src/rp2_common/pico_bootrom/bootrom.c.obj
                0x0000000010003550                rom_funcs_lookup
 *fill*         0x0000000010003586        0x2 
 .text.__wrap___aeabi_idiv
                0x0000000010003588       0x50 CMakeFiles/arithmetic-logic.dir/home/geo/pico/pico-sdk/src/rp2_common/pico_divider/divider.S.obj
                0x0000000010003588                __wrap___aeabi_idivmod
                0x0000000010003588                divmod_s32s32
                0x0000000010003588                div_s32s32
                0x0000000010003588                __wrap___aeabi_idiv
                0x0000000010003590                divmod_s32s32_unsafe
                0x00000000100035bc                divmod_s32s32_savestate
 .text.__wrap___aeabi_uidiv
                0x00000000100035d8       0x4c CMakeFiles/arithmetic-logic.dir/home/geo/pico/pico-sdk/src/rp2_common/pico_divider/divider.S.obj
                0x00000000100035d8                __wrap___aeabi_uidiv
                0x00000000100035d8                __wrap___aeabi_uidivmod
                0x00000000100035d8                div_u32u32
                0x00000000100035d8                divmod_u32u32
                0x00000000100035e0                divmod_u32u32_unsafe
                0x0000000010003608                divmod_u32u32_savestate
 .text.__wrap___aeabi_ldiv
                0x0000000010003624      0x424 CMakeFiles/arithmetic-logic.dir/home/geo/pico/pico-sdk/src/rp2_common/pico_divider/divider.S.obj
                0x0000000010003624                div_s64s64
                0x0000000010003624                divmod_s64s64
                0x0000000010003624                __wrap___aeabi_ldivmod
                0x0000000010003654                div_u64u64
                0x0000000010003654                divmod_u64u64
                0x0000000010003654                __wrap___aeabi_uldivmod
                0x0000000010003664                divmod_u64u64_savestate
                0x0000000010003684                divmod_s64s64_unsafe
                0x000000001000370c                divmod_u64u64_unsafe
 .text.__wrap___aeabi_darithmetic
                0x0000000010003a48       0x60 CMakeFiles/arithmetic-logic.dir/home/geo/pico/pico-sdk/src/rp2_common/pico_double/double_aeabi.S.obj
                0x0000000010003a48                __wrap___aeabi_drsub
                0x0000000010003a4e                __wrap___aeabi_dsub
                0x0000000010003a58                __wrap___aeabi_dadd
                0x0000000010003a62                __wrap___aeabi_ddiv
                0x0000000010003a96                __wrap___aeabi_dmul
 .text.__wrap___aeabi_cdcmple
                0x0000000010003aa8       0x6c CMakeFiles/arithmetic-logic.dir/home/geo/pico/pico-sdk/src/rp2_common/pico_double/double_aeabi.S.obj
                0x0000000010003aa8                __wrap___aeabi_cdrcmple
                0x0000000010003ab8                __wrap___aeabi_cdcmple
                0x0000000010003ab8                __wrap___aeabi_cdcmpeq
 .text.__wrap___aeabi_dcmplt
                0x0000000010003b14        0xc CMakeFiles/arithmetic-logic.dir/home/geo/pico/pico-sdk/src/rp2_common/pico_double/double_aeabi.S.obj
                0x0000000010003b14                __wrap___aeabi_dcmplt
 .text.__wrap___aeabi_dcmple
                0x0000000010003b20       0x10 CMakeFiles/arithmetic-logic.dir/home/geo/pico/pico-sdk/src/rp2_common/pico_double/double_aeabi.S.obj
                0x0000000010003b20                __wrap___aeabi_dcmple
 .text.__wrap___aeabi_dcmpge
                0x0000000010003b30       0x10 CMakeFiles/arithmetic-logic.dir/home/geo/pico/pico-sdk/src/rp2_common/pico_double/double_aeabi.S.obj
                0x0000000010003b30                __wrap___aeabi_dcmpge
 .text.__wrap___aeabi_dcmpgt
                0x0000000010003b40        0xa CMakeFiles/arithmetic-logic.dir/home/geo/pico/pico-sdk/src/rp2_common/pico_double/double_aeabi.S.obj
                0x0000000010003b40                __wrap___aeabi_dcmpgt
 .text.__wrap___aeabi_dcmpun
                0x0000000010003b4a       0x1c CMakeFiles/arithmetic-logic.dir/home/geo/pico/pico-sdk/src/rp2_common/pico_double/double_aeabi.S.obj
                0x0000000010003b4a                __wrap___aeabi_dcmpun
 *fill*         0x0000000010003b66        0x2 
 .text.__wrap___aeabi_i2d
                0x0000000010003b68       0x38 CMakeFiles/arithmetic-logic.dir/home/geo/pico/pico-sdk/src/rp2_common/pico_double/double_aeabi.S.obj
                0x0000000010003b68                __wrap___aeabi_ui2d
                0x0000000010003b70                __wrap___aeabi_i2d
 .text.__wrap___aeabi_d2iz
                0x0000000010003ba0       0x48 CMakeFiles/arithmetic-logic.dir/home/geo/pico/pico-sdk/src/rp2_common/pico_double/double_aeabi.S.obj
                0x0000000010003ba0                __wrap___aeabi_d2iz
                0x0000000010003ba0                double2int_z
 .text.__wrap___aeabi_d2uiz
                0x0000000010003be8       0x10 CMakeFiles/arithmetic-logic.dir/home/geo/pico/pico-sdk/src/rp2_common/pico_double/double_aeabi.S.obj
                0x0000000010003be8                double2uint
                0x0000000010003be8                __wrap___aeabi_d2uiz
 .text.missing_double_func_shim
                0x0000000010003bf8        0xc CMakeFiles/arithmetic-logic.dir/home/geo/pico/pico-sdk/src/rp2_common/pico_double/double_init_rom.c.obj
 .text.__aeabi_double_init
                0x0000000010003c04       0xcc CMakeFiles/arithmetic-logic.dir/home/geo/pico/pico-sdk/src/rp2_common/pico_double/double_init_rom.c.obj
                0x0000000010003c04                __aeabi_double_init
 .text.double_table_shim_on_use_helper
                0x0000000010003cd0       0x34 CMakeFiles/arithmetic-logic.dir/home/geo/pico/pico-sdk/src/rp2_common/pico_double/double_v1_rom_shim.S.obj
                0x0000000010003cd0                double_table_shim_on_use_helper
 .text.__aeabi_lmul
                0x0000000010003d04       0x32 CMakeFiles/arithmetic-logic.dir/home/geo/pico/pico-sdk/src/rp2_common/pico_int64_ops/pico_int64_ops_aeabi.S.obj
                0x0000000010003d04                __wrap___aeabi_lmul
 *fill*         0x0000000010003d36        0x2 
 .text.missing_float_func_shim
                0x0000000010003d38        0xc CMakeFiles/arithmetic-logic.dir/home/geo/pico/pico-sdk/src/rp2_common/pico_float/float_init_rom.c.obj
 .text.__aeabi_float_init
                0x0000000010003d44       0x88 CMakeFiles/arithmetic-logic.dir/home/geo/pico/pico-sdk/src/rp2_common/pico_float/float_init_rom.c.obj
                0x0000000010003d44                __aeabi_float_init
 .text          0x0000000010003dcc       0x10 CMakeFiles/arithmetic-logic.dir/home/geo/pico/pico-sdk/src/rp2_common/pico_mem_ops/mem_ops_aeabi.S.obj
                0x0000000010003dcc                __aeabi_mem_init
 .text.memset   0x0000000010003ddc        0xc CMakeFiles/arithmetic-logic.dir/home/geo/pico/pico-sdk/src/rp2_common/pico_mem_ops/mem_ops_aeabi.S.obj
                0x0000000010003ddc                __wrap_memset
 .text.memcpy   0x0000000010003de8        0xc CMakeFiles/arithmetic-logic.dir/home/geo/pico/pico-sdk/src/rp2_common/pico_mem_ops/mem_ops_aeabi.S.obj
                0x0000000010003de8                __wrap___aeabi_memcpy
                0x0000000010003de8                __wrap_memcpy
 .text.stdio_out_chars_no_crlf
                0x0000000010003df4        0xe CMakeFiles/arithmetic-logic.dir/home/geo/pico/pico-sdk/src/rp2_common/pico_stdio/stdio.c.obj
 *fill*         0x0000000010003e02        0x2 
 .text.stdio_out_chars_crlf
                0x0000000010003e04       0x80 CMakeFiles/arithmetic-logic.dir/home/geo/pico/pico-sdk/src/rp2_common/pico_stdio/stdio.c.obj
 .text.stdio_stack_buffer_flush
                0x0000000010003e84       0x44 CMakeFiles/arithmetic-logic.dir/home/geo/pico/pico-sdk/src/rp2_common/pico_stdio/stdio.c.obj
 .text.stdio_buffered_printer
                0x0000000010003ec8       0x20 CMakeFiles/arithmetic-logic.dir/home/geo/pico/pico-sdk/src/rp2_common/pico_stdio/stdio.c.obj
 .text.stdout_serialize_begin
                0x0000000010003ee8       0x5c CMakeFiles/arithmetic-logic.dir/home/geo/pico/pico-sdk/src/rp2_common/pico_stdio/stdio.c.obj
                0x0000000010003ee8                stdout_serialize_begin
 .text.stdout_serialize_end
                0x0000000010003f44       0x10 CMakeFiles/arithmetic-logic.dir/home/geo/pico/pico-sdk/src/rp2_common/pico_stdio/stdio.c.obj
                0x0000000010003f44                stdout_serialize_end
 .text.stdio_put_string
                0x0000000010003f54       0x98 CMakeFiles/arithmetic-logic.dir/home/geo/pico/pico-sdk/src/rp2_common/pico_stdio/stdio.c.obj
 .text.stdio_set_driver_enabled
                0x0000000010003fec       0x2c CMakeFiles/arithmetic-logic.dir/home/geo/pico/pico-sdk/src/rp2_common/pico_stdio/stdio.c.obj
                0x0000000010003fec                stdio_set_driver_enabled
 .text.stdio_flush
                0x0000000010004018       0x20 CMakeFiles/arithmetic-logic.dir/home/geo/pico/pico-sdk/src/rp2_common/pico_stdio/stdio.c.obj
                0x0000000010004018                stdio_flush
 .text.__wrap_puts
                0x0000000010004038       0x1e CMakeFiles/arithmetic-logic.dir/home/geo/pico/pico-sdk/src/rp2_common/pico_stdio/stdio.c.obj
                0x0000000010004038                __wrap_puts
 *fill*         0x0000000010004056        0x2 
 .text.__wrap_vprintf
                0x0000000010004058       0x40 CMakeFiles/arithmetic-logic.dir/home/geo/pico/pico-sdk/src/rp2_common/pico_stdio/stdio.c.obj
                0x0000000010004058                __wrap_vprintf
 .text.__wrap_printf
                0x0000000010004098       0x18 CMakeFiles/arithmetic-logic.dir/home/geo/pico/pico-sdk/src/rp2_common/pico_stdio/stdio.c.obj
                0x0000000010004098                __wrap_printf
 .text.stdio_init_all
                0x00000000100040b0        0x8 CMakeFiles/arithmetic-logic.dir/home/geo/pico/pico-sdk/src/rp2_common/pico_stdio/stdio.c.obj
                0x00000000100040b0                stdio_init_all
 .text.resetd_init
                0x00000000100040b8        0x2 CMakeFiles/arithmetic-logic.dir/home/geo/pico/pico-sdk/src/rp2_common/pico_stdio_usb/reset_interface.c.obj
 *fill*         0x00000000100040ba        0x2 
 .text.resetd_reset
                0x00000000100040bc        0xc CMakeFiles/arithmetic-logic.dir/home/geo/pico/pico-sdk/src/rp2_common/pico_stdio_usb/reset_interface.c.obj
 .text.resetd_open
                0x00000000100040c8       0x34 CMakeFiles/arithmetic-logic.dir/home/geo/pico/pico-sdk/src/rp2_common/pico_stdio_usb/reset_interface.c.obj
 .text.resetd_xfer_cb
                0x00000000100040fc        0x4 CMakeFiles/arithmetic-logic.dir/home/geo/pico/pico-sdk/src/rp2_common/pico_stdio_usb/reset_interface.c.obj
 .text.reset_usb_boot
                0x0000000010004100       0x18 CMakeFiles/arithmetic-logic.dir/home/geo/pico/pico-sdk/src/rp2_common/pico_stdio_usb/reset_interface.c.obj
 .text.resetd_control_xfer_cb
                0x0000000010004118       0x5c CMakeFiles/arithmetic-logic.dir/home/geo/pico/pico-sdk/src/rp2_common/pico_stdio_usb/reset_interface.c.obj
 .text.usbd_app_driver_get_cb
                0x0000000010004174        0xc CMakeFiles/arithmetic-logic.dir/home/geo/pico/pico-sdk/src/rp2_common/pico_stdio_usb/reset_interface.c.obj
                0x0000000010004174                usbd_app_driver_get_cb
 .text.tud_cdc_line_coding_cb
                0x0000000010004180       0x28 CMakeFiles/arithmetic-logic.dir/home/geo/pico/pico-sdk/src/rp2_common/pico_stdio_usb/reset_interface.c.obj
                0x0000000010004180                tud_cdc_line_coding_cb
 .text.stdio_usb_set_chars_available_callback
                0x00000000100041a8       0x14 CMakeFiles/arithmetic-logic.dir/home/geo/pico/pico-sdk/src/rp2_common/pico_stdio_usb/stdio_usb.c.obj
                0x00000000100041a8                stdio_usb_set_chars_available_callback
 .text.usb_irq  0x00000000100041bc       0x10 CMakeFiles/arithmetic-logic.dir/home/geo/pico/pico-sdk/src/rp2_common/pico_stdio_usb/stdio_usb.c.obj
 .text.timer_task
                0x00000000100041cc       0x5c CMakeFiles/arithmetic-logic.dir/home/geo/pico/pico-sdk/src/rp2_common/pico_stdio_usb/stdio_usb.c.obj
 .text.low_priority_worker_irq
                0x0000000010004228       0xdc CMakeFiles/arithmetic-logic.dir/home/geo/pico/pico-sdk/src/rp2_common/pico_stdio_usb/stdio_usb.c.obj
 .text.tud_cdc_rx_cb
                0x0000000010004304       0x20 CMakeFiles/arithmetic-logic.dir/home/geo/pico/pico-sdk/src/rp2_common/pico_stdio_usb/stdio_usb.c.obj
                0x0000000010004304                tud_cdc_rx_cb
 .text.stdio_usb_init
                0x0000000010004324      0x11c CMakeFiles/arithmetic-logic.dir/home/geo/pico/pico-sdk/src/rp2_common/pico_stdio_usb/stdio_usb.c.obj
                0x0000000010004324                stdio_usb_init
 .text.stdio_usb_connected
                0x0000000010004440        0xa CMakeFiles/arithmetic-logic.dir/home/geo/pico/pico-sdk/src/rp2_common/pico_stdio_usb/stdio_usb.c.obj
                0x0000000010004440                stdio_usb_connected
 *fill*         0x000000001000444a        0x2 
 .text.stdio_usb_in_chars
                0x000000001000444c       0xc4 CMakeFiles/arithmetic-logic.dir/home/geo/pico/pico-sdk/src/rp2_common/pico_stdio_usb/stdio_usb.c.obj
                0x000000001000444c                stdio_usb_in_chars
 .text.stdio_usb_out_chars
                0x0000000010004510      0x114 CMakeFiles/arithmetic-logic.dir/home/geo/pico/pico-sdk/src/rp2_common/pico_stdio_usb/stdio_usb.c.obj
 .text.tud_descriptor_device_cb
                0x0000000010004624        0x8 CMakeFiles/arithmetic-logic.dir/home/geo/pico/pico-sdk/src/rp2_common/pico_stdio_usb/stdio_usb_descriptors.c.obj
                0x0000000010004624                tud_descriptor_device_cb
 .text.tud_descriptor_configuration_cb
                0x000000001000462c        0x8 CMakeFiles/arithmetic-logic.dir/home/geo/pico/pico-sdk/src/rp2_common/pico_stdio_usb/stdio_usb_descriptors.c.obj
                0x000000001000462c                tud_descriptor_configuration_cb
 .text.tud_descriptor_string_cb
                0x0000000010004634       0x6c CMakeFiles/arithmetic-logic.dir/home/geo/pico/pico-sdk/src/rp2_common/pico_stdio_usb/stdio_usb_descriptors.c.obj
                0x0000000010004634                tud_descriptor_string_cb
 .text._retrieve_unique_id_on_boot
                0x00000000100046a0       0x10 CMakeFiles/arithmetic-logic.dir/home/geo/pico/pico-sdk/src/rp2_common/pico_unique_id/unique_id.c.obj
 .text.pico_get_unique_board_id_string
                0x00000000100046b0       0x60 CMakeFiles/arithmetic-logic.dir/home/geo/pico/pico-sdk/src/rp2_common/pico_unique_id/unique_id.c.obj
                0x00000000100046b0                pico_get_unique_board_id_string
 .text.flash_get_unique_id
                0x0000000010004710       0x46 CMakeFiles/arithmetic-logic.dir/home/geo/pico/pico-sdk/src/rp2_common/hardware_flash/flash.c.obj
                0x0000000010004710                flash_get_unique_id
 *fill*         0x0000000010004756        0x2 
 .text.hw_endpoint_get_by_addr
                0x0000000010004758       0x18 CMakeFiles/arithmetic-logic.dir/home/geo/pico/pico-sdk/lib/tinyusb/src/portable/raspberrypi/rp2040/dcd_rp2040.c.obj
 .text._hw_endpoint_alloc
                0x0000000010004770       0x70 CMakeFiles/arithmetic-logic.dir/home/geo/pico/pico-sdk/lib/tinyusb/src/portable/raspberrypi/rp2040/dcd_rp2040.c.obj
 .text.hw_endpoint_init
                0x00000000100047e0       0x88 CMakeFiles/arithmetic-logic.dir/home/geo/pico/pico-sdk/lib/tinyusb/src/portable/raspberrypi/rp2040/dcd_rp2040.c.obj
 .text.hw_endpoint_xfer
                0x0000000010004868       0x14 CMakeFiles/arithmetic-logic.dir/home/geo/pico/pico-sdk/lib/tinyusb/src/portable/raspberrypi/rp2040/dcd_rp2040.c.obj
 .text.dcd_int_enable
                0x000000001000487c       0x2c CMakeFiles/arithmetic-logic.dir/home/geo/pico/pico-sdk/lib/tinyusb/src/portable/raspberrypi/rp2040/dcd_rp2040.c.obj
                0x000000001000487c                dcd_int_enable
 .text.dcd_set_address
                0x00000000100048a8       0x2c CMakeFiles/arithmetic-logic.dir/home/geo/pico/pico-sdk/lib/tinyusb/src/portable/raspberrypi/rp2040/dcd_rp2040.c.obj
                0x00000000100048a8                dcd_set_address
 .text.dcd_connect
                0x00000000100048d4       0x10 CMakeFiles/arithmetic-logic.dir/home/geo/pico/pico-sdk/lib/tinyusb/src/portable/raspberrypi/rp2040/dcd_rp2040.c.obj
                0x00000000100048d4                dcd_connect
 .text.dcd_init
                0x00000000100048e4       0x80 CMakeFiles/arithmetic-logic.dir/home/geo/pico/pico-sdk/lib/tinyusb/src/portable/raspberrypi/rp2040/dcd_rp2040.c.obj
                0x00000000100048e4                dcd_init
 .text.dcd_edpt0_status_complete
                0x0000000010004964       0x1c CMakeFiles/arithmetic-logic.dir/home/geo/pico/pico-sdk/lib/tinyusb/src/portable/raspberrypi/rp2040/dcd_rp2040.c.obj
                0x0000000010004964                dcd_edpt0_status_complete
 .text.dcd_edpt_open
                0x0000000010004980       0x40 CMakeFiles/arithmetic-logic.dir/home/geo/pico/pico-sdk/lib/tinyusb/src/portable/raspberrypi/rp2040/dcd_rp2040.c.obj
                0x0000000010004980                dcd_edpt_open
 .text.dcd_edpt_close_all
                0x00000000100049c0        0x8 CMakeFiles/arithmetic-logic.dir/home/geo/pico/pico-sdk/lib/tinyusb/src/portable/raspberrypi/rp2040/dcd_rp2040.c.obj
                0x00000000100049c0                dcd_edpt_close_all
 .text.dcd_edpt_xfer
                0x00000000100049c8       0x34 CMakeFiles/arithmetic-logic.dir/home/geo/pico/pico-sdk/lib/tinyusb/src/portable/raspberrypi/rp2040/dcd_rp2040.c.obj
                0x00000000100049c8                dcd_edpt_xfer
 .text.dcd_edpt_stall
                0x00000000100049fc       0x2c CMakeFiles/arithmetic-logic.dir/home/geo/pico/pico-sdk/lib/tinyusb/src/portable/raspberrypi/rp2040/dcd_rp2040.c.obj
                0x00000000100049fc                dcd_edpt_stall
 .text.dcd_edpt_clear_stall
                0x0000000010004a28       0x20 CMakeFiles/arithmetic-logic.dir/home/geo/pico/pico-sdk/lib/tinyusb/src/portable/raspberrypi/rp2040/dcd_rp2040.c.obj
                0x0000000010004a28                dcd_edpt_clear_stall
 .text.rp2040_usb_init
                0x0000000010004a48       0x4c CMakeFiles/arithmetic-logic.dir/home/geo/pico/pico-sdk/lib/tinyusb/src/portable/raspberrypi/rp2040/rp2040_usb.c.obj
                0x0000000010004a48                rp2040_usb_init
 .text.hw_endpoint_xfer_start
                0x0000000010004a94       0x50 CMakeFiles/arithmetic-logic.dir/home/geo/pico/pico-sdk/lib/tinyusb/src/portable/raspberrypi/rp2040/rp2040_usb.c.obj
                0x0000000010004a94                hw_endpoint_xfer_start
 .text.configuration_reset
                0x0000000010004ae4       0x84 CMakeFiles/arithmetic-logic.dir/home/geo/pico/pico-sdk/lib/tinyusb/src/device/usbd.c.obj
 .text.usbd_reset
                0x0000000010004b68        0xc CMakeFiles/arithmetic-logic.dir/home/geo/pico/pico-sdk/lib/tinyusb/src/device/usbd.c.obj
 .text.invoke_class_control
                0x0000000010004b74       0x1a CMakeFiles/arithmetic-logic.dir/home/geo/pico/pico-sdk/lib/tinyusb/src/device/usbd.c.obj
 *fill*         0x0000000010004b8e        0x2 
 .text.process_set_config
                0x0000000010004b90      0x178 CMakeFiles/arithmetic-logic.dir/home/geo/pico/pico-sdk/lib/tinyusb/src/device/usbd.c.obj
 .text.process_get_descriptor
                0x0000000010004d08       0xdc CMakeFiles/arithmetic-logic.dir/home/geo/pico/pico-sdk/lib/tinyusb/src/device/usbd.c.obj
 .text.tud_mounted
                0x0000000010004de4       0x10 CMakeFiles/arithmetic-logic.dir/home/geo/pico/pico-sdk/lib/tinyusb/src/device/usbd.c.obj
                0x0000000010004de4                tud_mounted
 .text.tud_suspended
                0x0000000010004df4       0x10 CMakeFiles/arithmetic-logic.dir/home/geo/pico/pico-sdk/lib/tinyusb/src/device/usbd.c.obj
                0x0000000010004df4                tud_suspended
 .text.tud_inited
                0x0000000010004e04       0x14 CMakeFiles/arithmetic-logic.dir/home/geo/pico/pico-sdk/lib/tinyusb/src/device/usbd.c.obj
                0x0000000010004e04                tud_inited
 .text.tud_init
                0x0000000010004e18       0xcc CMakeFiles/arithmetic-logic.dir/home/geo/pico/pico-sdk/lib/tinyusb/src/device/usbd.c.obj
                0x0000000010004e18                tud_init
 .text.usbd_defer_func
                0x0000000010004ee4       0x2a CMakeFiles/arithmetic-logic.dir/home/geo/pico/pico-sdk/lib/tinyusb/src/device/usbd.c.obj
                0x0000000010004ee4                usbd_defer_func
 *fill*         0x0000000010004f0e        0x2 
 .text.usbd_edpt_open
                0x0000000010004f10       0x34 CMakeFiles/arithmetic-logic.dir/home/geo/pico/pico-sdk/lib/tinyusb/src/device/usbd.c.obj
                0x0000000010004f10                usbd_edpt_open
 .text.usbd_open_edpt_pair
                0x0000000010004f44       0x62 CMakeFiles/arithmetic-logic.dir/home/geo/pico/pico-sdk/lib/tinyusb/src/device/usbd.c.obj
                0x0000000010004f44                usbd_open_edpt_pair
 *fill*         0x0000000010004fa6        0x2 
 .text.usbd_edpt_claim
                0x0000000010004fa8       0x28 CMakeFiles/arithmetic-logic.dir/home/geo/pico/pico-sdk/lib/tinyusb/src/device/usbd.c.obj
                0x0000000010004fa8                usbd_edpt_claim
 .text.usbd_edpt_release
                0x0000000010004fd0       0x28 CMakeFiles/arithmetic-logic.dir/home/geo/pico/pico-sdk/lib/tinyusb/src/device/usbd.c.obj
                0x0000000010004fd0                usbd_edpt_release
 .text.usbd_edpt_xfer
                0x0000000010004ff8       0x78 CMakeFiles/arithmetic-logic.dir/home/geo/pico/pico-sdk/lib/tinyusb/src/device/usbd.c.obj
                0x0000000010004ff8                usbd_edpt_xfer
 .text.usbd_edpt_stall
                0x0000000010005070       0x48 CMakeFiles/arithmetic-logic.dir/home/geo/pico/pico-sdk/lib/tinyusb/src/device/usbd.c.obj
                0x0000000010005070                usbd_edpt_stall
 .text.usbd_edpt_clear_stall
                0x00000000100050b8       0x48 CMakeFiles/arithmetic-logic.dir/home/geo/pico/pico-sdk/lib/tinyusb/src/device/usbd.c.obj
                0x00000000100050b8                usbd_edpt_clear_stall
 .text.usbd_edpt_stalled
                0x0000000010005100       0x1c CMakeFiles/arithmetic-logic.dir/home/geo/pico/pico-sdk/lib/tinyusb/src/device/usbd.c.obj
                0x0000000010005100                usbd_edpt_stalled
 .text.process_control_request
                0x000000001000511c      0x37c CMakeFiles/arithmetic-logic.dir/home/geo/pico/pico-sdk/lib/tinyusb/src/device/usbd.c.obj
 .text.tud_task_ext
                0x0000000010005498      0x1b8 CMakeFiles/arithmetic-logic.dir/home/geo/pico/pico-sdk/lib/tinyusb/src/device/usbd.c.obj
                0x0000000010005498                tud_task_ext
 .text._data_stage_xact
                0x0000000010005650       0x58 CMakeFiles/arithmetic-logic.dir/home/geo/pico/pico-sdk/lib/tinyusb/src/device/usbd_control.c.obj
 .text.tud_control_status
                0x00000000100056a8       0x38 CMakeFiles/arithmetic-logic.dir/home/geo/pico/pico-sdk/lib/tinyusb/src/device/usbd_control.c.obj
                0x00000000100056a8                tud_control_status
 .text.tud_control_xfer
                0x00000000100056e0       0x74 CMakeFiles/arithmetic-logic.dir/home/geo/pico/pico-sdk/lib/tinyusb/src/device/usbd_control.c.obj
                0x00000000100056e0                tud_control_xfer
 .text.usbd_control_reset
                0x0000000010005754       0x14 CMakeFiles/arithmetic-logic.dir/home/geo/pico/pico-sdk/lib/tinyusb/src/device/usbd_control.c.obj
                0x0000000010005754                usbd_control_reset
 .text.usbd_control_set_complete_callback
                0x0000000010005768        0xc CMakeFiles/arithmetic-logic.dir/home/geo/pico/pico-sdk/lib/tinyusb/src/device/usbd_control.c.obj
                0x0000000010005768                usbd_control_set_complete_callback
 .text.usbd_control_set_request
                0x0000000010005774       0x1c CMakeFiles/arithmetic-logic.dir/home/geo/pico/pico-sdk/lib/tinyusb/src/device/usbd_control.c.obj
                0x0000000010005774                usbd_control_set_request
 .text.usbd_control_xfer_cb
                0x0000000010005790       0xcc CMakeFiles/arithmetic-logic.dir/home/geo/pico/pico-sdk/lib/tinyusb/src/device/usbd_control.c.obj
                0x0000000010005790                usbd_control_xfer_cb
 .text._prep_out_transaction
                0x000000001000585c       0x4a CMakeFiles/arithmetic-logic.dir/home/geo/pico/pico-sdk/lib/tinyusb/src/class/cdc/cdc_device.c.obj
 *fill*         0x00000000100058a6        0x2 
 .text.tud_cdc_n_connected
                0x00000000100058a8       0x44 CMakeFiles/arithmetic-logic.dir/home/geo/pico/pico-sdk/lib/tinyusb/src/class/cdc/cdc_device.c.obj
                0x00000000100058a8                tud_cdc_n_connected
 .text.tud_cdc_n_available
                0x00000000100058ec       0x18 CMakeFiles/arithmetic-logic.dir/home/geo/pico/pico-sdk/lib/tinyusb/src/class/cdc/cdc_device.c.obj
                0x00000000100058ec                tud_cdc_n_available
 .text.tud_cdc_n_read
                0x0000000010005904       0x28 CMakeFiles/arithmetic-logic.dir/home/geo/pico/pico-sdk/lib/tinyusb/src/class/cdc/cdc_device.c.obj
                0x0000000010005904                tud_cdc_n_read
 .text.tud_cdc_n_write_flush
                0x000000001000592c       0xb8 CMakeFiles/arithmetic-logic.dir/home/geo/pico/pico-sdk/lib/tinyusb/src/class/cdc/cdc_device.c.obj
                0x000000001000592c                tud_cdc_n_write_flush
 .text.tud_cdc_n_write
                0x00000000100059e4       0x38 CMakeFiles/arithmetic-logic.dir/home/geo/pico/pico-sdk/lib/tinyusb/src/class/cdc/cdc_device.c.obj
                0x00000000100059e4                tud_cdc_n_write
 .text.tud_cdc_n_write_available
                0x0000000010005a1c       0x1c CMakeFiles/arithmetic-logic.dir/home/geo/pico/pico-sdk/lib/tinyusb/src/class/cdc/cdc_device.c.obj
                0x0000000010005a1c                tud_cdc_n_write_available
 .text.cdcd_init
                0x0000000010005a38       0xbc CMakeFiles/arithmetic-logic.dir/home/geo/pico/pico-sdk/lib/tinyusb/src/class/cdc/cdc_device.c.obj
                0x0000000010005a38                cdcd_init
 .text.cdcd_reset
                0x0000000010005af4       0x44 CMakeFiles/arithmetic-logic.dir/home/geo/pico/pico-sdk/lib/tinyusb/src/class/cdc/cdc_device.c.obj
                0x0000000010005af4                cdcd_reset
 .text.cdcd_open
                0x0000000010005b38       0xcc CMakeFiles/arithmetic-logic.dir/home/geo/pico/pico-sdk/lib/tinyusb/src/class/cdc/cdc_device.c.obj
                0x0000000010005b38                cdcd_open
 .text.cdcd_control_xfer_cb
                0x0000000010005c04      0x134 CMakeFiles/arithmetic-logic.dir/home/geo/pico/pico-sdk/lib/tinyusb/src/class/cdc/cdc_device.c.obj
                0x0000000010005c04                cdcd_control_xfer_cb
 .text.cdcd_xfer_cb
                0x0000000010005d38      0x130 CMakeFiles/arithmetic-logic.dir/home/geo/pico/pico-sdk/lib/tinyusb/src/class/cdc/cdc_device.c.obj
                0x0000000010005d38                cdcd_xfer_cb
 .text.tusb_init
                0x0000000010005e68        0xa CMakeFiles/arithmetic-logic.dir/home/geo/pico/pico-sdk/lib/tinyusb/src/tusb.c.obj
                0x0000000010005e68                tusb_init
 .text.tusb_inited
                0x0000000010005e72        0xe CMakeFiles/arithmetic-logic.dir/home/geo/pico/pico-sdk/lib/tinyusb/src/tusb.c.obj
                0x0000000010005e72                tusb_inited
 .text.tu_edpt_claim
                0x0000000010005e80       0x50 CMakeFiles/arithmetic-logic.dir/home/geo/pico/pico-sdk/lib/tinyusb/src/tusb.c.obj
                0x0000000010005e80                tu_edpt_claim
 .text.tu_edpt_release
                0x0000000010005ed0       0x3c CMakeFiles/arithmetic-logic.dir/home/geo/pico/pico-sdk/lib/tinyusb/src/tusb.c.obj
                0x0000000010005ed0                tu_edpt_release
 .text.tu_edpt_validate
                0x0000000010005f0c       0x78 CMakeFiles/arithmetic-logic.dir/home/geo/pico/pico-sdk/lib/tinyusb/src/tusb.c.obj
                0x0000000010005f0c                tu_edpt_validate
 .text.tu_edpt_bind_driver
                0x0000000010005f84       0x26 CMakeFiles/arithmetic-logic.dir/home/geo/pico/pico-sdk/lib/tinyusb/src/tusb.c.obj
                0x0000000010005f84                tu_edpt_bind_driver
 .text.advance_index
                0x0000000010005faa       0x1a CMakeFiles/arithmetic-logic.dir/home/geo/pico/pico-sdk/lib/tinyusb/src/common/tusb_fifo.c.obj
 .text._tu_fifo_peek
                0x0000000010005fc4       0x56 CMakeFiles/arithmetic-logic.dir/home/geo/pico/pico-sdk/lib/tinyusb/src/common/tusb_fifo.c.obj
 .text._ff_pull_const_addr
                0x000000001000601a       0x4c CMakeFiles/arithmetic-logic.dir/home/geo/pico/pico-sdk/lib/tinyusb/src/common/tusb_fifo.c.obj
 .text._ff_pull_n
                0x0000000010006066      0x110 CMakeFiles/arithmetic-logic.dir/home/geo/pico/pico-sdk/lib/tinyusb/src/common/tusb_fifo.c.obj
 .text._tu_fifo_peek_n
                0x0000000010006176       0x6a CMakeFiles/arithmetic-logic.dir/home/geo/pico/pico-sdk/lib/tinyusb/src/common/tusb_fifo.c.obj
 .text._tu_fifo_read_n
                0x00000000100061e0       0x4e CMakeFiles/arithmetic-logic.dir/home/geo/pico/pico-sdk/lib/tinyusb/src/common/tusb_fifo.c.obj
 .text._ff_push_const_addr
                0x000000001000622e       0x40 CMakeFiles/arithmetic-logic.dir/home/geo/pico/pico-sdk/lib/tinyusb/src/common/tusb_fifo.c.obj
 .text._ff_push_n
                0x000000001000626e      0x10c CMakeFiles/arithmetic-logic.dir/home/geo/pico/pico-sdk/lib/tinyusb/src/common/tusb_fifo.c.obj
 .text._tu_fifo_write_n
                0x000000001000637a       0xf0 CMakeFiles/arithmetic-logic.dir/home/geo/pico/pico-sdk/lib/tinyusb/src/common/tusb_fifo.c.obj
 .text.tu_fifo_config
                0x000000001000646a       0x7c CMakeFiles/arithmetic-logic.dir/home/geo/pico/pico-sdk/lib/tinyusb/src/common/tusb_fifo.c.obj
                0x000000001000646a                tu_fifo_config
 .text.tu_fifo_count
                0x00000000100064e6       0x2a CMakeFiles/arithmetic-logic.dir/home/geo/pico/pico-sdk/lib/tinyusb/src/common/tusb_fifo.c.obj
                0x00000000100064e6                tu_fifo_count
 .text.tu_fifo_empty
                0x0000000010006510       0x10 CMakeFiles/arithmetic-logic.dir/home/geo/pico/pico-sdk/lib/tinyusb/src/common/tusb_fifo.c.obj
                0x0000000010006510                tu_fifo_empty
 .text.tu_fifo_full
                0x0000000010006520       0x28 CMakeFiles/arithmetic-logic.dir/home/geo/pico/pico-sdk/lib/tinyusb/src/common/tusb_fifo.c.obj
                0x0000000010006520                tu_fifo_full
 .text.tu_fifo_remaining
                0x0000000010006548       0x2c CMakeFiles/arithmetic-logic.dir/home/geo/pico/pico-sdk/lib/tinyusb/src/common/tusb_fifo.c.obj
                0x0000000010006548                tu_fifo_remaining
 .text.tu_fifo_read
                0x0000000010006574       0x42 CMakeFiles/arithmetic-logic.dir/home/geo/pico/pico-sdk/lib/tinyusb/src/common/tusb_fifo.c.obj
                0x0000000010006574                tu_fifo_read
 .text.tu_fifo_read_n
                0x00000000100065b6        0xa CMakeFiles/arithmetic-logic.dir/home/geo/pico/pico-sdk/lib/tinyusb/src/common/tusb_fifo.c.obj
                0x00000000100065b6                tu_fifo_read_n
 .text.tu_fifo_write
                0x00000000100065c0       0x64 CMakeFiles/arithmetic-logic.dir/home/geo/pico/pico-sdk/lib/tinyusb/src/common/tusb_fifo.c.obj
                0x00000000100065c0                tu_fifo_write
 .text.tu_fifo_write_n
                0x0000000010006624        0xa CMakeFiles/arithmetic-logic.dir/home/geo/pico/pico-sdk/lib/tinyusb/src/common/tusb_fifo.c.obj
                0x0000000010006624                tu_fifo_write_n
 .text.tu_fifo_clear
                0x000000001000662e       0x3e CMakeFiles/arithmetic-logic.dir/home/geo/pico/pico-sdk/lib/tinyusb/src/common/tusb_fifo.c.obj
                0x000000001000662e                tu_fifo_clear
 .text.tu_fifo_set_overwritable
                0x000000001000666c       0x46 CMakeFiles/arithmetic-logic.dir/home/geo/pico/pico-sdk/lib/tinyusb/src/common/tusb_fifo.c.obj
                0x000000001000666c                tu_fifo_set_overwritable
 *fill*         0x00000000100066b2        0x2 
 .text          0x00000000100066b4       0x5c /usr/lib/gcc/arm-none-eabi/10.3.1/../../../arm-none-eabi/lib/thumb/v6-m/nofp/libg.a(lib_a-strlen-stub.o)
                0x00000000100066b4                strlen
 *(.fini)
 .fini          0x0000000010006710        0x4 /usr/lib/gcc/arm-none-eabi/10.3.1/thumb/v6-m/nofp/crti.o
                0x0000000010006710                _fini
 *fill*         0x0000000010006714        0x4 
 .fini.__stub   0x0000000010006718       0xe0 linker stubs
 *crtbegin.o(.ctors)
 *crtbegin?.o(.ctors)
 *(EXCLUDE_FILE(*crtend.o *crtend?.o) .ctors)
 *(SORT_BY_NAME(.ctors.*))
 *(.ctors)
 *crtbegin.o(.dtors)
 *crtbegin?.o(.dtors)
 *(EXCLUDE_FILE(*crtend.o *crtend?.o) .dtors)
 *(SORT_BY_NAME(.dtors.*))
 *(.dtors)
 *(.eh_frame*)
 .eh_frame      0x00000000100067f8        0x0 /usr/lib/gcc/arm-none-eabi/10.3.1/thumb/v6-m/nofp/crtbegin.o
                0x00000000100067f8                . = ALIGN (0x4)

.glue_7         0x00000000100067f8        0x0
 .glue_7        0x00000000100067f8        0x0 linker stubs

.glue_7t        0x00000000100067f8        0x0
 .glue_7t       0x00000000100067f8        0x0 linker stubs

.vfp11_veneer   0x00000000100067f8        0x0
 .vfp11_veneer  0x00000000100067f8        0x0 linker stubs

.v4_bx          0x00000000100067f8        0x0
 .v4_bx         0x00000000100067f8        0x0 linker stubs

.iplt           0x00000000100067f8        0x0
 .iplt          0x00000000100067f8        0x0 /usr/lib/gcc/arm-none-eabi/10.3.1/thumb/v6-m/nofp/crtbegin.o

.rodata         0x00000000100067f8     0x1544
 *(EXCLUDE_FILE(*libm.a: *libc.a:*lib_a-mem*.o *libgcc.a:) .rodata*)
 .rodata.spin_lock_claim_unused.str1.4
                0x00000000100067f8       0x1b CMakeFiles/arithmetic-logic.dir/home/geo/pico/pico-sdk/src/rp2_common/hardware_sync/sync.c.obj
 *fill*         0x0000000010006813        0x1 
 .rodata.make_branch.str1.4
                0x0000000010006814       0x6a CMakeFiles/arithmetic-logic.dir/home/geo/pico/pico-sdk/src/rp2_common/hardware_irq/irq.c.obj
 *fill*         0x000000001000687e        0x2 
 .rodata.insert_branch_and_link.str1.4
                0x0000000010006880       0x10 CMakeFiles/arithmetic-logic.dir/home/geo/pico/pico-sdk/src/rp2_common/hardware_irq/irq.c.obj
 .rodata.irq_set_exclusive_handler.str1.4
                0x0000000010006890       0x36 CMakeFiles/arithmetic-logic.dir/home/geo/pico/pico-sdk/src/rp2_common/hardware_irq/irq.c.obj
 *fill*         0x00000000100068c6        0x2 
 .rodata.irq_add_shared_handler.str1.4
                0x00000000100068c8       0xd9 CMakeFiles/arithmetic-logic.dir/home/geo/pico/pico-sdk/src/rp2_common/hardware_irq/irq.c.obj
 *fill*         0x00000000100069a1        0x3 
 .rodata.irq_remove_handler.str1.4
                0x00000000100069a4       0x3a CMakeFiles/arithmetic-logic.dir/home/geo/pico/pico-sdk/src/rp2_common/hardware_irq/irq.c.obj
 *fill*         0x00000000100069de        0x2 
 .rodata.irq_add_tail_to_free_list.str1.4
                0x00000000100069e0       0x3a CMakeFiles/arithmetic-logic.dir/home/geo/pico/pico-sdk/src/rp2_common/hardware_irq/irq.c.obj
 *fill*         0x0000000010006a1a        0x2 
 .rodata.user_irq_claim_unused.str1.4
                0x0000000010006a1c       0x1b CMakeFiles/arithmetic-logic.dir/home/geo/pico/pico-sdk/src/rp2_common/hardware_irq/irq.c.obj
 *fill*         0x0000000010006a37        0x1 
 .rodata.__func__.0
                0x0000000010006a38       0x1a CMakeFiles/arithmetic-logic.dir/home/geo/pico/pico-sdk/src/rp2_common/hardware_irq/irq.c.obj
 *fill*         0x0000000010006a52        0x2 
 .rodata.__func__.1
                0x0000000010006a54       0x17 CMakeFiles/arithmetic-logic.dir/home/geo/pico/pico-sdk/src/rp2_common/hardware_irq/irq.c.obj
 *fill*         0x0000000010006a6b        0x1 
 .rodata.__func__.2
                0x0000000010006a6c       0x13 CMakeFiles/arithmetic-logic.dir/home/geo/pico/pico-sdk/src/rp2_common/hardware_irq/irq.c.obj
 *fill*         0x0000000010006a7f        0x1 
 .rodata.__func__.3
                0x0000000010006a80        0xc CMakeFiles/arithmetic-logic.dir/home/geo/pico/pico-sdk/src/rp2_common/hardware_irq/irq.c.obj
 .rodata.__func__.4
                0x0000000010006a8c        0xf CMakeFiles/arithmetic-logic.dir/home/geo/pico/pico-sdk/src/rp2_common/hardware_irq/irq.c.obj
 *fill*         0x0000000010006a9b        0x1 
 .rodata.__func__.5
                0x0000000010006a9c       0x17 CMakeFiles/arithmetic-logic.dir/home/geo/pico/pico-sdk/src/rp2_common/hardware_irq/irq.c.obj
 *fill*         0x0000000010006ab3        0x1 
 .rodata.__func__.6
                0x0000000010006ab4       0x1a CMakeFiles/arithmetic-logic.dir/home/geo/pico/pico-sdk/src/rp2_common/hardware_irq/irq.c.obj
 *fill*         0x0000000010006ace        0x2 
 .rodata.str1.4
                0x0000000010006ad0       0xe9 CMakeFiles/arithmetic-logic.dir/home/geo/pico/pico-sdk/src/common/pico_sync/mutex.c.obj
 *fill*         0x0000000010006bb9        0x3 
 .rodata.__func__.1
                0x0000000010006bbc        0xb CMakeFiles/arithmetic-logic.dir/home/geo/pico/pico-sdk/src/common/pico_sync/mutex.c.obj
 *fill*         0x0000000010006bc7        0x1 
 .rodata.__func__.3
                0x0000000010006bc8       0x18 CMakeFiles/arithmetic-logic.dir/home/geo/pico/pico-sdk/src/common/pico_sync/mutex.c.obj
 .rodata.__func__.4
                0x0000000010006be0       0x15 CMakeFiles/arithmetic-logic.dir/home/geo/pico/pico-sdk/src/common/pico_sync/mutex.c.obj
 *fill*         0x0000000010006bf5        0x3 
 .rodata.repeating_timer_callback.str1.4
                0x0000000010006bf8       0x48 CMakeFiles/arithmetic-logic.dir/home/geo/pico/pico-sdk/src/common/pico_time/time.c.obj
 .rodata.timer_pool_entry_comparator.str1.4
                0x0000000010006c40       0x22 CMakeFiles/arithmetic-logic.dir/home/geo/pico/pico-sdk/src/common/pico_time/time.c.obj
 *fill*         0x0000000010006c62        0x2 
 .rodata.ph_add_child_node.str1.4
                0x0000000010006c64       0x92 CMakeFiles/arithmetic-logic.dir/home/geo/pico/pico-sdk/src/common/pico_time/time.c.obj
 *fill*         0x0000000010006cf6        0x2 
 .rodata.add_alarm_under_lock.str1.4
                0x0000000010006cf8       0x28 CMakeFiles/arithmetic-logic.dir/home/geo/pico/pico-sdk/src/common/pico_time/time.c.obj
                                         0x2b (size before relaxing)
 .rodata.alarm_pool_alarm_callback.str1.4
                0x0000000010006d20       0x98 CMakeFiles/arithmetic-logic.dir/home/geo/pico/pico-sdk/src/common/pico_time/time.c.obj
                                         0xf8 (size before relaxing)
 .rodata.alarm_pool_get_default.str1.4
                0x0000000010006db8       0x21 CMakeFiles/arithmetic-logic.dir/home/geo/pico/pico-sdk/src/common/pico_time/time.c.obj
 *fill*         0x0000000010006dd9        0x3 
 .rodata.alarm_pool_cancel_alarm.str1.4
                0x0000000010006ddc       0x27 CMakeFiles/arithmetic-logic.dir/home/geo/pico/pico-sdk/src/common/pico_time/time.c.obj
 *fill*         0x0000000010006e03        0x1 
 .rodata.sleep_until.str1.4
                0x0000000010006e04       0x4d CMakeFiles/arithmetic-logic.dir/home/geo/pico/pico-sdk/src/common/pico_time/time.c.obj
 *fill*         0x0000000010006e51        0x3 
 .rodata.__func__.1
                0x0000000010006e54       0x18 CMakeFiles/arithmetic-logic.dir/home/geo/pico/pico-sdk/src/common/pico_time/time.c.obj
 .rodata.__func__.10
                0x0000000010006e6c       0x15 CMakeFiles/arithmetic-logic.dir/home/geo/pico/pico-sdk/src/common/pico_time/time.c.obj
 *fill*         0x0000000010006e81        0x3 
 .rodata.__func__.11
                0x0000000010006e84       0x1a CMakeFiles/arithmetic-logic.dir/home/geo/pico/pico-sdk/src/common/pico_time/time.c.obj
 *fill*         0x0000000010006e9e        0x2 
 .rodata.__func__.12
                0x0000000010006ea0        0xa CMakeFiles/arithmetic-logic.dir/home/geo/pico/pico-sdk/src/common/pico_time/time.c.obj
 *fill*         0x0000000010006eaa        0x2 
 .rodata.__func__.3
                0x0000000010006eac       0x17 CMakeFiles/arithmetic-logic.dir/home/geo/pico/pico-sdk/src/common/pico_time/time.c.obj
 *fill*         0x0000000010006ec3        0x1 
 .rodata.__func__.4
                0x0000000010006ec4       0x12 CMakeFiles/arithmetic-logic.dir/home/geo/pico/pico-sdk/src/common/pico_time/time.c.obj
 *fill*         0x0000000010006ed6        0x2 
 .rodata.__func__.5
                0x0000000010006ed8        0xd CMakeFiles/arithmetic-logic.dir/home/geo/pico/pico-sdk/src/common/pico_time/time.c.obj
 *fill*         0x0000000010006ee5        0x3 
 .rodata.__func__.6
                0x0000000010006ee8       0x12 CMakeFiles/arithmetic-logic.dir/home/geo/pico/pico-sdk/src/common/pico_time/time.c.obj
 *fill*         0x0000000010006efa        0x2 
 .rodata.__func__.7
                0x0000000010006efc        0xf CMakeFiles/arithmetic-logic.dir/home/geo/pico/pico-sdk/src/common/pico_time/time.c.obj
 *fill*         0x0000000010006f0b        0x1 
 .rodata.__func__.8
                0x0000000010006f0c        0xc CMakeFiles/arithmetic-logic.dir/home/geo/pico/pico-sdk/src/common/pico_time/time.c.obj
 .rodata.__func__.9
                0x0000000010006f18       0x15 CMakeFiles/arithmetic-logic.dir/home/geo/pico/pico-sdk/src/common/pico_time/time.c.obj
 *fill*         0x0000000010006f2d        0x3 
 .rodata.hardware_alarm_claim.str1.4
                0x0000000010006f30       0x22 CMakeFiles/arithmetic-logic.dir/home/geo/pico/pico-sdk/src/rp2_common/hardware_timer/timer.c.obj
 *fill*         0x0000000010006f52        0x2 
 .rodata.hardware_alarm_set_target.str1.4
                0x0000000010006f54       0x62 CMakeFiles/arithmetic-logic.dir/home/geo/pico/pico-sdk/src/rp2_common/hardware_timer/timer.c.obj
 *fill*         0x0000000010006fb6        0x2 
 .rodata.__func__.0
                0x0000000010006fb8       0x1a CMakeFiles/arithmetic-logic.dir/home/geo/pico/pico-sdk/src/rp2_common/hardware_timer/timer.c.obj
 .rodata.ph_add_child_node.str1.4
                0x0000000010006fd2       0x92 CMakeFiles/arithmetic-logic.dir/home/geo/pico/pico-sdk/src/common/pico_util/pheap.c.obj
 *fill*         0x0000000010006fd2        0x2 
 .rodata.ph_remove_any_head.str1.4
                0x0000000010006fd4       0x8c CMakeFiles/arithmetic-logic.dir/home/geo/pico/pico-sdk/src/common/pico_util/pheap.c.obj
                                         0xa0 (size before relaxing)
 .rodata.ph_remove_and_free_node.str1.4
                0x0000000010007060       0x1e CMakeFiles/arithmetic-logic.dir/home/geo/pico/pico-sdk/src/common/pico_util/pheap.c.obj
                                         0x26 (size before relaxing)
 *fill*         0x000000001000707e        0x2 
 .rodata.__func__.0
                0x0000000010007080       0x18 CMakeFiles/arithmetic-logic.dir/home/geo/pico/pico-sdk/src/common/pico_util/pheap.c.obj
 .rodata.__func__.1
                0x0000000010007098       0x13 CMakeFiles/arithmetic-logic.dir/home/geo/pico/pico-sdk/src/common/pico_util/pheap.c.obj
 *fill*         0x00000000100070ab        0x1 
 .rodata.__func__.2
                0x00000000100070ac       0x12 CMakeFiles/arithmetic-logic.dir/home/geo/pico/pico-sdk/src/common/pico_util/pheap.c.obj
 *fill*         0x00000000100070be        0x2 
 .rodata.__func__.3
                0x00000000100070c0        0xc CMakeFiles/arithmetic-logic.dir/home/geo/pico/pico-sdk/src/common/pico_util/pheap.c.obj
 .rodata.clock_configure.str1.4
                0x00000000100070cc       0x54 CMakeFiles/arithmetic-logic.dir/home/geo/pico/pico-sdk/src/rp2_common/hardware_clocks/clocks.c.obj
 .rodata.__func__.1
                0x0000000010007120       0x10 CMakeFiles/arithmetic-logic.dir/home/geo/pico/pico-sdk/src/rp2_common/hardware_clocks/clocks.c.obj
 .rodata.pll_init.str1.4
                0x0000000010007130      0x120 CMakeFiles/arithmetic-logic.dir/home/geo/pico/pico-sdk/src/rp2_common/hardware_pll/pll.c.obj
 .rodata.__func__.0
                0x0000000010007250        0x9 CMakeFiles/arithmetic-logic.dir/home/geo/pico/pico-sdk/src/rp2_common/hardware_pll/pll.c.obj
 *fill*         0x0000000010007259        0x3 
 .rodata.__assert_func.str1.4
                0x000000001000725c       0x3f CMakeFiles/arithmetic-logic.dir/home/geo/pico/pico-sdk/src/rp2_common/pico_runtime/runtime.c.obj
                                         0x43 (size before relaxing)
 *fill*         0x000000001000729b        0x1 
 .rodata.runtime_init.str1.4
                0x000000001000729c       0x5e CMakeFiles/arithmetic-logic.dir/home/geo/pico/pico-sdk/src/rp2_common/pico_runtime/runtime.c.obj
 *fill*         0x00000000100072fa        0x2 
 .rodata.panic.str1.4
                0x00000000100072fc       0x12 CMakeFiles/arithmetic-logic.dir/home/geo/pico/pico-sdk/src/rp2_common/pico_runtime/runtime.c.obj
 *fill*         0x000000001000730e        0x2 
 .rodata.__func__.2
                0x0000000010007310        0xd CMakeFiles/arithmetic-logic.dir/home/geo/pico/pico-sdk/src/rp2_common/pico_runtime/runtime.c.obj
 *fill*         0x000000001000731d        0x3 
 .rodata._ftoa.str1.4
                0x0000000010007320       0x15 CMakeFiles/arithmetic-logic.dir/home/geo/pico/pico-sdk/src/rp2_common/pico_printf/printf.c.obj
 *fill*         0x0000000010007335        0x3 
 .rodata._vsnprintf
                0x0000000010007338      0x1e0 CMakeFiles/arithmetic-logic.dir/home/geo/pico/pico-sdk/src/rp2_common/pico_printf/printf.c.obj
 .rodata.pow10.0
                0x0000000010007518       0x50 CMakeFiles/arithmetic-logic.dir/home/geo/pico/pico-sdk/src/rp2_common/pico_printf/printf.c.obj
 .rodata.missing_double_func_shim.str1.4
                0x0000000010007568       0x18 CMakeFiles/arithmetic-logic.dir/home/geo/pico/pico-sdk/src/rp2_common/pico_double/double_init_rom.c.obj
 .rodata.__aeabi_double_init.str1.4
                0x0000000010007580       0x99 CMakeFiles/arithmetic-logic.dir/home/geo/pico/pico-sdk/src/rp2_common/pico_double/double_init_rom.c.obj
 *fill*         0x0000000010007619        0x3 
 .rodata.__func__.0
                0x000000001000761c       0x14 CMakeFiles/arithmetic-logic.dir/home/geo/pico/pico-sdk/src/rp2_common/pico_double/double_init_rom.c.obj
 .rodata.missing_float_func_shim.str1.4
                0x0000000010007630        0x1 CMakeFiles/arithmetic-logic.dir/home/geo/pico/pico-sdk/src/rp2_common/pico_float/float_init_rom.c.obj
 .rodata.__aeabi_float_init.str1.4
                0x0000000010007630       0x77 CMakeFiles/arithmetic-logic.dir/home/geo/pico/pico-sdk/src/rp2_common/pico_float/float_init_rom.c.obj
 *fill*         0x00000000100076a7        0x1 
 .rodata.__func__.0
                0x00000000100076a8       0x13 CMakeFiles/arithmetic-logic.dir/home/geo/pico/pico-sdk/src/rp2_common/pico_float/float_init_rom.c.obj
 *fill*         0x00000000100076bb        0x1 
 .rodata.str1.4
                0x00000000100076bc       0x48 CMakeFiles/arithmetic-logic.dir/home/geo/pico/pico-sdk/src/rp2_common/pico_standard_link/binary_info.c.obj
 .rodata.__bi_44
                0x0000000010007704        0xc CMakeFiles/arithmetic-logic.dir/home/geo/pico/pico-sdk/src/rp2_common/pico_standard_link/binary_info.c.obj
 .rodata.__bi_75
                0x0000000010007710        0xc CMakeFiles/arithmetic-logic.dir/home/geo/pico/pico-sdk/src/rp2_common/pico_standard_link/binary_info.c.obj
 .rodata.__bi_81
                0x000000001000771c        0xc CMakeFiles/arithmetic-logic.dir/home/geo/pico/pico-sdk/src/rp2_common/pico_standard_link/binary_info.c.obj
 .rodata.stdout_serialize_begin.str1.4
                0x0000000010007728       0x5e CMakeFiles/arithmetic-logic.dir/home/geo/pico/pico-sdk/src/rp2_common/pico_stdio/stdio.c.obj
 .rodata.__func__.3
                0x0000000010007728       0x15 CMakeFiles/arithmetic-logic.dir/home/geo/pico/pico-sdk/src/rp2_common/pico_stdio/stdio.c.obj
 *fill*         0x000000001000773d        0x3 
 .rodata.crlf_str.2
                0x0000000010007740        0x2 CMakeFiles/arithmetic-logic.dir/home/geo/pico/pico-sdk/src/rp2_common/pico_stdio/stdio.c.obj
 *fill*         0x0000000010007742        0x2 
 .rodata._resetd_driver
                0x0000000010007744       0x18 CMakeFiles/arithmetic-logic.dir/home/geo/pico/pico-sdk/src/rp2_common/pico_stdio_usb/reset_interface.c.obj
 .rodata.low_priority_worker_irq.str1.4
                0x000000001000775c       0x5e CMakeFiles/arithmetic-logic.dir/home/geo/pico/pico-sdk/src/rp2_common/pico_stdio_usb/stdio_usb.c.obj
 .rodata.stdio_usb_init.str1.4
                0x000000001000775c       0x42 CMakeFiles/arithmetic-logic.dir/home/geo/pico/pico-sdk/src/rp2_common/pico_stdio_usb/stdio_usb.c.obj
                                         0x4a (size before relaxing)
 *fill*         0x000000001000779e        0x2 
 .rodata.str1.4
                0x00000000100077a0       0x13 CMakeFiles/arithmetic-logic.dir/home/geo/pico/pico-sdk/src/rp2_common/pico_stdio_usb/stdio_usb.c.obj
 *fill*         0x00000000100077b3        0x1 
 .rodata.__bi_182.0
                0x00000000100077b4        0xc CMakeFiles/arithmetic-logic.dir/home/geo/pico/pico-sdk/src/rp2_common/pico_stdio_usb/stdio_usb.c.obj
 .rodata.__func__.1
                0x00000000100077c0        0xf CMakeFiles/arithmetic-logic.dir/home/geo/pico/pico-sdk/src/rp2_common/pico_stdio_usb/stdio_usb.c.obj
 *fill*         0x00000000100077cf        0x1 
 .rodata.__func__.3
                0x00000000100077d0       0x15 CMakeFiles/arithmetic-logic.dir/home/geo/pico/pico-sdk/src/rp2_common/pico_stdio_usb/stdio_usb.c.obj
 *fill*         0x00000000100077e5        0x3 
 .rodata.str1.4
                0x00000000100077e8       0x2a CMakeFiles/arithmetic-logic.dir/home/geo/pico/pico-sdk/src/rp2_common/pico_stdio_usb/stdio_usb_descriptors.c.obj
 *fill*         0x0000000010007812        0x2 
 .rodata.usbd_desc_cfg
                0x0000000010007814       0x54 CMakeFiles/arithmetic-logic.dir/home/geo/pico/pico-sdk/src/rp2_common/pico_stdio_usb/stdio_usb_descriptors.c.obj
 .rodata.usbd_desc_device
                0x0000000010007868       0x12 CMakeFiles/arithmetic-logic.dir/home/geo/pico/pico-sdk/src/rp2_common/pico_stdio_usb/stdio_usb_descriptors.c.obj
 *fill*         0x000000001000787a        0x2 
 .rodata.usbd_desc_str
                0x000000001000787c       0x18 CMakeFiles/arithmetic-logic.dir/home/geo/pico/pico-sdk/src/rp2_common/pico_stdio_usb/stdio_usb_descriptors.c.obj
 .rodata.pico_get_unique_board_id_string.str1.4
                0x0000000010007894       0x4a CMakeFiles/arithmetic-logic.dir/home/geo/pico/pico-sdk/src/rp2_common/pico_unique_id/unique_id.c.obj
 *fill*         0x00000000100078de        0x2 
 .rodata.__func__.0
                0x00000000100078e0       0x20 CMakeFiles/arithmetic-logic.dir/home/geo/pico/pico-sdk/src/rp2_common/pico_unique_id/unique_id.c.obj
 .rodata.str1.4
                0x0000000010007900      0x156 CMakeFiles/arithmetic-logic.dir/home/geo/pico/pico-sdk/src/rp2_common/hardware_flash/flash.c.obj
 *fill*         0x0000000010007a56        0x2 
 .rodata.__func__.0
                0x0000000010007a58        0xd CMakeFiles/arithmetic-logic.dir/home/geo/pico/pico-sdk/src/rp2_common/hardware_flash/flash.c.obj
 *fill*         0x0000000010007a65        0x3 
 .rodata._hw_endpoint_alloc.str1.4
                0x0000000010007a68       0xb5 CMakeFiles/arithmetic-logic.dir/home/geo/pico/pico-sdk/lib/tinyusb/src/portable/raspberrypi/rp2040/dcd_rp2040.c.obj
 *fill*         0x0000000010007b1d        0x3 
 .rodata.str1.4
                0x0000000010007b20       0x14 CMakeFiles/arithmetic-logic.dir/home/geo/pico/pico-sdk/lib/tinyusb/src/portable/raspberrypi/rp2040/dcd_rp2040.c.obj
 .rodata.dcd_int_enable.str1.4
                0x0000000010007b34        0xc CMakeFiles/arithmetic-logic.dir/home/geo/pico/pico-sdk/lib/tinyusb/src/portable/raspberrypi/rp2040/dcd_rp2040.c.obj
 .rodata.__func__.0
                0x0000000010007b40        0xe CMakeFiles/arithmetic-logic.dir/home/geo/pico/pico-sdk/lib/tinyusb/src/portable/raspberrypi/rp2040/dcd_rp2040.c.obj
 *fill*         0x0000000010007b4e        0x2 
 .rodata.__func__.1
                0x0000000010007b50        0xe CMakeFiles/arithmetic-logic.dir/home/geo/pico/pico-sdk/lib/tinyusb/src/portable/raspberrypi/rp2040/dcd_rp2040.c.obj
 *fill*         0x0000000010007b5e        0x2 
 .rodata.__func__.3
                0x0000000010007b60       0x10 CMakeFiles/arithmetic-logic.dir/home/geo/pico/pico-sdk/lib/tinyusb/src/portable/raspberrypi/rp2040/dcd_rp2040.c.obj
 .rodata.__func__.5
                0x0000000010007b70        0xf CMakeFiles/arithmetic-logic.dir/home/geo/pico/pico-sdk/lib/tinyusb/src/portable/raspberrypi/rp2040/dcd_rp2040.c.obj
 *fill*         0x0000000010007b7f        0x1 
 .rodata.__func__.6
                0x0000000010007b80       0x13 CMakeFiles/arithmetic-logic.dir/home/geo/pico/pico-sdk/lib/tinyusb/src/portable/raspberrypi/rp2040/dcd_rp2040.c.obj
 *fill*         0x0000000010007b93        0x1 
 .rodata.__func__.7
                0x0000000010007b94        0x9 CMakeFiles/arithmetic-logic.dir/home/geo/pico/pico-sdk/lib/tinyusb/src/portable/raspberrypi/rp2040/dcd_rp2040.c.obj
 *fill*         0x0000000010007b9d        0x3 
 .rodata.str1.4
                0x0000000010007ba0       0xe7 CMakeFiles/arithmetic-logic.dir/home/geo/pico/pico-sdk/lib/tinyusb/src/portable/raspberrypi/rp2040/rp2040_usb.c.obj
 *fill*         0x0000000010007c87        0x1 
 .rodata.__func__.0
                0x0000000010007c88        0xf CMakeFiles/arithmetic-logic.dir/home/geo/pico/pico-sdk/lib/tinyusb/src/portable/raspberrypi/rp2040/rp2040_usb.c.obj
 *fill*         0x0000000010007c97        0x1 
 .rodata.process_get_descriptor
                0x0000000010007c98       0x40 CMakeFiles/arithmetic-logic.dir/home/geo/pico/pico-sdk/lib/tinyusb/src/device/usbd.c.obj
 .rodata.process_control_request
                0x0000000010007cd8       0x28 CMakeFiles/arithmetic-logic.dir/home/geo/pico/pico-sdk/lib/tinyusb/src/device/usbd.c.obj
 .rodata.tud_task_ext
                0x0000000010007d00       0x24 CMakeFiles/arithmetic-logic.dir/home/geo/pico/pico-sdk/lib/tinyusb/src/device/usbd.c.obj
 .rodata._usbd_driver
                0x0000000010007d24       0x18 CMakeFiles/arithmetic-logic.dir/home/geo/pico/pico-sdk/lib/tinyusb/src/device/usbd.c.obj
                0x0000000010007d3c                . = ALIGN (0x4)
 *(SORT_BY_ALIGNMENT(SORT_BY_NAME(.flashdata*)))
                0x0000000010007d3c                . = ALIGN (0x4)

.ARM.extab
 *(.ARM.extab* .gnu.linkonce.armextab.*)
                0x0000000010007d3c                __exidx_start = .

.ARM.exidx
 *(.ARM.exidx* .gnu.linkonce.armexidx.*)
                0x0000000010007d3c                __exidx_end = .
                0x0000000010007d3c                . = ALIGN (0x4)
                0x0000000010007d3c                __binary_info_start = .

.binary_info    0x0000000010007d3c       0x20
 *(.binary_info.keep.*)
 .binary_info.keep.__bi_ptr22
                0x0000000010007d3c        0x4 CMakeFiles/arithmetic-logic.dir/home/geo/pico/pico-sdk/src/rp2_common/pico_standard_link/binary_info.c.obj
 .binary_info.keep.__bi_ptr30
                0x0000000010007d40        0x4 CMakeFiles/arithmetic-logic.dir/home/geo/pico/pico-sdk/src/rp2_common/pico_standard_link/binary_info.c.obj
 .binary_info.keep.__bi_ptr38
                0x0000000010007d44        0x4 CMakeFiles/arithmetic-logic.dir/home/geo/pico/pico-sdk/src/rp2_common/pico_standard_link/binary_info.c.obj
 .binary_info.keep.__bi_ptr44
                0x0000000010007d48        0x4 CMakeFiles/arithmetic-logic.dir/home/geo/pico/pico-sdk/src/rp2_common/pico_standard_link/binary_info.c.obj
 .binary_info.keep.__bi_ptr50
                0x0000000010007d4c        0x4 CMakeFiles/arithmetic-logic.dir/home/geo/pico/pico-sdk/src/rp2_common/pico_standard_link/binary_info.c.obj
 .binary_info.keep.__bi_ptr75
                0x0000000010007d50        0x4 CMakeFiles/arithmetic-logic.dir/home/geo/pico/pico-sdk/src/rp2_common/pico_standard_link/binary_info.c.obj
 .binary_info.keep.__bi_ptr81
                0x0000000010007d54        0x4 CMakeFiles/arithmetic-logic.dir/home/geo/pico/pico-sdk/src/rp2_common/pico_standard_link/binary_info.c.obj
 *(.binary_info.*)
 .binary_info.__bi_ptr182
                0x0000000010007d58        0x4 CMakeFiles/arithmetic-logic.dir/home/geo/pico/pico-sdk/src/rp2_common/pico_stdio_usb/stdio_usb.c.obj
                0x0000000010007d5c                __binary_info_end = .

.rel.dyn        0x0000000010007d5c        0x0
 .rel.iplt      0x0000000010007d5c        0x0 /usr/lib/gcc/arm-none-eabi/10.3.1/thumb/v6-m/nofp/crtbegin.o
                0x0000000010007d5c                . = ALIGN (0x4)

.ram_vector_table
                0x0000000020000000       0xc0
 *(.ram_vector_table)
 .ram_vector_table
                0x0000000020000000       0xc0 CMakeFiles/arithmetic-logic.dir/home/geo/pico/pico-sdk/src/rp2_common/pico_runtime/runtime.c.obj
                0x0000000020000000                ram_vector_table

.data           0x00000000200000c0      0xbf0 load address 0x0000000010007d5c
                0x00000000200000c0                __data_start__ = .
 *(vtable)
 *(.time_critical*)
 .time_critical.mutex_try_enter
                0x00000000200000c0       0x46 CMakeFiles/arithmetic-logic.dir/home/geo/pico/pico-sdk/src/common/pico_sync/mutex.c.obj
                0x00000000200000c0                mutex_try_enter
 *fill*         0x0000000020000106        0x2 
 .time_critical.mutex_enter_block_until
                0x0000000020000108       0x8c CMakeFiles/arithmetic-logic.dir/home/geo/pico/pico-sdk/src/common/pico_sync/mutex.c.obj
                0x0000000020000108                mutex_enter_block_until
 .time_critical.mutex_try_enter_block_until
                0x0000000020000194       0x34 CMakeFiles/arithmetic-logic.dir/home/geo/pico/pico-sdk/src/common/pico_sync/mutex.c.obj
                0x0000000020000194                mutex_try_enter_block_until
 .time_critical.mutex_enter_timeout_ms
                0x00000000200001c8       0x68 CMakeFiles/arithmetic-logic.dir/home/geo/pico/pico-sdk/src/common/pico_sync/mutex.c.obj
                0x00000000200001c8                mutex_enter_timeout_ms
 .time_critical.mutex_exit
                0x0000000020000230       0x4c CMakeFiles/arithmetic-logic.dir/home/geo/pico/pico-sdk/src/common/pico_sync/mutex.c.obj
                0x0000000020000230                mutex_exit
 .time_critical.flash_init_boot2_copyout
                0x000000002000027c       0x30 CMakeFiles/arithmetic-logic.dir/home/geo/pico/pico-sdk/src/rp2_common/hardware_flash/flash.c.obj
 .time_critical.flash_enable_xip_via_boot2
                0x00000000200002ac       0x10 CMakeFiles/arithmetic-logic.dir/home/geo/pico/pico-sdk/src/rp2_common/hardware_flash/flash.c.obj
 .time_critical.flash_cs_force
                0x00000000200002bc       0x28 CMakeFiles/arithmetic-logic.dir/home/geo/pico/pico-sdk/src/rp2_common/hardware_flash/flash.c.obj
 .time_critical.flash_do_cmd
                0x00000000200002e4       0xd8 CMakeFiles/arithmetic-logic.dir/home/geo/pico/pico-sdk/src/rp2_common/hardware_flash/flash.c.obj
                0x00000000200002e4                flash_do_cmd
 .time_critical.reset_non_control_endpoints
                0x00000000200003bc       0x40 CMakeFiles/arithmetic-logic.dir/home/geo/pico/pico-sdk/lib/tinyusb/src/portable/raspberrypi/rp2040/dcd_rp2040.c.obj
 .time_critical.hw_handle_buff_status
                0x00000000200003fc       0xa4 CMakeFiles/arithmetic-logic.dir/home/geo/pico/pico-sdk/lib/tinyusb/src/portable/raspberrypi/rp2040/dcd_rp2040.c.obj
 .time_critical.dcd_rp2040_irq
                0x00000000200004a0      0x1cc CMakeFiles/arithmetic-logic.dir/home/geo/pico/pico-sdk/lib/tinyusb/src/portable/raspberrypi/rp2040/dcd_rp2040.c.obj
 .time_critical.e15_is_bulkin_ep
                0x000000002000066c       0x2c CMakeFiles/arithmetic-logic.dir/home/geo/pico/pico-sdk/lib/tinyusb/src/portable/raspberrypi/rp2040/rp2040_usb.c.obj
 .time_critical.e15_is_critical_frame_period
                0x0000000020000698       0x30 CMakeFiles/arithmetic-logic.dir/home/geo/pico/pico-sdk/lib/tinyusb/src/portable/raspberrypi/rp2040/rp2040_usb.c.obj
 .time_critical.prepare_ep_buffer
                0x00000000200006c8       0x70 CMakeFiles/arithmetic-logic.dir/home/geo/pico/pico-sdk/lib/tinyusb/src/portable/raspberrypi/rp2040/rp2040_usb.c.obj
 .time_critical.sync_ep_buffer
                0x0000000020000738       0x80 CMakeFiles/arithmetic-logic.dir/home/geo/pico/pico-sdk/lib/tinyusb/src/portable/raspberrypi/rp2040/rp2040_usb.c.obj
 .time_critical._hw_endpoint_xfer_sync
                0x00000000200007b8       0x28 CMakeFiles/arithmetic-logic.dir/home/geo/pico/pico-sdk/lib/tinyusb/src/portable/raspberrypi/rp2040/rp2040_usb.c.obj
 .time_critical.hw_endpoint_reset_transfer
                0x00000000200007e0        0xc CMakeFiles/arithmetic-logic.dir/home/geo/pico/pico-sdk/lib/tinyusb/src/portable/raspberrypi/rp2040/rp2040_usb.c.obj
                0x00000000200007e0                hw_endpoint_reset_transfer
 .time_critical._hw_endpoint_buffer_control_update32
                0x00000000200007ec       0x58 CMakeFiles/arithmetic-logic.dir/home/geo/pico/pico-sdk/lib/tinyusb/src/portable/raspberrypi/rp2040/rp2040_usb.c.obj
                0x00000000200007ec                _hw_endpoint_buffer_control_update32
 .time_critical.hw_endpoint_start_next_buffer
                0x0000000020000844       0x88 CMakeFiles/arithmetic-logic.dir/home/geo/pico/pico-sdk/lib/tinyusb/src/portable/raspberrypi/rp2040/rp2040_usb.c.obj
                0x0000000020000844                hw_endpoint_start_next_buffer
 .time_critical.hw_endpoint_xfer_continue
                0x00000000200008cc       0x50 CMakeFiles/arithmetic-logic.dir/home/geo/pico/pico-sdk/lib/tinyusb/src/portable/raspberrypi/rp2040/rp2040_usb.c.obj
                0x00000000200008cc                hw_endpoint_xfer_continue
 .time_critical.tinyusb
                0x000000002000091c      0x200 CMakeFiles/arithmetic-logic.dir/home/geo/pico/pico-sdk/lib/tinyusb/src/device/usbd.c.obj
                0x000000002000091c                dcd_event_handler
 *(.text*)
 .text          0x0000000020000b1c        0x4 /usr/lib/gcc/arm-none-eabi/10.3.1/thumb/v6-m/nofp/libgcc.a(_dvmd_tls.o)
                0x0000000020000b1c                __aeabi_ldiv0
                0x0000000020000b1c                __aeabi_idiv0
 .text.__stub   0x0000000020000b20       0x90 linker stubs
                0x0000000020000bb0                . = ALIGN (0x4)
 *(.rodata*)
                0x0000000020000bb0                . = ALIGN (0x4)
 *(.data*)
 .data.striped_spin_lock_num
                0x0000000020000bb0        0x1 CMakeFiles/arithmetic-logic.dir/home/geo/pico/pico-sdk/src/rp2_common/hardware_sync/sync.c.obj
 *fill*         0x0000000020000bb1        0x3 
 .data          0x0000000020000bb4       0x48 CMakeFiles/arithmetic-logic.dir/home/geo/pico/pico-sdk/src/rp2_common/hardware_irq/irq_handler_chain.S.obj
                0x0000000020000bb4                irq_handler_chain_slots
                0x0000000020000be4                irq_handler_chain_first_slot
                0x0000000020000bee                irq_handler_chain_remove_tail
 .data.default_alarm_pool
                0x0000000020000bfc       0x18 CMakeFiles/arithmetic-logic.dir/home/geo/pico/pico-sdk/src/common/pico_time/time.c.obj
 .data.default_alarm_pool_heap
                0x0000000020000c14       0x10 CMakeFiles/arithmetic-logic.dir/home/geo/pico/pico-sdk/src/common/pico_time/time.c.obj
 *fill*         0x0000000020000c24        0xc 
 .data.aeabi_bits_funcs
                0x0000000020000c30       0x10 CMakeFiles/arithmetic-logic.dir/home/geo/pico/pico-sdk/src/rp2_common/pico_bit_ops/bit_ops_aeabi.S.obj
                0x0000000020000c30                aeabi_bits_funcs
                0x0000000020000c40                aeabi_bits_funcs_end
 .data.aeabi_mem_funcs
                0x0000000020000c40       0x10 CMakeFiles/arithmetic-logic.dir/home/geo/pico/pico-sdk/src/rp2_common/pico_mem_ops/mem_ops_aeabi.S.obj
                0x0000000020000c40                aeabi_mem_funcs
                0x0000000020000c50                aeabi_mem_funcs_end
 .data.stdio_usb
                0x0000000020000c50       0x18 CMakeFiles/arithmetic-logic.dir/home/geo/pico/pico-sdk/src/rp2_common/pico_stdio_usb/stdio_usb.c.obj
                0x0000000020000c50                stdio_usb
 .data.ep_dir_string
                0x0000000020000c68        0x8 CMakeFiles/arithmetic-logic.dir/home/geo/pico/pico-sdk/lib/tinyusb/src/portable/raspberrypi/rp2040/rp2040_usb.c.obj
                0x0000000020000c68                ep_dir_string
 .data._usbd_qdef
                0x0000000020000c70       0x1c CMakeFiles/arithmetic-logic.dir/home/geo/pico/pico-sdk/lib/tinyusb/src/device/usbd.c.obj
                0x0000000020000c70                _usbd_qdef
 .data._usbd_rhport
                0x0000000020000c8c        0x1 CMakeFiles/arithmetic-logic.dir/home/geo/pico/pico-sdk/lib/tinyusb/src/device/usbd.c.obj
                0x0000000020000c90                . = ALIGN (0x4)
 *fill*         0x0000000020000c8d        0x3 
 *(.after_data.*)
                0x0000000020000c90                . = ALIGN (0x4)
                0x0000000020000c90                PROVIDE (__mutex_array_start = .)
 *(SORT_BY_NAME(.mutex_array.*))
 *(.mutex_array)
 .mutex_array   0x0000000020000c90        0x8 CMakeFiles/arithmetic-logic.dir/home/geo/pico/pico-sdk/src/rp2_common/pico_stdio/stdio.c.obj
                0x0000000020000c98                PROVIDE (__mutex_array_end = .)
                0x0000000020000c98                . = ALIGN (0x4)
                0x0000000020000c98                PROVIDE (__preinit_array_start = .)
 *(SORT_BY_NAME(.preinit_array.*))
 .preinit_array.00001
                0x0000000020000c98        0x4 CMakeFiles/arithmetic-logic.dir/home/geo/pico/pico-sdk/src/rp2_common/pico_mem_ops/mem_ops_aeabi.S.obj
 .preinit_array.00010
                0x0000000020000c9c        0x4 CMakeFiles/arithmetic-logic.dir/home/geo/pico/pico-sdk/src/rp2_common/pico_bit_ops/bit_ops_aeabi.S.obj
 .preinit_array.00020
                0x0000000020000ca0        0x4 CMakeFiles/arithmetic-logic.dir/home/geo/pico/pico-sdk/src/rp2_common/pico_double/double_aeabi.S.obj
 .preinit_array.00020
                0x0000000020000ca4        0x4 CMakeFiles/arithmetic-logic.dir/home/geo/pico/pico-sdk/src/rp2_common/pico_float/float_aeabi.S.obj
 *(.preinit_array)
                0x0000000020000ca8                PROVIDE (__preinit_array_end = .)
                0x0000000020000ca8                . = ALIGN (0x4)
                0x0000000020000ca8                PROVIDE (__init_array_start = .)
 *(SORT_BY_NAME(.init_array.*))
 *(.init_array)
 .init_array    0x0000000020000ca8        0x4 /usr/lib/gcc/arm-none-eabi/10.3.1/thumb/v6-m/nofp/crtbegin.o
 .init_array    0x0000000020000cac        0x4 CMakeFiles/arithmetic-logic.dir/home/geo/pico/pico-sdk/src/rp2_common/pico_unique_id/unique_id.c.obj
                0x0000000020000cb0                PROVIDE (__init_array_end = .)
                0x0000000020000cb0                . = ALIGN (0x4)
                0x0000000020000cb0                PROVIDE (__fini_array_start = .)
 *(SORT_BY_NAME(.fini_array.*))
 *(.fini_array)
                0x0000000020000cb0                PROVIDE (__fini_array_end = .)
 *(.jcr)
                0x0000000020000cb0                . = ALIGN (0x4)
                0x0000000020000cb0                __data_end__ = .
                0x0000000010007d5c                __etext = LOADADDR (.data)

.tm_clone_table
                0x0000000020000cb0        0x0 load address 0x000000001000894c
 .tm_clone_table
                0x0000000020000cb0        0x0 /usr/lib/gcc/arm-none-eabi/10.3.1/thumb/v6-m/nofp/crtbegin.o
 .tm_clone_table
                0x0000000020000cb0        0x0 /usr/lib/gcc/arm-none-eabi/10.3.1/thumb/v6-m/nofp/crtend.o

.igot.plt       0x0000000020000cb0        0x0 load address 0x000000001000894c
 .igot.plt      0x0000000020000cb0        0x0 /usr/lib/gcc/arm-none-eabi/10.3.1/thumb/v6-m/nofp/crtbegin.o

.uninitialized_data
                0x0000000020000cb0        0x0 load address 0x000000001000894c
                0x0000000020000cb0                . = ALIGN (0x4)
 *(.uninitialized_data*)

.scratch_x      0x0000000020040000        0x0 load address 0x000000001000894c
                0x0000000020040000                __scratch_x_start__ = .
 *(.scratch_x.*)
                0x0000000020040000                . = ALIGN (0x4)
                0x0000000020040000                __scratch_x_end__ = .
                0x000000001000894c                __scratch_x_source__ = LOADADDR (.scratch_x)

.scratch_y      0x0000000020041000        0x0 load address 0x000000001000894c
                0x0000000020041000                __scratch_y_start__ = .
 *(.scratch_y.*)
                0x0000000020041000                . = ALIGN (0x4)
                0x0000000020041000                __scratch_y_end__ = .
                0x000000001000894c                __scratch_y_source__ = LOADADDR (.scratch_y)

.bss            0x0000000020000cb0      0xd84
                0x0000000020000cb0                . = ALIGN (0x4)
                0x0000000020000cb0                __bss_start__ = .
 *(SORT_BY_ALIGNMENT(SORT_BY_NAME(.bss*)))
 .bss.default_alarm_pool_entries
                0x0000000020000cb0      0x100 CMakeFiles/arithmetic-logic.dir/home/geo/pico/pico-sdk/src/common/pico_time/time.c.obj
 .bss.last_avail_time.2
                0x0000000020000db0        0x8 CMakeFiles/arithmetic-logic.dir/home/geo/pico/pico-sdk/src/rp2_common/pico_stdio_usb/stdio_usb.c.obj
 .bss           0x0000000020000db8       0x1c /usr/lib/gcc/arm-none-eabi/10.3.1/thumb/v6-m/nofp/crtbegin.o
 .bss._app_driver
                0x0000000020000dd4        0x4 CMakeFiles/arithmetic-logic.dir/home/geo/pico/pico-sdk/lib/tinyusb/src/device/usbd.c.obj
 .bss._cdcd_itf